running develop
running egg_info
creating webots_ros2_importer.egg-info
writing webots_ros2_importer.egg-info/PKG-INFO
writing dependency_links to webots_ros2_importer.egg-info/dependency_links.txt
writing entry points to webots_ros2_importer.egg-info/entry_points.txt
writing requirements to webots_ros2_importer.egg-info/requires.txt
writing top-level names to webots_ros2_importer.egg-info/top_level.txt
writing manifest file 'webots_ros2_importer.egg-info/SOURCES.txt'
reading manifest file 'webots_ros2_importer.egg-info/SOURCES.txt'
writing manifest file 'webots_ros2_importer.egg-info/SOURCES.txt'
running build_ext
Creating /home/cjayahansa/ros2N_ws/install/webots_ros2_importer/lib/python3.10/site-packages/webots-ros2-importer.egg-link (link to .)
Installing urdf2proto script to /home/cjayahansa/ros2N_ws/install/webots_ros2_importer/lib/webots_ros2_importer
Installing xacro2proto script to /home/cjayahansa/ros2N_ws/install/webots_ros2_importer/lib/webots_ros2_importer

Installed /home/cjayahansa/ros2N_ws/build/webots_ros2_importer
running symlink_data
creating /home/cjayahansa/ros2N_ws/install/webots_ros2_importer/share/ament_index
creating /home/cjayahansa/ros2N_ws/install/webots_ros2_importer/share/ament_index/resource_index
creating /home/cjayahansa/ros2N_ws/install/webots_ros2_importer/share/ament_index/resource_index/packages
symbolically linking /home/cjayahansa/ros2N_ws/build/webots_ros2_importer/resource/webots_ros2_importer -> /home/cjayahansa/ros2N_ws/install/webots_ros2_importer/share/ament_index/resource_index/packages
symbolically linking /home/cjayahansa/ros2N_ws/build/webots_ros2_importer/package.xml -> /home/cjayahansa/ros2N_ws/install/webots_ros2_importer/share/webots_ros2_importer
