/home/cjayahansa/ros2N2_ws/install/my_robot_controller/lib/python3.10/site-packages/my_robot_controller/turtle_controller.py
/home/cjayahansa/ros2N2_ws/install/my_robot_controller/lib/python3.10/site-packages/my_robot_controller/pose_subscribe.py
/home/cjayahansa/ros2N2_ws/install/my_robot_controller/lib/python3.10/site-packages/my_robot_controller/__init__.py
/home/cjayahansa/ros2N2_ws/install/my_robot_controller/lib/python3.10/site-packages/my_robot_controller/my_robot_controller.py
/home/cjayahansa/ros2N2_ws/install/my_robot_controller/lib/python3.10/site-packages/my_robot_controller/draw_circle.py
/home/cjayahansa/ros2N2_ws/install/my_robot_controller/lib/python3.10/site-packages/my_robot_controller/__pycache__/turtle_controller.cpython-310.pyc
/home/cjayahansa/ros2N2_ws/install/my_robot_controller/lib/python3.10/site-packages/my_robot_controller/__pycache__/pose_subscribe.cpython-310.pyc
/home/cjayahansa/ros2N2_ws/install/my_robot_controller/lib/python3.10/site-packages/my_robot_controller/__pycache__/__init__.cpython-310.pyc
/home/cjayahansa/ros2N2_ws/install/my_robot_controller/lib/python3.10/site-packages/my_robot_controller/__pycache__/my_robot_controller.cpython-310.pyc
/home/cjayahansa/ros2N2_ws/install/my_robot_controller/lib/python3.10/site-packages/my_robot_controller/__pycache__/draw_circle.cpython-310.pyc
/home/cjayahansa/ros2N2_ws/install/my_robot_controller/share/ament_index/resource_index/packages/my_robot_controller
/home/cjayahansa/ros2N2_ws/install/my_robot_controller/share/my_robot_controller/package.xml
/home/cjayahansa/ros2N2_ws/install/my_robot_controller/lib/python3.10/site-packages/my_robot_controller-0.0.0-py3.10.egg-info/zip-safe
/home/cjayahansa/ros2N2_ws/install/my_robot_controller/lib/python3.10/site-packages/my_robot_controller-0.0.0-py3.10.egg-info/PKG-INFO
/home/cjayahansa/ros2N2_ws/install/my_robot_controller/lib/python3.10/site-packages/my_robot_controller-0.0.0-py3.10.egg-info/SOURCES.txt
/home/cjayahansa/ros2N2_ws/install/my_robot_controller/lib/python3.10/site-packages/my_robot_controller-0.0.0-py3.10.egg-info/entry_points.txt
/home/cjayahansa/ros2N2_ws/install/my_robot_controller/lib/python3.10/site-packages/my_robot_controller-0.0.0-py3.10.egg-info/top_level.txt
/home/cjayahansa/ros2N2_ws/install/my_robot_controller/lib/python3.10/site-packages/my_robot_controller-0.0.0-py3.10.egg-info/dependency_links.txt
/home/cjayahansa/ros2N2_ws/install/my_robot_controller/lib/python3.10/site-packages/my_robot_controller-0.0.0-py3.10.egg-info/requires.txt
/home/cjayahansa/ros2N2_ws/install/my_robot_controller/lib/my_robot_controller/draw_circle
/home/cjayahansa/ros2N2_ws/install/my_robot_controller/lib/my_robot_controller/my_robot_controller
/home/cjayahansa/ros2N2_ws/install/my_robot_controller/lib/my_robot_controller/pose_subscribe
/home/cjayahansa/ros2N2_ws/install/my_robot_controller/lib/my_robot_controller/turtle_controller
