[0.012s] Invoking command in '/home/cjayahansa/ros2N_ws/build/webots_ros2_driver': AMENT_PREFIX_PATH=/home/cjayahansa/ros2N_ws/install/webots_ros2_importer:/home/cjayahansa/ros2N_ws/install/webots_ros2:/home/cjayahansa/ros2N_ws/install/webots_ros2_universal_robot:/home/cjayahansa/ros2N_ws/install/webots_ros2_turtlebot:/home/cjayahansa/ros2N_ws/install/webots_ros2_tiago:/home/cjayahansa/ros2N_ws/install/webots_ros2_tests:/home/cjayahansa/ros2N_ws/install/webots_ros2_tesla:/home/cjayahansa/ros2N_ws/install/webots_ros2_mavic:/home/cjayahansa/ros2N_ws/install/webots_ros2_husarion:/home/cjayahansa/ros2N_ws/install/webots_ros2_epuck:/home/cjayahansa/ros2N_ws/install/webots_ros2_crazyflie:/home/cjayahansa/ros2N_ws/install/webots_ros2_control:/home/cjayahansa/ros2N_ws/install/webots_ros2_driver:/home/cjayahansa/ros2N_ws/install/webots_ros2_msgs:/home/cjayahansa/ros2_ws/install/my_first_package:/opt/ros/humble CMAKE_PREFIX_PATH=/home/cjayahansa/ros2N_ws/install/webots_ros2_msgs:/home/cjayahansa/ros2N_ws/install/webots_ros2_control:/home/cjayahansa/ros2N_ws/install/webots_ros2_driver:/home/cjayahansa/ros2N_ws/install/webots_ros2:/home/cjayahansa/ros2N_ws/install/webots_ros2_universal_robot:/home/cjayahansa/ros2N_ws/install/webots_ros2_turtlebot:/home/cjayahansa/ros2N_ws/install/webots_ros2_tiago:/home/cjayahansa/ros2N_ws/install/webots_ros2_tests:/home/cjayahansa/ros2N_ws/install/webots_ros2_tesla:/home/cjayahansa/ros2N_ws/install/webots_ros2_mavic:/home/cjayahansa/ros2N_ws/install/webots_ros2_husarion:/home/cjayahansa/ros2N_ws/install/webots_ros2_epuck:/home/cjayahansa/ros2N_ws/install/webots_ros2_crazyflie:/home/cjayahansa/ros2N_ws/install/webots_ros2_importer:/home/cjayahansa/ros2_ws/install/my_first_package:/opt/ros/humble LD_LIBRARY_PATH=/home/cjayahansa/ros2N_ws/install/webots_ros2_msgs/lib:/home/cjayahansa/ros2N_ws/install/webots_ros2_control/lib:/home/cjayahansa/ros2N_ws/install/webots_ros2_driver/lib:/opt/ros/humble/opt/rviz_ogre_vendor/lib:/opt/ros/humble/lib/x86_64-linux-gnu:/opt/ros/humble/lib PS1=\[\033[01;36m\]\u@\h\[\033[00m\]:\[\033[01;34m\]\w\[\033[00m\]$ PYTHONPATH=/home/cjayahansa/ros2N_ws/build/webots_ros2_importer:/home/cjayahansa/ros2N_ws/install/webots_ros2_importer/lib/python3.10/site-packages:/home/cjayahansa/ros2N_ws/install/webots_ros2/lib/python3.10/site-packages:/home/cjayahansa/ros2N_ws/install/webots_ros2_universal_robot/lib/python3.10/site-packages:/home/cjayahansa/ros2N_ws/install/webots_ros2_turtlebot/lib/python3.10/site-packages:/home/cjayahansa/ros2N_ws/install/webots_ros2_tiago/lib/python3.10/site-packages:/home/cjayahansa/ros2N_ws/install/webots_ros2_tests/lib/python3.10/site-packages:/home/cjayahansa/ros2N_ws/install/webots_ros2_tesla/lib/python3.10/site-packages:/home/cjayahansa/ros2N_ws/install/webots_ros2_mavic/lib/python3.10/site-packages:/home/cjayahansa/ros2N_ws/install/webots_ros2_husarion/lib/python3.10/site-packages:/home/cjayahansa/ros2N_ws/install/webots_ros2_epuck/lib/python3.10/site-packages:/home/cjayahansa/ros2N_ws/install/webots_ros2_crazyflie/lib/python3.10/site-packages:/home/cjayahansa/ros2N_ws/install/webots_ros2_driver/local/lib/python3.10/dist-packages:/home/cjayahansa/ros2N_ws/install/webots_ros2_msgs/local/lib/python3.10/dist-packages:/home/cjayahansa/ros2_ws/install/my_first_package/lib/python3.10/site-packages:/opt/ros/humble/lib/python3.10/site-packages:/opt/ros/humble/local/lib/python3.10/dist-packages /usr/bin/cmake /home/cjayahansa/ros2N_ws/src/webots_ros2/webots_ros2_driver -DAMENT_CMAKE_SYMLINK_INSTALL=1 -DCMAKE_INSTALL_PREFIX=/home/cjayahansa/ros2N_ws/install/webots_ros2_driver
[0.067s] -- The C compiler identification is GNU 11.4.0
[0.124s] -- The CXX compiler identification is GNU 11.4.0
[0.132s] -- Detecting C compiler ABI info
[0.207s] -- Detecting C compiler ABI info - done
[0.214s] -- Check for working C compiler: /usr/bin/cc - skipped
[0.214s] -- Detecting C compile features
[0.214s] -- Detecting C compile features - done
[0.217s] -- Detecting CXX compiler ABI info
[0.300s] -- Detecting CXX compiler ABI info - done
[0.306s] -- Check for working CXX compiler: /usr/bin/c++ - skipped
[0.306s] -- Detecting CXX compile features
[0.307s] -- Detecting CXX compile features - done
[0.309s] -- Found ament_cmake: 1.3.12 (/opt/ros/humble/share/ament_cmake/cmake)
[0.456s] -- Found Python3: /usr/bin/python3 (found version "3.10.12") found components: Interpreter 
[0.515s] -- Override CMake install command with custom implementation using symlinks instead of copying resources
[0.545s] -- Found rosgraph_msgs: 1.2.2 (/opt/ros/humble/share/rosgraph_msgs/cmake)
[0.579s] -- Found rosidl_generator_c: 3.1.7 (/opt/ros/humble/share/rosidl_generator_c/cmake)
[0.584s] -- Found rosidl_adapter: 3.1.7 (/opt/ros/humble/share/rosidl_adapter/cmake)
[0.592s] -- Found rosidl_generator_cpp: 3.1.7 (/opt/ros/humble/share/rosidl_generator_cpp/cmake)
[0.604s] -- Using all available rosidl_typesupport_c: rosidl_typesupport_fastrtps_c;rosidl_typesupport_introspection_c
[0.619s] -- Using all available rosidl_typesupport_cpp: rosidl_typesupport_fastrtps_cpp;rosidl_typesupport_introspection_cpp
[0.644s] -- Found rclcpp: 16.0.15 (/opt/ros/humble/share/rclcpp/cmake)
[0.681s] -- Found rmw_implementation_cmake: 6.1.2 (/opt/ros/humble/share/rmw_implementation_cmake/cmake)
[0.684s] -- Found rmw_fastrtps_cpp: 6.2.9 (/opt/ros/humble/share/rmw_fastrtps_cpp/cmake)
[0.800s] -- Found OpenSSL: /usr/lib/x86_64-linux-gnu/libcrypto.so (found version "3.0.2")  
[0.828s] -- Found FastRTPS: /opt/ros/humble/include  
[0.872s] -- Using RMW implementation 'rmw_fastrtps_cpp' as default
[0.880s] -- Looking for pthread.h
[0.958s] -- Looking for pthread.h - found
[0.958s] -- Performing Test CMAKE_HAVE_LIBC_PTHREAD
[1.040s] -- Performing Test CMAKE_HAVE_LIBC_PTHREAD - Success
[1.041s] -- Found Threads: TRUE  
[1.076s] -- Found pluginlib: 5.1.2 (/opt/ros/humble/share/pluginlib/cmake)
[1.102s] -- Found sensor_msgs: 4.9.0 (/opt/ros/humble/share/sensor_msgs/cmake)
[1.130s] -- Found tf2_geometry_msgs: 0.25.16 (/opt/ros/humble/share/tf2_geometry_msgs/cmake)
[1.145s] -- Found eigen3_cmake_module: 0.1.1 (/opt/ros/humble/share/eigen3_cmake_module/cmake)
[1.146s] -- Found Eigen3: TRUE (found version "3.4.0") 
[1.146s] -- Ensuring Eigen3 include directory is part of orocos-kdl CMake target
[1.233s] -- Found vision_msgs: 4.1.1 (/opt/ros/humble/share/vision_msgs/cmake)
[1.246s] -- Found webots_ros2_msgs: 2025.0.1 (/home/cjayahansa/ros2N_ws/install/webots_ros2_msgs/share/webots_ros2_msgs/cmake)
[1.262s] -- Found TinyXML2 via Config file: TinyXML2_DIR-NOTFOUND
[1.469s] -- Found Python: /usr/include/python3.10 (found suitable exact version "3.10.12") found components: Development Development.Module Development.Embed 
[1.742s] -- Configuring done
[1.769s] -- Generating done
[1.779s] -- Build files have been written to: /home/cjayahansa/ros2N_ws/build/webots_ros2_driver
[1.791s] Invoked command in '/home/cjayahansa/ros2N_ws/build/webots_ros2_driver' returned '0': AMENT_PREFIX_PATH=/home/cjayahansa/ros2N_ws/install/webots_ros2_importer:/home/cjayahansa/ros2N_ws/install/webots_ros2:/home/cjayahansa/ros2N_ws/install/webots_ros2_universal_robot:/home/cjayahansa/ros2N_ws/install/webots_ros2_turtlebot:/home/cjayahansa/ros2N_ws/install/webots_ros2_tiago:/home/cjayahansa/ros2N_ws/install/webots_ros2_tests:/home/cjayahansa/ros2N_ws/install/webots_ros2_tesla:/home/cjayahansa/ros2N_ws/install/webots_ros2_mavic:/home/cjayahansa/ros2N_ws/install/webots_ros2_husarion:/home/cjayahansa/ros2N_ws/install/webots_ros2_epuck:/home/cjayahansa/ros2N_ws/install/webots_ros2_crazyflie:/home/cjayahansa/ros2N_ws/install/webots_ros2_control:/home/cjayahansa/ros2N_ws/install/webots_ros2_driver:/home/cjayahansa/ros2N_ws/install/webots_ros2_msgs:/home/cjayahansa/ros2_ws/install/my_first_package:/opt/ros/humble CMAKE_PREFIX_PATH=/home/cjayahansa/ros2N_ws/install/webots_ros2_msgs:/home/cjayahansa/ros2N_ws/install/webots_ros2_control:/home/cjayahansa/ros2N_ws/install/webots_ros2_driver:/home/cjayahansa/ros2N_ws/install/webots_ros2:/home/cjayahansa/ros2N_ws/install/webots_ros2_universal_robot:/home/cjayahansa/ros2N_ws/install/webots_ros2_turtlebot:/home/cjayahansa/ros2N_ws/install/webots_ros2_tiago:/home/cjayahansa/ros2N_ws/install/webots_ros2_tests:/home/cjayahansa/ros2N_ws/install/webots_ros2_tesla:/home/cjayahansa/ros2N_ws/install/webots_ros2_mavic:/home/cjayahansa/ros2N_ws/install/webots_ros2_husarion:/home/cjayahansa/ros2N_ws/install/webots_ros2_epuck:/home/cjayahansa/ros2N_ws/install/webots_ros2_crazyflie:/home/cjayahansa/ros2N_ws/install/webots_ros2_importer:/home/cjayahansa/ros2_ws/install/my_first_package:/opt/ros/humble LD_LIBRARY_PATH=/home/cjayahansa/ros2N_ws/install/webots_ros2_msgs/lib:/home/cjayahansa/ros2N_ws/install/webots_ros2_control/lib:/home/cjayahansa/ros2N_ws/install/webots_ros2_driver/lib:/opt/ros/humble/opt/rviz_ogre_vendor/lib:/opt/ros/humble/lib/x86_64-linux-gnu:/opt/ros/humble/lib PS1=\[\033[01;36m\]\u@\h\[\033[00m\]:\[\033[01;34m\]\w\[\033[00m\]$ PYTHONPATH=/home/cjayahansa/ros2N_ws/build/webots_ros2_importer:/home/cjayahansa/ros2N_ws/install/webots_ros2_importer/lib/python3.10/site-packages:/home/cjayahansa/ros2N_ws/install/webots_ros2/lib/python3.10/site-packages:/home/cjayahansa/ros2N_ws/install/webots_ros2_universal_robot/lib/python3.10/site-packages:/home/cjayahansa/ros2N_ws/install/webots_ros2_turtlebot/lib/python3.10/site-packages:/home/cjayahansa/ros2N_ws/install/webots_ros2_tiago/lib/python3.10/site-packages:/home/cjayahansa/ros2N_ws/install/webots_ros2_tests/lib/python3.10/site-packages:/home/cjayahansa/ros2N_ws/install/webots_ros2_tesla/lib/python3.10/site-packages:/home/cjayahansa/ros2N_ws/install/webots_ros2_mavic/lib/python3.10/site-packages:/home/cjayahansa/ros2N_ws/install/webots_ros2_husarion/lib/python3.10/site-packages:/home/cjayahansa/ros2N_ws/install/webots_ros2_epuck/lib/python3.10/site-packages:/home/cjayahansa/ros2N_ws/install/webots_ros2_crazyflie/lib/python3.10/site-packages:/home/cjayahansa/ros2N_ws/install/webots_ros2_driver/local/lib/python3.10/dist-packages:/home/cjayahansa/ros2N_ws/install/webots_ros2_msgs/local/lib/python3.10/dist-packages:/home/cjayahansa/ros2_ws/install/my_first_package/lib/python3.10/site-packages:/opt/ros/humble/lib/python3.10/site-packages:/opt/ros/humble/local/lib/python3.10/dist-packages /usr/bin/cmake /home/cjayahansa/ros2N_ws/src/webots_ros2/webots_ros2_driver -DAMENT_CMAKE_SYMLINK_INSTALL=1 -DCMAKE_INSTALL_PREFIX=/home/cjayahansa/ros2N_ws/install/webots_ros2_driver
[1.793s] Invoking command in '/home/cjayahansa/ros2N_ws/build/webots_ros2_driver': AMENT_PREFIX_PATH=/home/cjayahansa/ros2N_ws/install/webots_ros2_importer:/home/cjayahansa/ros2N_ws/install/webots_ros2:/home/cjayahansa/ros2N_ws/install/webots_ros2_universal_robot:/home/cjayahansa/ros2N_ws/install/webots_ros2_turtlebot:/home/cjayahansa/ros2N_ws/install/webots_ros2_tiago:/home/cjayahansa/ros2N_ws/install/webots_ros2_tests:/home/cjayahansa/ros2N_ws/install/webots_ros2_tesla:/home/cjayahansa/ros2N_ws/install/webots_ros2_mavic:/home/cjayahansa/ros2N_ws/install/webots_ros2_husarion:/home/cjayahansa/ros2N_ws/install/webots_ros2_epuck:/home/cjayahansa/ros2N_ws/install/webots_ros2_crazyflie:/home/cjayahansa/ros2N_ws/install/webots_ros2_control:/home/cjayahansa/ros2N_ws/install/webots_ros2_driver:/home/cjayahansa/ros2N_ws/install/webots_ros2_msgs:/home/cjayahansa/ros2_ws/install/my_first_package:/opt/ros/humble CMAKE_PREFIX_PATH=/home/cjayahansa/ros2N_ws/install/webots_ros2_msgs:/home/cjayahansa/ros2N_ws/install/webots_ros2_control:/home/cjayahansa/ros2N_ws/install/webots_ros2_driver:/home/cjayahansa/ros2N_ws/install/webots_ros2:/home/cjayahansa/ros2N_ws/install/webots_ros2_universal_robot:/home/cjayahansa/ros2N_ws/install/webots_ros2_turtlebot:/home/cjayahansa/ros2N_ws/install/webots_ros2_tiago:/home/cjayahansa/ros2N_ws/install/webots_ros2_tests:/home/cjayahansa/ros2N_ws/install/webots_ros2_tesla:/home/cjayahansa/ros2N_ws/install/webots_ros2_mavic:/home/cjayahansa/ros2N_ws/install/webots_ros2_husarion:/home/cjayahansa/ros2N_ws/install/webots_ros2_epuck:/home/cjayahansa/ros2N_ws/install/webots_ros2_crazyflie:/home/cjayahansa/ros2N_ws/install/webots_ros2_importer:/home/cjayahansa/ros2_ws/install/my_first_package:/opt/ros/humble LD_LIBRARY_PATH=/home/cjayahansa/ros2N_ws/install/webots_ros2_msgs/lib:/home/cjayahansa/ros2N_ws/install/webots_ros2_control/lib:/home/cjayahansa/ros2N_ws/install/webots_ros2_driver/lib:/opt/ros/humble/opt/rviz_ogre_vendor/lib:/opt/ros/humble/lib/x86_64-linux-gnu:/opt/ros/humble/lib PS1=\[\033[01;36m\]\u@\h\[\033[00m\]:\[\033[01;34m\]\w\[\033[00m\]$ PYTHONPATH=/home/cjayahansa/ros2N_ws/build/webots_ros2_importer:/home/cjayahansa/ros2N_ws/install/webots_ros2_importer/lib/python3.10/site-packages:/home/cjayahansa/ros2N_ws/install/webots_ros2/lib/python3.10/site-packages:/home/cjayahansa/ros2N_ws/install/webots_ros2_universal_robot/lib/python3.10/site-packages:/home/cjayahansa/ros2N_ws/install/webots_ros2_turtlebot/lib/python3.10/site-packages:/home/cjayahansa/ros2N_ws/install/webots_ros2_tiago/lib/python3.10/site-packages:/home/cjayahansa/ros2N_ws/install/webots_ros2_tests/lib/python3.10/site-packages:/home/cjayahansa/ros2N_ws/install/webots_ros2_tesla/lib/python3.10/site-packages:/home/cjayahansa/ros2N_ws/install/webots_ros2_mavic/lib/python3.10/site-packages:/home/cjayahansa/ros2N_ws/install/webots_ros2_husarion/lib/python3.10/site-packages:/home/cjayahansa/ros2N_ws/install/webots_ros2_epuck/lib/python3.10/site-packages:/home/cjayahansa/ros2N_ws/install/webots_ros2_crazyflie/lib/python3.10/site-packages:/home/cjayahansa/ros2N_ws/install/webots_ros2_driver/local/lib/python3.10/dist-packages:/home/cjayahansa/ros2N_ws/install/webots_ros2_msgs/local/lib/python3.10/dist-packages:/home/cjayahansa/ros2_ws/install/my_first_package/lib/python3.10/site-packages:/opt/ros/humble/lib/python3.10/site-packages:/opt/ros/humble/local/lib/python3.10/dist-packages /usr/bin/cmake --build /home/cjayahansa/ros2N_ws/build/webots_ros2_driver -- -j12 -l12
[1.853s] [  0%] Built target ament_cmake_python_symlink_vehicle
[1.853s] [  0%] Built target ament_cmake_python_symlink_webots_ros2_driver
[1.854s] [  0%] Built target ament_cmake_python_symlink_controller
[2.114s] running egg_info
[2.115s] creating controller.egg-info
[2.115s] writing controller.egg-info/PKG-INFO
[2.115s] writing dependency_links to controller.egg-info/dependency_links.txt
[2.115s] writing top-level names to controller.egg-info/top_level.txt
[2.116s] writing manifest file 'controller.egg-info/SOURCES.txt'
[2.116s] running egg_info
[2.117s] creating webots_ros2_driver.egg-info
[2.117s] writing webots_ros2_driver.egg-info/PKG-INFO
[2.117s] writing dependency_links to webots_ros2_driver.egg-info/dependency_links.txt
[2.117s] writing top-level names to webots_ros2_driver.egg-info/top_level.txt
[2.117s] writing manifest file 'webots_ros2_driver.egg-info/SOURCES.txt'
[2.118s] running egg_info
[2.119s] reading manifest file 'controller.egg-info/SOURCES.txt'
[2.119s] creating vehicle.egg-info
[2.119s] writing vehicle.egg-info/PKG-INFO
[2.119s] writing manifest file 'controller.egg-info/SOURCES.txt'
[2.120s] writing dependency_links to vehicle.egg-info/dependency_links.txt
[2.120s] writing top-level names to vehicle.egg-info/top_level.txt
[2.120s] reading manifest file 'webots_ros2_driver.egg-info/SOURCES.txt'
[2.120s] writing manifest file 'vehicle.egg-info/SOURCES.txt'
[2.121s] writing manifest file 'webots_ros2_driver.egg-info/SOURCES.txt'
[2.123s] reading manifest file 'vehicle.egg-info/SOURCES.txt'
[2.124s] writing manifest file 'vehicle.egg-info/SOURCES.txt'
[2.168s] [  0%] Built target ament_cmake_python_build_controller_egg
[2.169s] [  0%] Built target ament_cmake_python_build_webots_ros2_driver_egg
[2.170s] [  0%] Built target ament_cmake_python_build_vehicle_egg
[2.366s] [  0%] Built target compile-lib-controller
[2.443s] [  0%] Built target compile-generic-window
[2.951s] [  0%] Built target compile-lib-vehicle
[2.977s] [ 18%] [32mBuilding CXX object CMakeFiles/webots_ros2_driver_rgbd.dir/src/plugins/dynamic/Ros2RGBD.cpp.o[0m
[2.977s] [ 18%] [32mBuilding CXX object CMakeFiles/webots_ros2_driver_imu.dir/src/plugins/Ros2SensorPlugin.cpp.o[0m
[2.977s] [ 18%] [32mBuilding CXX object CMakeFiles/webots_ros2_driver_imu.dir/src/plugins/dynamic/Ros2IMU.cpp.o[0m
[2.977s] [ 33%] [32mBuilding CXX object CMakeFiles/driver.dir/src/WebotsNode.cpp.o[0m
[2.977s] [ 37%] [32mBuilding CXX object CMakeFiles/webots_ros2_driver_imu.dir/src/utils/Utils.cpp.o[0m
[2.979s] [ 18%] [32mBuilding CXX object CMakeFiles/webots_ros2_driver_rgbd.dir/src/plugins/Ros2SensorPlugin.cpp.o[0m
[2.979s] [ 44%] [32mBuilding CXX object CMakeFiles/driver.dir/src/Driver.cpp.o[0m
[2.979s] [ 44%] [32mBuilding CXX object CMakeFiles/driver.dir/src/plugins/Ros2SensorPlugin.cpp.o[0m
[2.979s] [ 44%] [32mBuilding CXX object CMakeFiles/driver.dir/src/plugins/static/Ros2LED.cpp.o[0m
[2.979s] [ 44%] [32mBuilding CXX object CMakeFiles/webots_ros2_driver_rgbd.dir/src/utils/Utils.cpp.o[0m
[2.979s] [ 44%] [32mBuilding CXX object CMakeFiles/driver.dir/src/PythonPlugin.cpp.o[0m
[2.979s] [ 44%] [32mBuilding CXX object CMakeFiles/driver.dir/src/plugins/static/Ros2Lidar.cpp.o[0m
[3.520s] [ 51%] [32mBuilding CXX object CMakeFiles/driver.dir/src/plugins/static/Ros2Camera.cpp.o[0m
[3.520s] [ 51%] [32mBuilding CXX object CMakeFiles/driver.dir/src/plugins/static/Ros2Pen.cpp.o[0m
[11.588s] [ 55%] [32mBuilding CXX object CMakeFiles/driver.dir/src/plugins/static/Ros2GPS.cpp.o[0m
[11.881s] [ 59%] [32mBuilding CXX object CMakeFiles/driver.dir/src/plugins/static/Ros2RangeFinder.cpp.o[0m
[12.363s] [ 62%] [32mBuilding CXX object CMakeFiles/driver.dir/src/plugins/static/Ros2DistanceSensor.cpp.o[0m
[12.573s] [ 66%] [32mBuilding CXX object CMakeFiles/driver.dir/src/plugins/static/Ros2LightSensor.cpp.o[0m
[12.728s] [ 70%] [32mBuilding CXX object CMakeFiles/driver.dir/src/plugins/static/Ros2Emitter.cpp.o[0m
[15.461s] [ 74%] [32m[1mLinking CXX shared library libwebots_ros2_driver_imu.so[0m
[15.600s] [ 77%] [32m[1mLinking CXX shared library libwebots_ros2_driver_rgbd.so[0m
[16.377s] [ 77%] Built target webots_ros2_driver_imu
[16.414s] [ 81%] [32mBuilding CXX object CMakeFiles/driver.dir/src/plugins/static/Ros2Receiver.cpp.o[0m
[16.426s] [ 81%] Built target webots_ros2_driver_rgbd
[16.446s] [ 85%] [32mBuilding CXX object CMakeFiles/driver.dir/src/plugins/static/Ros2Compass.cpp.o[0m
[17.930s] [ 88%] [32mBuilding CXX object CMakeFiles/driver.dir/src/plugins/static/Ros2VacuumGripper.cpp.o[0m
[20.474s] [ 92%] [32mBuilding CXX object CMakeFiles/driver.dir/src/utils/Math.cpp.o[0m
[23.241s] [ 96%] [32mBuilding CXX object CMakeFiles/driver.dir/src/utils/Utils.cpp.o[0m
[30.973s] [100%] [32m[1mLinking CXX executable driver[0m
[33.575s] [100%] Built target driver
[33.605s] Invoked command in '/home/cjayahansa/ros2N_ws/build/webots_ros2_driver' returned '0': AMENT_PREFIX_PATH=/home/cjayahansa/ros2N_ws/install/webots_ros2_importer:/home/cjayahansa/ros2N_ws/install/webots_ros2:/home/cjayahansa/ros2N_ws/install/webots_ros2_universal_robot:/home/cjayahansa/ros2N_ws/install/webots_ros2_turtlebot:/home/cjayahansa/ros2N_ws/install/webots_ros2_tiago:/home/cjayahansa/ros2N_ws/install/webots_ros2_tests:/home/cjayahansa/ros2N_ws/install/webots_ros2_tesla:/home/cjayahansa/ros2N_ws/install/webots_ros2_mavic:/home/cjayahansa/ros2N_ws/install/webots_ros2_husarion:/home/cjayahansa/ros2N_ws/install/webots_ros2_epuck:/home/cjayahansa/ros2N_ws/install/webots_ros2_crazyflie:/home/cjayahansa/ros2N_ws/install/webots_ros2_control:/home/cjayahansa/ros2N_ws/install/webots_ros2_driver:/home/cjayahansa/ros2N_ws/install/webots_ros2_msgs:/home/cjayahansa/ros2_ws/install/my_first_package:/opt/ros/humble CMAKE_PREFIX_PATH=/home/cjayahansa/ros2N_ws/install/webots_ros2_msgs:/home/cjayahansa/ros2N_ws/install/webots_ros2_control:/home/cjayahansa/ros2N_ws/install/webots_ros2_driver:/home/cjayahansa/ros2N_ws/install/webots_ros2:/home/cjayahansa/ros2N_ws/install/webots_ros2_universal_robot:/home/cjayahansa/ros2N_ws/install/webots_ros2_turtlebot:/home/cjayahansa/ros2N_ws/install/webots_ros2_tiago:/home/cjayahansa/ros2N_ws/install/webots_ros2_tests:/home/cjayahansa/ros2N_ws/install/webots_ros2_tesla:/home/cjayahansa/ros2N_ws/install/webots_ros2_mavic:/home/cjayahansa/ros2N_ws/install/webots_ros2_husarion:/home/cjayahansa/ros2N_ws/install/webots_ros2_epuck:/home/cjayahansa/ros2N_ws/install/webots_ros2_crazyflie:/home/cjayahansa/ros2N_ws/install/webots_ros2_importer:/home/cjayahansa/ros2_ws/install/my_first_package:/opt/ros/humble LD_LIBRARY_PATH=/home/cjayahansa/ros2N_ws/install/webots_ros2_msgs/lib:/home/cjayahansa/ros2N_ws/install/webots_ros2_control/lib:/home/cjayahansa/ros2N_ws/install/webots_ros2_driver/lib:/opt/ros/humble/opt/rviz_ogre_vendor/lib:/opt/ros/humble/lib/x86_64-linux-gnu:/opt/ros/humble/lib PS1=\[\033[01;36m\]\u@\h\[\033[00m\]:\[\033[01;34m\]\w\[\033[00m\]$ PYTHONPATH=/home/cjayahansa/ros2N_ws/build/webots_ros2_importer:/home/cjayahansa/ros2N_ws/install/webots_ros2_importer/lib/python3.10/site-packages:/home/cjayahansa/ros2N_ws/install/webots_ros2/lib/python3.10/site-packages:/home/cjayahansa/ros2N_ws/install/webots_ros2_universal_robot/lib/python3.10/site-packages:/home/cjayahansa/ros2N_ws/install/webots_ros2_turtlebot/lib/python3.10/site-packages:/home/cjayahansa/ros2N_ws/install/webots_ros2_tiago/lib/python3.10/site-packages:/home/cjayahansa/ros2N_ws/install/webots_ros2_tests/lib/python3.10/site-packages:/home/cjayahansa/ros2N_ws/install/webots_ros2_tesla/lib/python3.10/site-packages:/home/cjayahansa/ros2N_ws/install/webots_ros2_mavic/lib/python3.10/site-packages:/home/cjayahansa/ros2N_ws/install/webots_ros2_husarion/lib/python3.10/site-packages:/home/cjayahansa/ros2N_ws/install/webots_ros2_epuck/lib/python3.10/site-packages:/home/cjayahansa/ros2N_ws/install/webots_ros2_crazyflie/lib/python3.10/site-packages:/home/cjayahansa/ros2N_ws/install/webots_ros2_driver/local/lib/python3.10/dist-packages:/home/cjayahansa/ros2N_ws/install/webots_ros2_msgs/local/lib/python3.10/dist-packages:/home/cjayahansa/ros2_ws/install/my_first_package/lib/python3.10/site-packages:/opt/ros/humble/lib/python3.10/site-packages:/opt/ros/humble/local/lib/python3.10/dist-packages /usr/bin/cmake --build /home/cjayahansa/ros2N_ws/build/webots_ros2_driver -- -j12 -l12
[33.611s] Invoking command in '/home/cjayahansa/ros2N_ws/build/webots_ros2_driver': AMENT_PREFIX_PATH=/home/cjayahansa/ros2N_ws/install/webots_ros2_importer:/home/cjayahansa/ros2N_ws/install/webots_ros2:/home/cjayahansa/ros2N_ws/install/webots_ros2_universal_robot:/home/cjayahansa/ros2N_ws/install/webots_ros2_turtlebot:/home/cjayahansa/ros2N_ws/install/webots_ros2_tiago:/home/cjayahansa/ros2N_ws/install/webots_ros2_tests:/home/cjayahansa/ros2N_ws/install/webots_ros2_tesla:/home/cjayahansa/ros2N_ws/install/webots_ros2_mavic:/home/cjayahansa/ros2N_ws/install/webots_ros2_husarion:/home/cjayahansa/ros2N_ws/install/webots_ros2_epuck:/home/cjayahansa/ros2N_ws/install/webots_ros2_crazyflie:/home/cjayahansa/ros2N_ws/install/webots_ros2_control:/home/cjayahansa/ros2N_ws/install/webots_ros2_driver:/home/cjayahansa/ros2N_ws/install/webots_ros2_msgs:/home/cjayahansa/ros2_ws/install/my_first_package:/opt/ros/humble CMAKE_PREFIX_PATH=/home/cjayahansa/ros2N_ws/install/webots_ros2_msgs:/home/cjayahansa/ros2N_ws/install/webots_ros2_control:/home/cjayahansa/ros2N_ws/install/webots_ros2_driver:/home/cjayahansa/ros2N_ws/install/webots_ros2:/home/cjayahansa/ros2N_ws/install/webots_ros2_universal_robot:/home/cjayahansa/ros2N_ws/install/webots_ros2_turtlebot:/home/cjayahansa/ros2N_ws/install/webots_ros2_tiago:/home/cjayahansa/ros2N_ws/install/webots_ros2_tests:/home/cjayahansa/ros2N_ws/install/webots_ros2_tesla:/home/cjayahansa/ros2N_ws/install/webots_ros2_mavic:/home/cjayahansa/ros2N_ws/install/webots_ros2_husarion:/home/cjayahansa/ros2N_ws/install/webots_ros2_epuck:/home/cjayahansa/ros2N_ws/install/webots_ros2_crazyflie:/home/cjayahansa/ros2N_ws/install/webots_ros2_importer:/home/cjayahansa/ros2_ws/install/my_first_package:/opt/ros/humble LD_LIBRARY_PATH=/home/cjayahansa/ros2N_ws/install/webots_ros2_msgs/lib:/home/cjayahansa/ros2N_ws/install/webots_ros2_control/lib:/home/cjayahansa/ros2N_ws/install/webots_ros2_driver/lib:/opt/ros/humble/opt/rviz_ogre_vendor/lib:/opt/ros/humble/lib/x86_64-linux-gnu:/opt/ros/humble/lib PS1=\[\033[01;36m\]\u@\h\[\033[00m\]:\[\033[01;34m\]\w\[\033[00m\]$ PYTHONPATH=/home/cjayahansa/ros2N_ws/build/webots_ros2_importer:/home/cjayahansa/ros2N_ws/install/webots_ros2_importer/lib/python3.10/site-packages:/home/cjayahansa/ros2N_ws/install/webots_ros2/lib/python3.10/site-packages:/home/cjayahansa/ros2N_ws/install/webots_ros2_universal_robot/lib/python3.10/site-packages:/home/cjayahansa/ros2N_ws/install/webots_ros2_turtlebot/lib/python3.10/site-packages:/home/cjayahansa/ros2N_ws/install/webots_ros2_tiago/lib/python3.10/site-packages:/home/cjayahansa/ros2N_ws/install/webots_ros2_tests/lib/python3.10/site-packages:/home/cjayahansa/ros2N_ws/install/webots_ros2_tesla/lib/python3.10/site-packages:/home/cjayahansa/ros2N_ws/install/webots_ros2_mavic/lib/python3.10/site-packages:/home/cjayahansa/ros2N_ws/install/webots_ros2_husarion/lib/python3.10/site-packages:/home/cjayahansa/ros2N_ws/install/webots_ros2_epuck/lib/python3.10/site-packages:/home/cjayahansa/ros2N_ws/install/webots_ros2_crazyflie/lib/python3.10/site-packages:/home/cjayahansa/ros2N_ws/install/webots_ros2_driver/local/lib/python3.10/dist-packages:/home/cjayahansa/ros2N_ws/install/webots_ros2_msgs/local/lib/python3.10/dist-packages:/home/cjayahansa/ros2_ws/install/my_first_package/lib/python3.10/site-packages:/opt/ros/humble/lib/python3.10/site-packages:/opt/ros/humble/local/lib/python3.10/dist-packages /usr/bin/cmake --install /home/cjayahansa/ros2N_ws/build/webots_ros2_driver
[33.623s] -- Install configuration: ""
[33.624s] -- Execute custom install script
[33.625s] -- Symlinking: /home/cjayahansa/ros2N_ws/install/webots_ros2_driver/share/webots_ros2_driver/environment/pythonpath.sh
[33.634s] -- Symlinking: /home/cjayahansa/ros2N_ws/install/webots_ros2_driver/share/webots_ros2_driver/environment/pythonpath.dsv
[33.643s] -- Symlinking: /home/cjayahansa/ros2N_ws/install/webots_ros2_driver/local/lib/python3.10/dist-packages/controller-2025.0.1-py3.10.egg-info/PKG-INFO
[33.653s] -- Symlinking: /home/cjayahansa/ros2N_ws/install/webots_ros2_driver/local/lib/python3.10/dist-packages/controller-2025.0.1-py3.10.egg-info/SOURCES.txt
[33.662s] -- Symlinking: /home/cjayahansa/ros2N_ws/install/webots_ros2_driver/local/lib/python3.10/dist-packages/controller-2025.0.1-py3.10.egg-info/dependency_links.txt
[33.671s] -- Symlinking: /home/cjayahansa/ros2N_ws/install/webots_ros2_driver/local/lib/python3.10/dist-packages/controller-2025.0.1-py3.10.egg-info/top_level.txt
[33.682s] -- Symlinking: /home/cjayahansa/ros2N_ws/install/webots_ros2_driver/local/lib/python3.10/dist-packages/controller/__init__.py
[33.691s] -- Symlinking: /home/cjayahansa/ros2N_ws/install/webots_ros2_driver/local/lib/python3.10/dist-packages/controller/accelerometer.py
[33.700s] -- Symlinking: /home/cjayahansa/ros2N_ws/install/webots_ros2_driver/local/lib/python3.10/dist-packages/controller/altimeter.py
[33.709s] -- Symlinking: /home/cjayahansa/ros2N_ws/install/webots_ros2_driver/local/lib/python3.10/dist-packages/controller/ansi_codes.py
[33.719s] -- Symlinking: /home/cjayahansa/ros2N_ws/install/webots_ros2_driver/local/lib/python3.10/dist-packages/controller/brake.py
[33.728s] -- Symlinking: /home/cjayahansa/ros2N_ws/install/webots_ros2_driver/local/lib/python3.10/dist-packages/controller/camera.py
[33.737s] -- Symlinking: /home/cjayahansa/ros2N_ws/install/webots_ros2_driver/local/lib/python3.10/dist-packages/controller/compass.py
[33.747s] -- Symlinking: /home/cjayahansa/ros2N_ws/install/webots_ros2_driver/local/lib/python3.10/dist-packages/controller/connector.py
[33.756s] -- Symlinking: /home/cjayahansa/ros2N_ws/install/webots_ros2_driver/local/lib/python3.10/dist-packages/controller/constants.py
[33.765s] -- Symlinking: /home/cjayahansa/ros2N_ws/install/webots_ros2_driver/local/lib/python3.10/dist-packages/controller/device.py
[33.774s] -- Symlinking: /home/cjayahansa/ros2N_ws/install/webots_ros2_driver/local/lib/python3.10/dist-packages/controller/display.py
[33.784s] -- Symlinking: /home/cjayahansa/ros2N_ws/install/webots_ros2_driver/local/lib/python3.10/dist-packages/controller/distance_sensor.py
[33.793s] -- Symlinking: /home/cjayahansa/ros2N_ws/install/webots_ros2_driver/local/lib/python3.10/dist-packages/controller/emitter.py
[33.802s] -- Symlinking: /home/cjayahansa/ros2N_ws/install/webots_ros2_driver/local/lib/python3.10/dist-packages/controller/field.py
[33.811s] -- Symlinking: /home/cjayahansa/ros2N_ws/install/webots_ros2_driver/local/lib/python3.10/dist-packages/controller/gps.py
[33.821s] -- Symlinking: /home/cjayahansa/ros2N_ws/install/webots_ros2_driver/local/lib/python3.10/dist-packages/controller/gyro.py
[33.830s] -- Symlinking: /home/cjayahansa/ros2N_ws/install/webots_ros2_driver/local/lib/python3.10/dist-packages/controller/inertial_unit.py
[33.839s] -- Symlinking: /home/cjayahansa/ros2N_ws/install/webots_ros2_driver/local/lib/python3.10/dist-packages/controller/joystick.py
[33.848s] -- Symlinking: /home/cjayahansa/ros2N_ws/install/webots_ros2_driver/local/lib/python3.10/dist-packages/controller/keyboard.py
[33.858s] -- Symlinking: /home/cjayahansa/ros2N_ws/install/webots_ros2_driver/local/lib/python3.10/dist-packages/controller/led.py
[33.867s] -- Symlinking: /home/cjayahansa/ros2N_ws/install/webots_ros2_driver/local/lib/python3.10/dist-packages/controller/lidar.py
[33.876s] -- Symlinking: /home/cjayahansa/ros2N_ws/install/webots_ros2_driver/local/lib/python3.10/dist-packages/controller/lidar_point.py
[33.885s] -- Symlinking: /home/cjayahansa/ros2N_ws/install/webots_ros2_driver/local/lib/python3.10/dist-packages/controller/light_sensor.py
[33.895s] -- Symlinking: /home/cjayahansa/ros2N_ws/install/webots_ros2_driver/local/lib/python3.10/dist-packages/controller/motion.py
[33.904s] -- Symlinking: /home/cjayahansa/ros2N_ws/install/webots_ros2_driver/local/lib/python3.10/dist-packages/controller/motor.py
[33.913s] -- Symlinking: /home/cjayahansa/ros2N_ws/install/webots_ros2_driver/local/lib/python3.10/dist-packages/controller/mouse.py
[33.922s] -- Symlinking: /home/cjayahansa/ros2N_ws/install/webots_ros2_driver/local/lib/python3.10/dist-packages/controller/node.py
[33.932s] -- Symlinking: /home/cjayahansa/ros2N_ws/install/webots_ros2_driver/local/lib/python3.10/dist-packages/controller/pen.py
[33.941s] -- Symlinking: /home/cjayahansa/ros2N_ws/install/webots_ros2_driver/local/lib/python3.10/dist-packages/controller/position_sensor.py
[33.951s] -- Symlinking: /home/cjayahansa/ros2N_ws/install/webots_ros2_driver/local/lib/python3.10/dist-packages/controller/proto.py
[33.960s] -- Symlinking: /home/cjayahansa/ros2N_ws/install/webots_ros2_driver/local/lib/python3.10/dist-packages/controller/radar.py
[33.970s] -- Symlinking: /home/cjayahansa/ros2N_ws/install/webots_ros2_driver/local/lib/python3.10/dist-packages/controller/radar_target.py
[33.979s] -- Symlinking: /home/cjayahansa/ros2N_ws/install/webots_ros2_driver/local/lib/python3.10/dist-packages/controller/range_finder.py
[33.988s] -- Symlinking: /home/cjayahansa/ros2N_ws/install/webots_ros2_driver/local/lib/python3.10/dist-packages/controller/receiver.py
[33.998s] -- Symlinking: /home/cjayahansa/ros2N_ws/install/webots_ros2_driver/local/lib/python3.10/dist-packages/controller/robot.py
[34.007s] -- Symlinking: /home/cjayahansa/ros2N_ws/install/webots_ros2_driver/local/lib/python3.10/dist-packages/controller/sensor.py
[34.017s] -- Symlinking: /home/cjayahansa/ros2N_ws/install/webots_ros2_driver/local/lib/python3.10/dist-packages/controller/skin.py
[34.027s] -- Symlinking: /home/cjayahansa/ros2N_ws/install/webots_ros2_driver/local/lib/python3.10/dist-packages/controller/speaker.py
[34.036s] -- Symlinking: /home/cjayahansa/ros2N_ws/install/webots_ros2_driver/local/lib/python3.10/dist-packages/controller/supervisor.py
[34.046s] -- Symlinking: /home/cjayahansa/ros2N_ws/install/webots_ros2_driver/local/lib/python3.10/dist-packages/controller/touch_sensor.py
[34.055s] -- Symlinking: /home/cjayahansa/ros2N_ws/install/webots_ros2_driver/local/lib/python3.10/dist-packages/controller/vacuum_gripper.py
[34.065s] -- Symlinking: /home/cjayahansa/ros2N_ws/install/webots_ros2_driver/local/lib/python3.10/dist-packages/controller/wb.py
[34.074s] -- Symlinking: /home/cjayahansa/ros2N_ws/install/webots_ros2_driver/local/lib/python3.10/dist-packages/vehicle-2025.0.1-py3.10.egg-info/PKG-INFO
[34.084s] -- Symlinking: /home/cjayahansa/ros2N_ws/install/webots_ros2_driver/local/lib/python3.10/dist-packages/vehicle-2025.0.1-py3.10.egg-info/SOURCES.txt
[34.093s] -- Symlinking: /home/cjayahansa/ros2N_ws/install/webots_ros2_driver/local/lib/python3.10/dist-packages/vehicle-2025.0.1-py3.10.egg-info/dependency_links.txt
[34.103s] -- Symlinking: /home/cjayahansa/ros2N_ws/install/webots_ros2_driver/local/lib/python3.10/dist-packages/vehicle-2025.0.1-py3.10.egg-info/top_level.txt
[34.113s] -- Symlinking: /home/cjayahansa/ros2N_ws/install/webots_ros2_driver/local/lib/python3.10/dist-packages/vehicle/__init__.py
[34.122s] -- Symlinking: /home/cjayahansa/ros2N_ws/install/webots_ros2_driver/local/lib/python3.10/dist-packages/vehicle/car.py
[34.131s] -- Symlinking: /home/cjayahansa/ros2N_ws/install/webots_ros2_driver/local/lib/python3.10/dist-packages/vehicle/driver.py
[34.141s] -- Symlinking: /home/cjayahansa/ros2N_ws/install/webots_ros2_driver/local/lib/python3.10/dist-packages/webots_ros2_driver-2025.0.1-py3.10.egg-info/PKG-INFO
[34.151s] -- Symlinking: /home/cjayahansa/ros2N_ws/install/webots_ros2_driver/local/lib/python3.10/dist-packages/webots_ros2_driver-2025.0.1-py3.10.egg-info/SOURCES.txt
[34.163s] -- Symlinking: /home/cjayahansa/ros2N_ws/install/webots_ros2_driver/local/lib/python3.10/dist-packages/webots_ros2_driver-2025.0.1-py3.10.egg-info/dependency_links.txt
[34.172s] -- Symlinking: /home/cjayahansa/ros2N_ws/install/webots_ros2_driver/local/lib/python3.10/dist-packages/webots_ros2_driver-2025.0.1-py3.10.egg-info/top_level.txt
[34.183s] -- Symlinking: /home/cjayahansa/ros2N_ws/install/webots_ros2_driver/local/lib/python3.10/dist-packages/webots_ros2_driver/__init__.py
[34.191s] -- Symlinking: /home/cjayahansa/ros2N_ws/install/webots_ros2_driver/local/lib/python3.10/dist-packages/webots_ros2_driver/ros2_supervisor.py
[34.201s] -- Symlinking: /home/cjayahansa/ros2N_ws/install/webots_ros2_driver/local/lib/python3.10/dist-packages/webots_ros2_driver/urdf_spawner.py
[34.210s] -- Symlinking: /home/cjayahansa/ros2N_ws/install/webots_ros2_driver/local/lib/python3.10/dist-packages/webots_ros2_driver/utils.py
[34.220s] -- Symlinking: /home/cjayahansa/ros2N_ws/install/webots_ros2_driver/local/lib/python3.10/dist-packages/webots_ros2_driver/wait_for_controller_connection.py
[34.229s] -- Symlinking: /home/cjayahansa/ros2N_ws/install/webots_ros2_driver/local/lib/python3.10/dist-packages/webots_ros2_driver/webots_controller.py
[34.238s] -- Symlinking: /home/cjayahansa/ros2N_ws/install/webots_ros2_driver/local/lib/python3.10/dist-packages/webots_ros2_driver/webots_launcher.py
[34.249s] -- Symlinking: /home/cjayahansa/ros2N_ws/install/webots_ros2_driver/include/webots_ros2_driver/PluginInterface.hpp
[34.258s] -- Symlinking: /home/cjayahansa/ros2N_ws/install/webots_ros2_driver/include/webots_ros2_driver/PythonPlugin.hpp
[34.267s] -- Symlinking: /home/cjayahansa/ros2N_ws/install/webots_ros2_driver/include/webots_ros2_driver/WebotsNode.hpp
[34.277s] -- Symlinking: /home/cjayahansa/ros2N_ws/install/webots_ros2_driver/include/webots_ros2_driver/plugins/Ros2SensorPlugin.hpp
[34.286s] -- Symlinking: /home/cjayahansa/ros2N_ws/install/webots_ros2_driver/include/webots_ros2_driver/plugins/dynamic/Ros2IMU.hpp
[34.295s] -- Symlinking: /home/cjayahansa/ros2N_ws/install/webots_ros2_driver/include/webots_ros2_driver/plugins/dynamic/Ros2RGBD.hpp
[34.304s] -- Symlinking: /home/cjayahansa/ros2N_ws/install/webots_ros2_driver/include/webots_ros2_driver/plugins/static/Ros2Camera.hpp
[34.313s] -- Symlinking: /home/cjayahansa/ros2N_ws/install/webots_ros2_driver/include/webots_ros2_driver/plugins/static/Ros2Compass.hpp
[34.323s] -- Symlinking: /home/cjayahansa/ros2N_ws/install/webots_ros2_driver/include/webots_ros2_driver/plugins/static/Ros2DistanceSensor.hpp
[34.332s] -- Symlinking: /home/cjayahansa/ros2N_ws/install/webots_ros2_driver/include/webots_ros2_driver/plugins/static/Ros2Emitter.hpp
[34.341s] -- Symlinking: /home/cjayahansa/ros2N_ws/install/webots_ros2_driver/include/webots_ros2_driver/plugins/static/Ros2GPS.hpp
[34.352s] -- Symlinking: /home/cjayahansa/ros2N_ws/install/webots_ros2_driver/include/webots_ros2_driver/plugins/static/Ros2LED.hpp
[34.363s] -- Symlinking: /home/cjayahansa/ros2N_ws/install/webots_ros2_driver/include/webots_ros2_driver/plugins/static/Ros2Lidar.hpp
[34.372s] -- Symlinking: /home/cjayahansa/ros2N_ws/install/webots_ros2_driver/include/webots_ros2_driver/plugins/static/Ros2LightSensor.hpp
[34.381s] -- Symlinking: /home/cjayahansa/ros2N_ws/install/webots_ros2_driver/include/webots_ros2_driver/plugins/static/Ros2Pen.hpp
[34.391s] -- Symlinking: /home/cjayahansa/ros2N_ws/install/webots_ros2_driver/include/webots_ros2_driver/plugins/static/Ros2RangeFinder.hpp
[34.400s] -- Symlinking: /home/cjayahansa/ros2N_ws/install/webots_ros2_driver/include/webots_ros2_driver/plugins/static/Ros2Receiver.hpp
[34.409s] -- Symlinking: /home/cjayahansa/ros2N_ws/install/webots_ros2_driver/include/webots_ros2_driver/plugins/static/Ros2VacuumGripper.hpp
[34.418s] -- Symlinking: /home/cjayahansa/ros2N_ws/install/webots_ros2_driver/include/webots_ros2_driver/utils/Math.hpp
[34.430s] -- Symlinking: /home/cjayahansa/ros2N_ws/install/webots_ros2_driver/include/webots_ros2_driver/utils/Utils.hpp
[34.441s] -- Symlinking: /home/cjayahansa/ros2N_ws/install/webots_ros2_driver/lib/webots_ros2_driver/driver
[34.451s] -- Symlinking: /home/cjayahansa/ros2N_ws/install/webots_ros2_driver/lib/libwebots_ros2_driver_imu.so
[34.461s] -- Symlinking: /home/cjayahansa/ros2N_ws/install/webots_ros2_driver/lib/libwebots_ros2_driver_rgbd.so
[34.472s] -- Symlinking: /home/cjayahansa/ros2N_ws/install/webots_ros2_driver/include/webots/c/webots/accelerometer.h
[34.481s] -- Symlinking: /home/cjayahansa/ros2N_ws/install/webots_ros2_driver/include/webots/c/webots/altimeter.h
[34.491s] -- Symlinking: /home/cjayahansa/ros2N_ws/install/webots_ros2_driver/include/webots/c/webots/brake.h
[34.500s] -- Symlinking: /home/cjayahansa/ros2N_ws/install/webots_ros2_driver/include/webots/c/webots/camera.h
[34.509s] -- Symlinking: /home/cjayahansa/ros2N_ws/install/webots_ros2_driver/include/webots/c/webots/camera_recognition_object.h
[34.519s] -- Symlinking: /home/cjayahansa/ros2N_ws/install/webots_ros2_driver/include/webots/c/webots/compass.h
[34.529s] -- Symlinking: /home/cjayahansa/ros2N_ws/install/webots_ros2_driver/include/webots/c/webots/connector.h
[34.538s] -- Symlinking: /home/cjayahansa/ros2N_ws/install/webots_ros2_driver/include/webots/c/webots/console.h
[34.548s] -- Symlinking: /home/cjayahansa/ros2N_ws/install/webots_ros2_driver/include/webots/c/webots/contact_point.h
[34.557s] -- Symlinking: /home/cjayahansa/ros2N_ws/install/webots_ros2_driver/include/webots/c/webots/device.h
[34.566s] -- Symlinking: /home/cjayahansa/ros2N_ws/install/webots_ros2_driver/include/webots/c/webots/display.h
[34.576s] -- Symlinking: /home/cjayahansa/ros2N_ws/install/webots_ros2_driver/include/webots/c/webots/distance_sensor.h
[34.586s] -- Symlinking: /home/cjayahansa/ros2N_ws/install/webots_ros2_driver/include/webots/c/webots/emitter.h
[34.598s] -- Symlinking: /home/cjayahansa/ros2N_ws/install/webots_ros2_driver/include/webots/c/webots/gps.h
[34.608s] -- Symlinking: /home/cjayahansa/ros2N_ws/install/webots_ros2_driver/include/webots/c/webots/gyro.h
[34.618s] -- Symlinking: /home/cjayahansa/ros2N_ws/install/webots_ros2_driver/include/webots/c/webots/inertial_unit.h
[34.627s] -- Symlinking: /home/cjayahansa/ros2N_ws/install/webots_ros2_driver/include/webots/c/webots/joystick.h
[34.638s] -- Symlinking: /home/cjayahansa/ros2N_ws/install/webots_ros2_driver/include/webots/c/webots/keyboard.h
[34.647s] -- Symlinking: /home/cjayahansa/ros2N_ws/install/webots_ros2_driver/include/webots/c/webots/led.h
[34.656s] -- Symlinking: /home/cjayahansa/ros2N_ws/install/webots_ros2_driver/include/webots/c/webots/lidar.h
[34.665s] -- Symlinking: /home/cjayahansa/ros2N_ws/install/webots_ros2_driver/include/webots/c/webots/lidar_point.h
[34.675s] -- Symlinking: /home/cjayahansa/ros2N_ws/install/webots_ros2_driver/include/webots/c/webots/light_sensor.h
[34.684s] -- Symlinking: /home/cjayahansa/ros2N_ws/install/webots_ros2_driver/include/webots/c/webots/microphone.h
[34.694s] -- Symlinking: /home/cjayahansa/ros2N_ws/install/webots_ros2_driver/include/webots/c/webots/motor.h
[34.704s] -- Symlinking: /home/cjayahansa/ros2N_ws/install/webots_ros2_driver/include/webots/c/webots/mouse.h
[34.713s] -- Symlinking: /home/cjayahansa/ros2N_ws/install/webots_ros2_driver/include/webots/c/webots/mouse_state.h
[34.722s] -- Symlinking: /home/cjayahansa/ros2N_ws/install/webots_ros2_driver/include/webots/c/webots/nodes.h
[34.732s] -- Symlinking: /home/cjayahansa/ros2N_ws/install/webots_ros2_driver/include/webots/c/webots/pen.h
[34.743s] -- Symlinking: /home/cjayahansa/ros2N_ws/install/webots_ros2_driver/include/webots/c/webots/plugins/robot_window/default.h
[34.752s] -- Symlinking: /home/cjayahansa/ros2N_ws/install/webots_ros2_driver/include/webots/c/webots/plugins/robot_window/generic_robot_window/generic.h
[34.762s] -- Symlinking: /home/cjayahansa/ros2N_ws/install/webots_ros2_driver/include/webots/c/webots/plugins/robot_window/robot_window.h
[34.772s] -- Symlinking: /home/cjayahansa/ros2N_ws/install/webots_ros2_driver/include/webots/c/webots/plugins/robot_window/robot_wwi.h
[34.782s] -- Symlinking: /home/cjayahansa/ros2N_ws/install/webots_ros2_driver/include/webots/c/webots/position_sensor.h
[34.791s] -- Symlinking: /home/cjayahansa/ros2N_ws/install/webots_ros2_driver/include/webots/c/webots/radar.h
[34.801s] -- Symlinking: /home/cjayahansa/ros2N_ws/install/webots_ros2_driver/include/webots/c/webots/radar_target.h
[34.812s] -- Symlinking: /home/cjayahansa/ros2N_ws/install/webots_ros2_driver/include/webots/c/webots/radio.h
[34.822s] -- Symlinking: /home/cjayahansa/ros2N_ws/install/webots_ros2_driver/include/webots/c/webots/range_finder.h
[34.832s] -- Symlinking: /home/cjayahansa/ros2N_ws/install/webots_ros2_driver/include/webots/c/webots/receiver.h
[34.842s] -- Symlinking: /home/cjayahansa/ros2N_ws/install/webots_ros2_driver/include/webots/c/webots/remote_control.h
[34.852s] -- Symlinking: /home/cjayahansa/ros2N_ws/install/webots_ros2_driver/include/webots/c/webots/robot.h
[34.865s] -- Symlinking: /home/cjayahansa/ros2N_ws/install/webots_ros2_driver/include/webots/c/webots/skin.h
[34.876s] -- Symlinking: /home/cjayahansa/ros2N_ws/install/webots_ros2_driver/include/webots/c/webots/speaker.h
[34.886s] -- Symlinking: /home/cjayahansa/ros2N_ws/install/webots_ros2_driver/include/webots/c/webots/supervisor.h
[34.897s] -- Symlinking: /home/cjayahansa/ros2N_ws/install/webots_ros2_driver/include/webots/c/webots/touch_sensor.h
[34.906s] -- Symlinking: /home/cjayahansa/ros2N_ws/install/webots_ros2_driver/include/webots/c/webots/types.h
[34.917s] -- Symlinking: /home/cjayahansa/ros2N_ws/install/webots_ros2_driver/include/webots/c/webots/utils/ansi_codes.h
[34.926s] -- Symlinking: /home/cjayahansa/ros2N_ws/install/webots_ros2_driver/include/webots/c/webots/utils/motion.h
[34.936s] -- Symlinking: /home/cjayahansa/ros2N_ws/install/webots_ros2_driver/include/webots/c/webots/utils/string.h
[34.946s] -- Symlinking: /home/cjayahansa/ros2N_ws/install/webots_ros2_driver/include/webots/c/webots/utils/system.h
[34.955s] -- Symlinking: /home/cjayahansa/ros2N_ws/install/webots_ros2_driver/include/webots/c/webots/vacuum_gripper.h
[34.965s] -- Symlinking: /home/cjayahansa/ros2N_ws/install/webots_ros2_driver/include/webots/c/webots/vehicle/car.h
[34.975s] -- Symlinking: /home/cjayahansa/ros2N_ws/install/webots_ros2_driver/include/webots/c/webots/vehicle/driver.h
[34.986s] -- Symlinking: /home/cjayahansa/ros2N_ws/install/webots_ros2_driver/include/webots/cpp/webots/Accelerometer.hpp
[34.995s] -- Symlinking: /home/cjayahansa/ros2N_ws/install/webots_ros2_driver/include/webots/cpp/webots/Altimeter.hpp
[35.005s] -- Symlinking: /home/cjayahansa/ros2N_ws/install/webots_ros2_driver/include/webots/cpp/webots/Brake.hpp
[35.015s] -- Symlinking: /home/cjayahansa/ros2N_ws/install/webots_ros2_driver/include/webots/cpp/webots/Camera.hpp
[35.026s] -- Symlinking: /home/cjayahansa/ros2N_ws/install/webots_ros2_driver/include/webots/cpp/webots/Compass.hpp
[35.036s] -- Symlinking: /home/cjayahansa/ros2N_ws/install/webots_ros2_driver/include/webots/cpp/webots/Connector.hpp
[35.047s] -- Symlinking: /home/cjayahansa/ros2N_ws/install/webots_ros2_driver/include/webots/cpp/webots/Device.hpp
[35.059s] -- Symlinking: /home/cjayahansa/ros2N_ws/install/webots_ros2_driver/include/webots/cpp/webots/Display.hpp
[35.070s] -- Symlinking: /home/cjayahansa/ros2N_ws/install/webots_ros2_driver/include/webots/cpp/webots/DistanceSensor.hpp
[35.080s] -- Symlinking: /home/cjayahansa/ros2N_ws/install/webots_ros2_driver/include/webots/cpp/webots/Emitter.hpp
[35.091s] -- Symlinking: /home/cjayahansa/ros2N_ws/install/webots_ros2_driver/include/webots/cpp/webots/Field.hpp
[35.101s] -- Symlinking: /home/cjayahansa/ros2N_ws/install/webots_ros2_driver/include/webots/cpp/webots/GPS.hpp
[35.112s] -- Symlinking: /home/cjayahansa/ros2N_ws/install/webots_ros2_driver/include/webots/cpp/webots/Gyro.hpp
[35.123s] -- Symlinking: /home/cjayahansa/ros2N_ws/install/webots_ros2_driver/include/webots/cpp/webots/ImageRef.hpp
[35.133s] -- Symlinking: /home/cjayahansa/ros2N_ws/install/webots_ros2_driver/include/webots/cpp/webots/InertialUnit.hpp
[35.142s] -- Symlinking: /home/cjayahansa/ros2N_ws/install/webots_ros2_driver/include/webots/cpp/webots/Joystick.hpp
[35.152s] -- Symlinking: /home/cjayahansa/ros2N_ws/install/webots_ros2_driver/include/webots/cpp/webots/Keyboard.hpp
[35.162s] -- Symlinking: /home/cjayahansa/ros2N_ws/install/webots_ros2_driver/include/webots/cpp/webots/LED.hpp
[35.171s] -- Symlinking: /home/cjayahansa/ros2N_ws/install/webots_ros2_driver/include/webots/cpp/webots/Lidar.hpp
[35.180s] -- Symlinking: /home/cjayahansa/ros2N_ws/install/webots_ros2_driver/include/webots/cpp/webots/LightSensor.hpp
[35.191s] -- Symlinking: /home/cjayahansa/ros2N_ws/install/webots_ros2_driver/include/webots/cpp/webots/Motor.hpp
[35.202s] -- Symlinking: /home/cjayahansa/ros2N_ws/install/webots_ros2_driver/include/webots/cpp/webots/Mouse.hpp
[35.213s] -- Symlinking: /home/cjayahansa/ros2N_ws/install/webots_ros2_driver/include/webots/cpp/webots/Node.hpp
[35.223s] -- Symlinking: /home/cjayahansa/ros2N_ws/install/webots_ros2_driver/include/webots/cpp/webots/Pen.hpp
[35.233s] -- Symlinking: /home/cjayahansa/ros2N_ws/install/webots_ros2_driver/include/webots/cpp/webots/PositionSensor.hpp
[35.244s] -- Symlinking: /home/cjayahansa/ros2N_ws/install/webots_ros2_driver/include/webots/cpp/webots/Proto.hpp
[35.253s] -- Symlinking: /home/cjayahansa/ros2N_ws/install/webots_ros2_driver/include/webots/cpp/webots/Radar.hpp
[35.263s] -- Symlinking: /home/cjayahansa/ros2N_ws/install/webots_ros2_driver/include/webots/cpp/webots/RangeFinder.hpp
[35.272s] -- Symlinking: /home/cjayahansa/ros2N_ws/install/webots_ros2_driver/include/webots/cpp/webots/Receiver.hpp
[35.281s] -- Symlinking: /home/cjayahansa/ros2N_ws/install/webots_ros2_driver/include/webots/cpp/webots/Robot.hpp
[35.291s] -- Symlinking: /home/cjayahansa/ros2N_ws/install/webots_ros2_driver/include/webots/cpp/webots/Skin.hpp
[35.300s] -- Symlinking: /home/cjayahansa/ros2N_ws/install/webots_ros2_driver/include/webots/cpp/webots/Speaker.hpp
[35.310s] -- Symlinking: /home/cjayahansa/ros2N_ws/install/webots_ros2_driver/include/webots/cpp/webots/Supervisor.hpp
[35.320s] -- Symlinking: /home/cjayahansa/ros2N_ws/install/webots_ros2_driver/include/webots/cpp/webots/TouchSensor.hpp
[35.329s] -- Symlinking: /home/cjayahansa/ros2N_ws/install/webots_ros2_driver/include/webots/cpp/webots/VacuumGripper.hpp
[35.339s] -- Symlinking: /home/cjayahansa/ros2N_ws/install/webots_ros2_driver/include/webots/cpp/webots/utils/AnsiCodes.hpp
[35.348s] -- Symlinking: /home/cjayahansa/ros2N_ws/install/webots_ros2_driver/include/webots/cpp/webots/utils/Motion.hpp
[35.358s] -- Symlinking: /home/cjayahansa/ros2N_ws/install/webots_ros2_driver/include/webots/cpp/webots/vehicle/Car.hpp
[35.367s] -- Symlinking: /home/cjayahansa/ros2N_ws/install/webots_ros2_driver/include/webots/cpp/webots/vehicle/Driver.hpp
[35.381s] -- Symlinking: /home/cjayahansa/ros2N_ws/install/webots_ros2_driver/lib/controller/libController.so
[35.390s] -- Symlinking: /home/cjayahansa/ros2N_ws/install/webots_ros2_driver/lib/controller/libCppCar.so
[35.399s] -- Symlinking: /home/cjayahansa/ros2N_ws/install/webots_ros2_driver/lib/controller/libCppController.so
[35.409s] -- Up-to-date symlink: /home/cjayahansa/ros2N_ws/install/webots_ros2_driver/lib/controller/libCppController.so
[35.409s] -- Symlinking: /home/cjayahansa/ros2N_ws/install/webots_ros2_driver/lib/controller/libCppDriver.so
[35.419s] -- Symlinking: /home/cjayahansa/ros2N_ws/install/webots_ros2_driver/lib/controller/libcar.so
[35.429s] -- Symlinking: /home/cjayahansa/ros2N_ws/install/webots_ros2_driver/lib/controller/libdriver.so
[35.437s] -- Symlinking: /home/cjayahansa/ros2N_ws/install/webots_ros2_driver/lib/controller/libgeneric_robot_window.so
[35.446s] -- Symlinking: /home/cjayahansa/ros2N_ws/install/webots_ros2_driver/lib/controller/python/vehicle/car.py
[35.456s] -- Symlinking: /home/cjayahansa/ros2N_ws/install/webots_ros2_driver/lib/controller/python/vehicle/driver.py
[35.466s] -- Symlinking: /home/cjayahansa/ros2N_ws/install/webots_ros2_driver/share/webots_ros2_driver//webots_ros2_imu.xml
[35.476s] -- Symlinking: /home/cjayahansa/ros2N_ws/install/webots_ros2_driver/share/webots_ros2_driver//webots_ros2_rgbd.xml
[35.486s] -- Symlinking: /home/cjayahansa/ros2N_ws/install/webots_ros2_driver/lib/webots_ros2_driver/ros2_supervisor.py
[35.495s] -- Symlinking: /home/cjayahansa/ros2N_ws/install/webots_ros2_driver/share/webots_ros2_driver/scripts/webots_tcp_client.py
[35.505s] -- Symlinking: /home/cjayahansa/ros2N_ws/install/webots_ros2_driver/share/webots_ros2_driver/scripts/webots-controller
[35.515s] -- Symlinking: /home/cjayahansa/ros2N_ws/install/webots_ros2_driver/share/webots_ros2_driver/environment/library_path.sh
[35.524s] -- Symlinking: /home/cjayahansa/ros2N_ws/install/webots_ros2_driver/share/webots_ros2_driver/environment/library_path.dsv
[35.534s] -- Symlinking: /home/cjayahansa/ros2N_ws/install/webots_ros2_driver/share/ament_index/resource_index/package_run_dependencies/webots_ros2_driver
[35.544s] -- Symlinking: /home/cjayahansa/ros2N_ws/install/webots_ros2_driver/share/ament_index/resource_index/parent_prefix_path/webots_ros2_driver
[35.553s] -- Symlinking: /home/cjayahansa/ros2N_ws/install/webots_ros2_driver/share/webots_ros2_driver/environment/ament_prefix_path.sh
[35.562s] -- Symlinking: /home/cjayahansa/ros2N_ws/install/webots_ros2_driver/share/webots_ros2_driver/environment/ament_prefix_path.dsv
[35.571s] -- Symlinking: /home/cjayahansa/ros2N_ws/install/webots_ros2_driver/share/webots_ros2_driver/environment/path.sh
[35.580s] -- Symlinking: /home/cjayahansa/ros2N_ws/install/webots_ros2_driver/share/webots_ros2_driver/environment/path.dsv
[35.589s] -- Symlinking: /home/cjayahansa/ros2N_ws/install/webots_ros2_driver/share/webots_ros2_driver/local_setup.bash
[35.599s] -- Symlinking: /home/cjayahansa/ros2N_ws/install/webots_ros2_driver/share/webots_ros2_driver/local_setup.sh
[35.609s] -- Symlinking: /home/cjayahansa/ros2N_ws/install/webots_ros2_driver/share/webots_ros2_driver/local_setup.zsh
[35.618s] -- Symlinking: /home/cjayahansa/ros2N_ws/install/webots_ros2_driver/share/webots_ros2_driver/local_setup.dsv
[35.628s] -- Symlinking: /home/cjayahansa/ros2N_ws/install/webots_ros2_driver/share/webots_ros2_driver/package.dsv
[35.640s] -- Symlinking: /home/cjayahansa/ros2N_ws/install/webots_ros2_driver/share/ament_index/resource_index/packages/webots_ros2_driver
[35.649s] -- Symlinking: /home/cjayahansa/ros2N_ws/install/webots_ros2_driver/share/ament_index/resource_index/webots_ros2_driver__pluginlib__plugin/webots_ros2_driver
[35.659s] -- Symlinking: /home/cjayahansa/ros2N_ws/install/webots_ros2_driver/share/webots_ros2_driver/cmake/ament_cmake_export_include_directories-extras.cmake
[35.668s] -- Symlinking: /home/cjayahansa/ros2N_ws/install/webots_ros2_driver/share/webots_ros2_driver/cmake/ament_cmake_export_dependencies-extras.cmake
[35.678s] -- Symlinking: /home/cjayahansa/ros2N_ws/install/webots_ros2_driver/share/webots_ros2_driver/cmake/ament_cmake_export_libraries-extras.cmake
[35.688s] -- Symlinking: /home/cjayahansa/ros2N_ws/install/webots_ros2_driver/share/webots_ros2_driver/cmake/webots_ros2_driverConfig.cmake
[35.698s] -- Symlinking: /home/cjayahansa/ros2N_ws/install/webots_ros2_driver/share/webots_ros2_driver/cmake/webots_ros2_driverConfig-version.cmake
[35.708s] -- Symlinking: /home/cjayahansa/ros2N_ws/install/webots_ros2_driver/share/webots_ros2_driver/package.xml
[35.806s] Listing '/home/cjayahansa/ros2N_ws/install/webots_ros2_driver/local/lib/python3.10/dist-packages/controller'...
[35.806s] Compiling '/home/cjayahansa/ros2N_ws/install/webots_ros2_driver/local/lib/python3.10/dist-packages/controller/__init__.py'...
[35.806s] Compiling '/home/cjayahansa/ros2N_ws/install/webots_ros2_driver/local/lib/python3.10/dist-packages/controller/accelerometer.py'...
[35.806s] Compiling '/home/cjayahansa/ros2N_ws/install/webots_ros2_driver/local/lib/python3.10/dist-packages/controller/altimeter.py'...
[35.806s] Compiling '/home/cjayahansa/ros2N_ws/install/webots_ros2_driver/local/lib/python3.10/dist-packages/controller/ansi_codes.py'...
[35.806s] Compiling '/home/cjayahansa/ros2N_ws/install/webots_ros2_driver/local/lib/python3.10/dist-packages/controller/brake.py'...
[35.806s] Compiling '/home/cjayahansa/ros2N_ws/install/webots_ros2_driver/local/lib/python3.10/dist-packages/controller/camera.py'...
[35.806s] Compiling '/home/cjayahansa/ros2N_ws/install/webots_ros2_driver/local/lib/python3.10/dist-packages/controller/compass.py'...
[35.806s] Compiling '/home/cjayahansa/ros2N_ws/install/webots_ros2_driver/local/lib/python3.10/dist-packages/controller/connector.py'...
[35.806s] Compiling '/home/cjayahansa/ros2N_ws/install/webots_ros2_driver/local/lib/python3.10/dist-packages/controller/constants.py'...
[35.806s] Compiling '/home/cjayahansa/ros2N_ws/install/webots_ros2_driver/local/lib/python3.10/dist-packages/controller/device.py'...
[35.807s] Compiling '/home/cjayahansa/ros2N_ws/install/webots_ros2_driver/local/lib/python3.10/dist-packages/controller/display.py'...
[35.807s] Compiling '/home/cjayahansa/ros2N_ws/install/webots_ros2_driver/local/lib/python3.10/dist-packages/controller/distance_sensor.py'...
[35.807s] Compiling '/home/cjayahansa/ros2N_ws/install/webots_ros2_driver/local/lib/python3.10/dist-packages/controller/emitter.py'...
[35.807s] Compiling '/home/cjayahansa/ros2N_ws/install/webots_ros2_driver/local/lib/python3.10/dist-packages/controller/field.py'...
[35.807s] Compiling '/home/cjayahansa/ros2N_ws/install/webots_ros2_driver/local/lib/python3.10/dist-packages/controller/gps.py'...
[35.807s] Compiling '/home/cjayahansa/ros2N_ws/install/webots_ros2_driver/local/lib/python3.10/dist-packages/controller/gyro.py'...
[35.807s] Compiling '/home/cjayahansa/ros2N_ws/install/webots_ros2_driver/local/lib/python3.10/dist-packages/controller/inertial_unit.py'...
[35.807s] Compiling '/home/cjayahansa/ros2N_ws/install/webots_ros2_driver/local/lib/python3.10/dist-packages/controller/joystick.py'...
[35.807s] Compiling '/home/cjayahansa/ros2N_ws/install/webots_ros2_driver/local/lib/python3.10/dist-packages/controller/keyboard.py'...
[35.807s] Compiling '/home/cjayahansa/ros2N_ws/install/webots_ros2_driver/local/lib/python3.10/dist-packages/controller/led.py'...
[35.807s] Compiling '/home/cjayahansa/ros2N_ws/install/webots_ros2_driver/local/lib/python3.10/dist-packages/controller/lidar.py'...
[35.807s] Compiling '/home/cjayahansa/ros2N_ws/install/webots_ros2_driver/local/lib/python3.10/dist-packages/controller/lidar_point.py'...
[35.807s] Compiling '/home/cjayahansa/ros2N_ws/install/webots_ros2_driver/local/lib/python3.10/dist-packages/controller/light_sensor.py'...
[35.807s] Compiling '/home/cjayahansa/ros2N_ws/install/webots_ros2_driver/local/lib/python3.10/dist-packages/controller/motion.py'...
[35.807s] Compiling '/home/cjayahansa/ros2N_ws/install/webots_ros2_driver/local/lib/python3.10/dist-packages/controller/motor.py'...
[35.807s] Compiling '/home/cjayahansa/ros2N_ws/install/webots_ros2_driver/local/lib/python3.10/dist-packages/controller/mouse.py'...
[35.807s] Compiling '/home/cjayahansa/ros2N_ws/install/webots_ros2_driver/local/lib/python3.10/dist-packages/controller/node.py'...
[35.807s] Compiling '/home/cjayahansa/ros2N_ws/install/webots_ros2_driver/local/lib/python3.10/dist-packages/controller/pen.py'...
[35.807s] Compiling '/home/cjayahansa/ros2N_ws/install/webots_ros2_driver/local/lib/python3.10/dist-packages/controller/position_sensor.py'...
[35.807s] Compiling '/home/cjayahansa/ros2N_ws/install/webots_ros2_driver/local/lib/python3.10/dist-packages/controller/proto.py'...
[35.807s] Compiling '/home/cjayahansa/ros2N_ws/install/webots_ros2_driver/local/lib/python3.10/dist-packages/controller/radar.py'...
[35.807s] Compiling '/home/cjayahansa/ros2N_ws/install/webots_ros2_driver/local/lib/python3.10/dist-packages/controller/radar_target.py'...
[35.807s] Compiling '/home/cjayahansa/ros2N_ws/install/webots_ros2_driver/local/lib/python3.10/dist-packages/controller/range_finder.py'...
[35.807s] Compiling '/home/cjayahansa/ros2N_ws/install/webots_ros2_driver/local/lib/python3.10/dist-packages/controller/receiver.py'...
[35.808s] Compiling '/home/cjayahansa/ros2N_ws/install/webots_ros2_driver/local/lib/python3.10/dist-packages/controller/robot.py'...
[35.808s] Compiling '/home/cjayahansa/ros2N_ws/install/webots_ros2_driver/local/lib/python3.10/dist-packages/controller/sensor.py'...
[35.808s] Compiling '/home/cjayahansa/ros2N_ws/install/webots_ros2_driver/local/lib/python3.10/dist-packages/controller/skin.py'...
[35.808s] Compiling '/home/cjayahansa/ros2N_ws/install/webots_ros2_driver/local/lib/python3.10/dist-packages/controller/speaker.py'...
[35.808s] Compiling '/home/cjayahansa/ros2N_ws/install/webots_ros2_driver/local/lib/python3.10/dist-packages/controller/supervisor.py'...
[35.808s] Compiling '/home/cjayahansa/ros2N_ws/install/webots_ros2_driver/local/lib/python3.10/dist-packages/controller/touch_sensor.py'...
[35.808s] Compiling '/home/cjayahansa/ros2N_ws/install/webots_ros2_driver/local/lib/python3.10/dist-packages/controller/vacuum_gripper.py'...
[35.808s] Compiling '/home/cjayahansa/ros2N_ws/install/webots_ros2_driver/local/lib/python3.10/dist-packages/controller/wb.py'...
[35.847s] Listing '/home/cjayahansa/ros2N_ws/install/webots_ros2_driver/local/lib/python3.10/dist-packages/vehicle'...
[35.847s] Compiling '/home/cjayahansa/ros2N_ws/install/webots_ros2_driver/local/lib/python3.10/dist-packages/vehicle/__init__.py'...
[35.848s] Compiling '/home/cjayahansa/ros2N_ws/install/webots_ros2_driver/local/lib/python3.10/dist-packages/vehicle/car.py'...
[35.848s] Compiling '/home/cjayahansa/ros2N_ws/install/webots_ros2_driver/local/lib/python3.10/dist-packages/vehicle/driver.py'...
[35.888s] Listing '/home/cjayahansa/ros2N_ws/install/webots_ros2_driver/local/lib/python3.10/dist-packages/webots_ros2_driver'...
[35.888s] Compiling '/home/cjayahansa/ros2N_ws/install/webots_ros2_driver/local/lib/python3.10/dist-packages/webots_ros2_driver/__init__.py'...
[35.889s] Compiling '/home/cjayahansa/ros2N_ws/install/webots_ros2_driver/local/lib/python3.10/dist-packages/webots_ros2_driver/ros2_supervisor.py'...
[35.889s] Compiling '/home/cjayahansa/ros2N_ws/install/webots_ros2_driver/local/lib/python3.10/dist-packages/webots_ros2_driver/urdf_spawner.py'...
[35.889s] Compiling '/home/cjayahansa/ros2N_ws/install/webots_ros2_driver/local/lib/python3.10/dist-packages/webots_ros2_driver/utils.py'...
[35.889s] Compiling '/home/cjayahansa/ros2N_ws/install/webots_ros2_driver/local/lib/python3.10/dist-packages/webots_ros2_driver/wait_for_controller_connection.py'...
[35.889s] Compiling '/home/cjayahansa/ros2N_ws/install/webots_ros2_driver/local/lib/python3.10/dist-packages/webots_ros2_driver/webots_controller.py'...
[35.889s] Compiling '/home/cjayahansa/ros2N_ws/install/webots_ros2_driver/local/lib/python3.10/dist-packages/webots_ros2_driver/webots_launcher.py'...
[35.897s] Invoked command in '/home/cjayahansa/ros2N_ws/build/webots_ros2_driver' returned '0': AMENT_PREFIX_PATH=/home/cjayahansa/ros2N_ws/install/webots_ros2_importer:/home/cjayahansa/ros2N_ws/install/webots_ros2:/home/cjayahansa/ros2N_ws/install/webots_ros2_universal_robot:/home/cjayahansa/ros2N_ws/install/webots_ros2_turtlebot:/home/cjayahansa/ros2N_ws/install/webots_ros2_tiago:/home/cjayahansa/ros2N_ws/install/webots_ros2_tests:/home/cjayahansa/ros2N_ws/install/webots_ros2_tesla:/home/cjayahansa/ros2N_ws/install/webots_ros2_mavic:/home/cjayahansa/ros2N_ws/install/webots_ros2_husarion:/home/cjayahansa/ros2N_ws/install/webots_ros2_epuck:/home/cjayahansa/ros2N_ws/install/webots_ros2_crazyflie:/home/cjayahansa/ros2N_ws/install/webots_ros2_control:/home/cjayahansa/ros2N_ws/install/webots_ros2_driver:/home/cjayahansa/ros2N_ws/install/webots_ros2_msgs:/home/cjayahansa/ros2_ws/install/my_first_package:/opt/ros/humble CMAKE_PREFIX_PATH=/home/cjayahansa/ros2N_ws/install/webots_ros2_msgs:/home/cjayahansa/ros2N_ws/install/webots_ros2_control:/home/cjayahansa/ros2N_ws/install/webots_ros2_driver:/home/cjayahansa/ros2N_ws/install/webots_ros2:/home/cjayahansa/ros2N_ws/install/webots_ros2_universal_robot:/home/cjayahansa/ros2N_ws/install/webots_ros2_turtlebot:/home/cjayahansa/ros2N_ws/install/webots_ros2_tiago:/home/cjayahansa/ros2N_ws/install/webots_ros2_tests:/home/cjayahansa/ros2N_ws/install/webots_ros2_tesla:/home/cjayahansa/ros2N_ws/install/webots_ros2_mavic:/home/cjayahansa/ros2N_ws/install/webots_ros2_husarion:/home/cjayahansa/ros2N_ws/install/webots_ros2_epuck:/home/cjayahansa/ros2N_ws/install/webots_ros2_crazyflie:/home/cjayahansa/ros2N_ws/install/webots_ros2_importer:/home/cjayahansa/ros2_ws/install/my_first_package:/opt/ros/humble LD_LIBRARY_PATH=/home/cjayahansa/ros2N_ws/install/webots_ros2_msgs/lib:/home/cjayahansa/ros2N_ws/install/webots_ros2_control/lib:/home/cjayahansa/ros2N_ws/install/webots_ros2_driver/lib:/opt/ros/humble/opt/rviz_ogre_vendor/lib:/opt/ros/humble/lib/x86_64-linux-gnu:/opt/ros/humble/lib PS1=\[\033[01;36m\]\u@\h\[\033[00m\]:\[\033[01;34m\]\w\[\033[00m\]$ PYTHONPATH=/home/cjayahansa/ros2N_ws/build/webots_ros2_importer:/home/cjayahansa/ros2N_ws/install/webots_ros2_importer/lib/python3.10/site-packages:/home/cjayahansa/ros2N_ws/install/webots_ros2/lib/python3.10/site-packages:/home/cjayahansa/ros2N_ws/install/webots_ros2_universal_robot/lib/python3.10/site-packages:/home/cjayahansa/ros2N_ws/install/webots_ros2_turtlebot/lib/python3.10/site-packages:/home/cjayahansa/ros2N_ws/install/webots_ros2_tiago/lib/python3.10/site-packages:/home/cjayahansa/ros2N_ws/install/webots_ros2_tests/lib/python3.10/site-packages:/home/cjayahansa/ros2N_ws/install/webots_ros2_tesla/lib/python3.10/site-packages:/home/cjayahansa/ros2N_ws/install/webots_ros2_mavic/lib/python3.10/site-packages:/home/cjayahansa/ros2N_ws/install/webots_ros2_husarion/lib/python3.10/site-packages:/home/cjayahansa/ros2N_ws/install/webots_ros2_epuck/lib/python3.10/site-packages:/home/cjayahansa/ros2N_ws/install/webots_ros2_crazyflie/lib/python3.10/site-packages:/home/cjayahansa/ros2N_ws/install/webots_ros2_driver/local/lib/python3.10/dist-packages:/home/cjayahansa/ros2N_ws/install/webots_ros2_msgs/local/lib/python3.10/dist-packages:/home/cjayahansa/ros2_ws/install/my_first_package/lib/python3.10/site-packages:/opt/ros/humble/lib/python3.10/site-packages:/opt/ros/humble/local/lib/python3.10/dist-packages /usr/bin/cmake --install /home/cjayahansa/ros2N_ws/build/webots_ros2_driver
