[1.871s] Invoking command in '/home/cjayahansa/ros2N_ws/build/webots_ros2_turtlebot': AMENT_PREFIX_PATH=/home/cjayahansa/ros2N_ws/install/webots_ros2_importer:/home/cjayahansa/ros2N_ws/install/webots_ros2:/home/cjayahansa/ros2N_ws/install/webots_ros2_universal_robot:/home/cjayahansa/ros2N_ws/install/webots_ros2_turtlebot:/home/cjayahansa/ros2N_ws/install/webots_ros2_tiago:/home/cjayahansa/ros2N_ws/install/webots_ros2_tests:/home/cjayahansa/ros2N_ws/install/webots_ros2_tesla:/home/cjayahansa/ros2N_ws/install/webots_ros2_mavic:/home/cjayahansa/ros2N_ws/install/webots_ros2_husarion:/home/cjayahansa/ros2N_ws/install/webots_ros2_epuck:/home/cjayahansa/ros2N_ws/install/webots_ros2_crazyflie:/home/cjayahansa/ros2N_ws/install/webots_ros2_control:/home/cjayahansa/ros2N_ws/install/webots_ros2_driver:/home/cjayahansa/ros2N_ws/install/webots_ros2_msgs:/home/cjayahansa/ros2_ws/install/my_first_package:/opt/ros/humble PS1=\[\033[01;36m\]\u@\h\[\033[00m\]:\[\033[01;34m\]\w\[\033[00m\]$ PYTHONPATH=/home/cjayahansa/ros2N_ws/build/webots_ros2_turtlebot/prefix_override:/usr/lib/python3/dist-packages/colcon_core/task/python/colcon_distutils_commands:/home/cjayahansa/ros2N_ws/install/webots_ros2_turtlebot/lib/python3.10/site-packages:/home/cjayahansa/ros2N_ws/build/webots_ros2_importer:/home/cjayahansa/ros2N_ws/install/webots_ros2_importer/lib/python3.10/site-packages:/home/cjayahansa/ros2N_ws/install/webots_ros2/lib/python3.10/site-packages:/home/cjayahansa/ros2N_ws/install/webots_ros2_universal_robot/lib/python3.10/site-packages:/home/cjayahansa/ros2N_ws/install/webots_ros2_turtlebot/lib/python3.10/site-packages:/home/cjayahansa/ros2N_ws/install/webots_ros2_tiago/lib/python3.10/site-packages:/home/cjayahansa/ros2N_ws/install/webots_ros2_tests/lib/python3.10/site-packages:/home/cjayahansa/ros2N_ws/install/webots_ros2_tesla/lib/python3.10/site-packages:/home/cjayahansa/ros2N_ws/install/webots_ros2_mavic/lib/python3.10/site-packages:/home/cjayahansa/ros2N_ws/install/webots_ros2_husarion/lib/python3.10/site-packages:/home/cjayahansa/ros2N_ws/install/webots_ros2_epuck/lib/python3.10/site-packages:/home/cjayahansa/ros2N_ws/install/webots_ros2_crazyflie/lib/python3.10/site-packages:/home/cjayahansa/ros2N_ws/install/webots_ros2_driver/local/lib/python3.10/dist-packages:/home/cjayahansa/ros2N_ws/install/webots_ros2_msgs/local/lib/python3.10/dist-packages:/home/cjayahansa/ros2_ws/install/my_first_package/lib/python3.10/site-packages:/opt/ros/humble/lib/python3.10/site-packages:/opt/ros/humble/local/lib/python3.10/dist-packages /usr/bin/python3 -W ignore:setup.py install is deprecated -W ignore:easy_install command is deprecated setup.py develop --editable --build-directory /home/cjayahansa/ros2N_ws/build/webots_ros2_turtlebot/build --no-deps symlink_data
[2.175s] running develop
[2.402s] running egg_info
[2.402s] creating webots_ros2_turtlebot.egg-info
[2.402s] writing webots_ros2_turtlebot.egg-info/PKG-INFO
[2.403s] writing dependency_links to webots_ros2_turtlebot.egg-info/dependency_links.txt
[2.403s] writing entry points to webots_ros2_turtlebot.egg-info/entry_points.txt
[2.403s] writing requirements to webots_ros2_turtlebot.egg-info/requires.txt
[2.403s] writing top-level names to webots_ros2_turtlebot.egg-info/top_level.txt
[2.403s] writing manifest file 'webots_ros2_turtlebot.egg-info/SOURCES.txt'
[2.405s] reading manifest file 'webots_ros2_turtlebot.egg-info/SOURCES.txt'
[2.406s] writing manifest file 'webots_ros2_turtlebot.egg-info/SOURCES.txt'
[2.408s] running build_ext
[2.408s] Creating /home/cjayahansa/ros2N_ws/install/webots_ros2_turtlebot/lib/python3.10/site-packages/webots-ros2-turtlebot.egg-link (link to .)
[2.409s] 
[2.409s] Installed /home/cjayahansa/ros2N_ws/build/webots_ros2_turtlebot
[2.409s] running symlink_data
[2.409s] creating /home/cjayahansa/ros2N_ws/install/webots_ros2_turtlebot/share/ament_index
[2.409s] creating /home/cjayahansa/ros2N_ws/install/webots_ros2_turtlebot/share/ament_index/resource_index
[2.409s] creating /home/cjayahansa/ros2N_ws/install/webots_ros2_turtlebot/share/ament_index/resource_index/packages
[2.410s] symbolically linking /home/cjayahansa/ros2N_ws/build/webots_ros2_turtlebot/resource/webots_ros2_turtlebot -> /home/cjayahansa/ros2N_ws/install/webots_ros2_turtlebot/share/ament_index/resource_index/packages
[2.410s] creating /home/cjayahansa/ros2N_ws/install/webots_ros2_turtlebot/share/webots_ros2_turtlebot/launch
[2.410s] symbolically linking /home/cjayahansa/ros2N_ws/build/webots_ros2_turtlebot/launch/robot_launch.py -> /home/cjayahansa/ros2N_ws/install/webots_ros2_turtlebot/share/webots_ros2_turtlebot/launch
[2.410s] creating /home/cjayahansa/ros2N_ws/install/webots_ros2_turtlebot/share/webots_ros2_turtlebot/resource
[2.410s] symbolically linking /home/cjayahansa/ros2N_ws/build/webots_ros2_turtlebot/resource/turtlebot3_burger_example_map.pgm -> /home/cjayahansa/ros2N_ws/install/webots_ros2_turtlebot/share/webots_ros2_turtlebot/resource
[2.410s] symbolically linking /home/cjayahansa/ros2N_ws/build/webots_ros2_turtlebot/resource/turtlebot3_burger_example_map.yaml -> /home/cjayahansa/ros2N_ws/install/webots_ros2_turtlebot/share/webots_ros2_turtlebot/resource
[2.410s] symbolically linking /home/cjayahansa/ros2N_ws/build/webots_ros2_turtlebot/resource/turtlebot_webots.urdf -> /home/cjayahansa/ros2N_ws/install/webots_ros2_turtlebot/share/webots_ros2_turtlebot/resource
[2.410s] symbolically linking /home/cjayahansa/ros2N_ws/build/webots_ros2_turtlebot/resource/ros2control.yml -> /home/cjayahansa/ros2N_ws/install/webots_ros2_turtlebot/share/webots_ros2_turtlebot/resource
[2.410s] symbolically linking /home/cjayahansa/ros2N_ws/build/webots_ros2_turtlebot/resource/nav2_params.yaml -> /home/cjayahansa/ros2N_ws/install/webots_ros2_turtlebot/share/webots_ros2_turtlebot/resource
[2.410s] creating /home/cjayahansa/ros2N_ws/install/webots_ros2_turtlebot/share/webots_ros2_turtlebot/worlds
[2.410s] symbolically linking /home/cjayahansa/ros2N_ws/build/webots_ros2_turtlebot/worlds/turtlebot3_burger_example.wbt -> /home/cjayahansa/ros2N_ws/install/webots_ros2_turtlebot/share/webots_ros2_turtlebot/worlds
[2.410s] symbolically linking /home/cjayahansa/ros2N_ws/build/webots_ros2_turtlebot/worlds/.turtlebot3_burger_example.wbproj -> /home/cjayahansa/ros2N_ws/install/webots_ros2_turtlebot/share/webots_ros2_turtlebot/worlds
[2.411s] symbolically linking /home/cjayahansa/ros2N_ws/build/webots_ros2_turtlebot/package.xml -> /home/cjayahansa/ros2N_ws/install/webots_ros2_turtlebot/share/webots_ros2_turtlebot
[2.491s] Invoked command in '/home/cjayahansa/ros2N_ws/build/webots_ros2_turtlebot' returned '0': AMENT_PREFIX_PATH=/home/cjayahansa/ros2N_ws/install/webots_ros2_importer:/home/cjayahansa/ros2N_ws/install/webots_ros2:/home/cjayahansa/ros2N_ws/install/webots_ros2_universal_robot:/home/cjayahansa/ros2N_ws/install/webots_ros2_turtlebot:/home/cjayahansa/ros2N_ws/install/webots_ros2_tiago:/home/cjayahansa/ros2N_ws/install/webots_ros2_tests:/home/cjayahansa/ros2N_ws/install/webots_ros2_tesla:/home/cjayahansa/ros2N_ws/install/webots_ros2_mavic:/home/cjayahansa/ros2N_ws/install/webots_ros2_husarion:/home/cjayahansa/ros2N_ws/install/webots_ros2_epuck:/home/cjayahansa/ros2N_ws/install/webots_ros2_crazyflie:/home/cjayahansa/ros2N_ws/install/webots_ros2_control:/home/cjayahansa/ros2N_ws/install/webots_ros2_driver:/home/cjayahansa/ros2N_ws/install/webots_ros2_msgs:/home/cjayahansa/ros2_ws/install/my_first_package:/opt/ros/humble PS1=\[\033[01;36m\]\u@\h\[\033[00m\]:\[\033[01;34m\]\w\[\033[00m\]$ PYTHONPATH=/home/cjayahansa/ros2N_ws/build/webots_ros2_turtlebot/prefix_override:/usr/lib/python3/dist-packages/colcon_core/task/python/colcon_distutils_commands:/home/cjayahansa/ros2N_ws/install/webots_ros2_turtlebot/lib/python3.10/site-packages:/home/cjayahansa/ros2N_ws/build/webots_ros2_importer:/home/cjayahansa/ros2N_ws/install/webots_ros2_importer/lib/python3.10/site-packages:/home/cjayahansa/ros2N_ws/install/webots_ros2/lib/python3.10/site-packages:/home/cjayahansa/ros2N_ws/install/webots_ros2_universal_robot/lib/python3.10/site-packages:/home/cjayahansa/ros2N_ws/install/webots_ros2_turtlebot/lib/python3.10/site-packages:/home/cjayahansa/ros2N_ws/install/webots_ros2_tiago/lib/python3.10/site-packages:/home/cjayahansa/ros2N_ws/install/webots_ros2_tests/lib/python3.10/site-packages:/home/cjayahansa/ros2N_ws/install/webots_ros2_tesla/lib/python3.10/site-packages:/home/cjayahansa/ros2N_ws/install/webots_ros2_mavic/lib/python3.10/site-packages:/home/cjayahansa/ros2N_ws/install/webots_ros2_husarion/lib/python3.10/site-packages:/home/cjayahansa/ros2N_ws/install/webots_ros2_epuck/lib/python3.10/site-packages:/home/cjayahansa/ros2N_ws/install/webots_ros2_crazyflie/lib/python3.10/site-packages:/home/cjayahansa/ros2N_ws/install/webots_ros2_driver/local/lib/python3.10/dist-packages:/home/cjayahansa/ros2N_ws/install/webots_ros2_msgs/local/lib/python3.10/dist-packages:/home/cjayahansa/ros2_ws/install/my_first_package/lib/python3.10/site-packages:/opt/ros/humble/lib/python3.10/site-packages:/opt/ros/humble/local/lib/python3.10/dist-packages /usr/bin/python3 -W ignore:setup.py install is deprecated -W ignore:easy_install command is deprecated setup.py develop --editable --build-directory /home/cjayahansa/ros2N_ws/build/webots_ros2_turtlebot/build --no-deps symlink_data
