[1.882s] Invoking command in '/home/cjayahansa/ros2N_ws/build/webots_ros2_husarion': AMENT_PREFIX_PATH=/home/cjayahansa/ros2N_ws/install/webots_ros2_importer:/home/cjayahansa/ros2N_ws/install/webots_ros2:/home/cjayahansa/ros2N_ws/install/webots_ros2_universal_robot:/home/cjayahansa/ros2N_ws/install/webots_ros2_turtlebot:/home/cjayahansa/ros2N_ws/install/webots_ros2_tiago:/home/cjayahansa/ros2N_ws/install/webots_ros2_tests:/home/cjayahansa/ros2N_ws/install/webots_ros2_tesla:/home/cjayahansa/ros2N_ws/install/webots_ros2_mavic:/home/cjayahansa/ros2N_ws/install/webots_ros2_husarion:/home/cjayahansa/ros2N_ws/install/webots_ros2_epuck:/home/cjayahansa/ros2N_ws/install/webots_ros2_crazyflie:/home/cjayahansa/ros2N_ws/install/webots_ros2_control:/home/cjayahansa/ros2N_ws/install/webots_ros2_driver:/home/cjayahansa/ros2N_ws/install/webots_ros2_msgs:/home/cjayahansa/ros2_ws/install/my_first_package:/opt/ros/humble PS1=\[\033[01;36m\]\u@\h\[\033[00m\]:\[\033[01;34m\]\w\[\033[00m\]$ PYTHONPATH=/home/cjayahansa/ros2N_ws/build/webots_ros2_husarion/prefix_override:/usr/lib/python3/dist-packages/colcon_core/task/python/colcon_distutils_commands:/home/cjayahansa/ros2N_ws/install/webots_ros2_husarion/lib/python3.10/site-packages:/home/cjayahansa/ros2N_ws/build/webots_ros2_importer:/home/cjayahansa/ros2N_ws/install/webots_ros2_importer/lib/python3.10/site-packages:/home/cjayahansa/ros2N_ws/install/webots_ros2/lib/python3.10/site-packages:/home/cjayahansa/ros2N_ws/install/webots_ros2_universal_robot/lib/python3.10/site-packages:/home/cjayahansa/ros2N_ws/install/webots_ros2_turtlebot/lib/python3.10/site-packages:/home/cjayahansa/ros2N_ws/install/webots_ros2_tiago/lib/python3.10/site-packages:/home/cjayahansa/ros2N_ws/install/webots_ros2_tests/lib/python3.10/site-packages:/home/cjayahansa/ros2N_ws/install/webots_ros2_tesla/lib/python3.10/site-packages:/home/cjayahansa/ros2N_ws/install/webots_ros2_mavic/lib/python3.10/site-packages:/home/cjayahansa/ros2N_ws/install/webots_ros2_husarion/lib/python3.10/site-packages:/home/cjayahansa/ros2N_ws/install/webots_ros2_epuck/lib/python3.10/site-packages:/home/cjayahansa/ros2N_ws/install/webots_ros2_crazyflie/lib/python3.10/site-packages:/home/cjayahansa/ros2N_ws/install/webots_ros2_driver/local/lib/python3.10/dist-packages:/home/cjayahansa/ros2N_ws/install/webots_ros2_msgs/local/lib/python3.10/dist-packages:/home/cjayahansa/ros2_ws/install/my_first_package/lib/python3.10/site-packages:/opt/ros/humble/lib/python3.10/site-packages:/opt/ros/humble/local/lib/python3.10/dist-packages /usr/bin/python3 -W ignore:setup.py install is deprecated -W ignore:easy_install command is deprecated setup.py develop --editable --build-directory /home/cjayahansa/ros2N_ws/build/webots_ros2_husarion/build --no-deps symlink_data
[2.184s] running develop
[2.409s] running egg_info
[2.409s] creating webots_ros2_husarion.egg-info
[2.409s] writing webots_ros2_husarion.egg-info/PKG-INFO
[2.410s] writing dependency_links to webots_ros2_husarion.egg-info/dependency_links.txt
[2.410s] writing entry points to webots_ros2_husarion.egg-info/entry_points.txt
[2.410s] writing requirements to webots_ros2_husarion.egg-info/requires.txt
[2.410s] writing top-level names to webots_ros2_husarion.egg-info/top_level.txt
[2.410s] writing manifest file 'webots_ros2_husarion.egg-info/SOURCES.txt'
[2.411s] reading manifest file 'webots_ros2_husarion.egg-info/SOURCES.txt'
[2.412s] writing manifest file 'webots_ros2_husarion.egg-info/SOURCES.txt'
[2.414s] running build_ext
[2.414s] Creating /home/cjayahansa/ros2N_ws/install/webots_ros2_husarion/lib/python3.10/site-packages/webots-ros2-husarion.egg-link (link to .)
[2.415s] 
[2.415s] Installed /home/cjayahansa/ros2N_ws/build/webots_ros2_husarion
[2.415s] running symlink_data
[2.415s] creating /home/cjayahansa/ros2N_ws/install/webots_ros2_husarion/share/ament_index
[2.415s] creating /home/cjayahansa/ros2N_ws/install/webots_ros2_husarion/share/ament_index/resource_index
[2.415s] creating /home/cjayahansa/ros2N_ws/install/webots_ros2_husarion/share/ament_index/resource_index/packages
[2.415s] symbolically linking /home/cjayahansa/ros2N_ws/build/webots_ros2_husarion/resource/webots_ros2_husarion -> /home/cjayahansa/ros2N_ws/install/webots_ros2_husarion/share/ament_index/resource_index/packages
[2.416s] creating /home/cjayahansa/ros2N_ws/install/webots_ros2_husarion/share/webots_ros2_husarion/launch
[2.416s] symbolically linking /home/cjayahansa/ros2N_ws/build/webots_ros2_husarion/launch/rosbot_launch.py -> /home/cjayahansa/ros2N_ws/install/webots_ros2_husarion/share/webots_ros2_husarion/launch
[2.416s] symbolically linking /home/cjayahansa/ros2N_ws/build/webots_ros2_husarion/launch/rosbot_xl_launch.py -> /home/cjayahansa/ros2N_ws/install/webots_ros2_husarion/share/webots_ros2_husarion/launch
[2.416s] creating /home/cjayahansa/ros2N_ws/install/webots_ros2_husarion/share/webots_ros2_husarion/resource
[2.416s] symbolically linking /home/cjayahansa/ros2N_ws/build/webots_ros2_husarion/resource/rosbot_controllers.yaml -> /home/cjayahansa/ros2N_ws/install/webots_ros2_husarion/share/webots_ros2_husarion/resource
[2.416s] symbolically linking /home/cjayahansa/ros2N_ws/build/webots_ros2_husarion/resource/rosbot_xl_controllers.yaml -> /home/cjayahansa/ros2N_ws/install/webots_ros2_husarion/share/webots_ros2_husarion/resource
[2.417s] symbolically linking /home/cjayahansa/ros2N_ws/build/webots_ros2_husarion/resource/ekf.yaml -> /home/cjayahansa/ros2N_ws/install/webots_ros2_husarion/share/webots_ros2_husarion/resource
[2.417s] symbolically linking /home/cjayahansa/ros2N_ws/build/webots_ros2_husarion/resource/laser_filter.yaml -> /home/cjayahansa/ros2N_ws/install/webots_ros2_husarion/share/webots_ros2_husarion/resource
[2.417s] symbolically linking /home/cjayahansa/ros2N_ws/build/webots_ros2_husarion/resource/rosbot_webots.urdf -> /home/cjayahansa/ros2N_ws/install/webots_ros2_husarion/share/webots_ros2_husarion/resource
[2.417s] symbolically linking /home/cjayahansa/ros2N_ws/build/webots_ros2_husarion/resource/rosbot_links_remappings.yaml -> /home/cjayahansa/ros2N_ws/install/webots_ros2_husarion/share/webots_ros2_husarion/resource
[2.417s] creating /home/cjayahansa/ros2N_ws/install/webots_ros2_husarion/share/webots_ros2_husarion/worlds
[2.417s] symbolically linking /home/cjayahansa/ros2N_ws/build/webots_ros2_husarion/worlds/rosbot.wbt -> /home/cjayahansa/ros2N_ws/install/webots_ros2_husarion/share/webots_ros2_husarion/worlds
[2.418s] symbolically linking /home/cjayahansa/ros2N_ws/build/webots_ros2_husarion/worlds/rosbot_xl.wbt -> /home/cjayahansa/ros2N_ws/install/webots_ros2_husarion/share/webots_ros2_husarion/worlds
[2.418s] creating /home/cjayahansa/ros2N_ws/install/webots_ros2_husarion/share/webots_ros2_husarion/worlds/meshes
[2.418s] symbolically linking /home/cjayahansa/ros2N_ws/build/webots_ros2_husarion/worlds/meshes/husarion_world.dae -> /home/cjayahansa/ros2N_ws/install/webots_ros2_husarion/share/webots_ros2_husarion/worlds/meshes
[2.418s] symbolically linking /home/cjayahansa/ros2N_ws/build/webots_ros2_husarion/package.xml -> /home/cjayahansa/ros2N_ws/install/webots_ros2_husarion/share/webots_ros2_husarion
[2.514s] Invoked command in '/home/cjayahansa/ros2N_ws/build/webots_ros2_husarion' returned '0': AMENT_PREFIX_PATH=/home/cjayahansa/ros2N_ws/install/webots_ros2_importer:/home/cjayahansa/ros2N_ws/install/webots_ros2:/home/cjayahansa/ros2N_ws/install/webots_ros2_universal_robot:/home/cjayahansa/ros2N_ws/install/webots_ros2_turtlebot:/home/cjayahansa/ros2N_ws/install/webots_ros2_tiago:/home/cjayahansa/ros2N_ws/install/webots_ros2_tests:/home/cjayahansa/ros2N_ws/install/webots_ros2_tesla:/home/cjayahansa/ros2N_ws/install/webots_ros2_mavic:/home/cjayahansa/ros2N_ws/install/webots_ros2_husarion:/home/cjayahansa/ros2N_ws/install/webots_ros2_epuck:/home/cjayahansa/ros2N_ws/install/webots_ros2_crazyflie:/home/cjayahansa/ros2N_ws/install/webots_ros2_control:/home/cjayahansa/ros2N_ws/install/webots_ros2_driver:/home/cjayahansa/ros2N_ws/install/webots_ros2_msgs:/home/cjayahansa/ros2_ws/install/my_first_package:/opt/ros/humble PS1=\[\033[01;36m\]\u@\h\[\033[00m\]:\[\033[01;34m\]\w\[\033[00m\]$ PYTHONPATH=/home/cjayahansa/ros2N_ws/build/webots_ros2_husarion/prefix_override:/usr/lib/python3/dist-packages/colcon_core/task/python/colcon_distutils_commands:/home/cjayahansa/ros2N_ws/install/webots_ros2_husarion/lib/python3.10/site-packages:/home/cjayahansa/ros2N_ws/build/webots_ros2_importer:/home/cjayahansa/ros2N_ws/install/webots_ros2_importer/lib/python3.10/site-packages:/home/cjayahansa/ros2N_ws/install/webots_ros2/lib/python3.10/site-packages:/home/cjayahansa/ros2N_ws/install/webots_ros2_universal_robot/lib/python3.10/site-packages:/home/cjayahansa/ros2N_ws/install/webots_ros2_turtlebot/lib/python3.10/site-packages:/home/cjayahansa/ros2N_ws/install/webots_ros2_tiago/lib/python3.10/site-packages:/home/cjayahansa/ros2N_ws/install/webots_ros2_tests/lib/python3.10/site-packages:/home/cjayahansa/ros2N_ws/install/webots_ros2_tesla/lib/python3.10/site-packages:/home/cjayahansa/ros2N_ws/install/webots_ros2_mavic/lib/python3.10/site-packages:/home/cjayahansa/ros2N_ws/install/webots_ros2_husarion/lib/python3.10/site-packages:/home/cjayahansa/ros2N_ws/install/webots_ros2_epuck/lib/python3.10/site-packages:/home/cjayahansa/ros2N_ws/install/webots_ros2_crazyflie/lib/python3.10/site-packages:/home/cjayahansa/ros2N_ws/install/webots_ros2_driver/local/lib/python3.10/dist-packages:/home/cjayahansa/ros2N_ws/install/webots_ros2_msgs/local/lib/python3.10/dist-packages:/home/cjayahansa/ros2_ws/install/my_first_package/lib/python3.10/site-packages:/opt/ros/humble/lib/python3.10/site-packages:/opt/ros/humble/local/lib/python3.10/dist-packages /usr/bin/python3 -W ignore:setup.py install is deprecated -W ignore:easy_install command is deprecated setup.py develop --editable --build-directory /home/cjayahansa/ros2N_ws/build/webots_ros2_husarion/build --no-deps symlink_data
