running develop
running egg_info
creating webots_ros2_epuck.egg-info
writing webots_ros2_epuck.egg-info/PKG-INFO
writing dependency_links to webots_ros2_epuck.egg-info/dependency_links.txt
writing entry points to webots_ros2_epuck.egg-info/entry_points.txt
writing requirements to webots_ros2_epuck.egg-info/requires.txt
writing top-level names to webots_ros2_epuck.egg-info/top_level.txt
writing manifest file 'webots_ros2_epuck.egg-info/SOURCES.txt'
reading manifest file 'webots_ros2_epuck.egg-info/SOURCES.txt'
writing manifest file 'webots_ros2_epuck.egg-info/SOURCES.txt'
running build_ext
Creating /home/cjayahansa/ros2N_ws/install/webots_ros2_epuck/lib/python3.10/site-packages/webots-ros2-epuck.egg-link (link to .)
Installing drive_calibrator script to /home/cjayahansa/ros2N_ws/install/webots_ros2_epuck/lib/webots_ros2_epuck
Installing epuck_node script to /home/cjayahansa/ros2N_ws/install/webots_ros2_epuck/lib/webots_ros2_epuck
Installing simple_mapper script to /home/cjayahansa/ros2N_ws/install/webots_ros2_epuck/lib/webots_ros2_epuck

Installed /home/cjayahansa/ros2N_ws/build/webots_ros2_epuck
running symlink_data
creating /home/cjayahansa/ros2N_ws/install/webots_ros2_epuck/share/ament_index
creating /home/cjayahansa/ros2N_ws/install/webots_ros2_epuck/share/ament_index/resource_index
creating /home/cjayahansa/ros2N_ws/install/webots_ros2_epuck/share/ament_index/resource_index/packages
symbolically linking /home/cjayahansa/ros2N_ws/build/webots_ros2_epuck/resource/webots_ros2_epuck -> /home/cjayahansa/ros2N_ws/install/webots_ros2_epuck/share/ament_index/resource_index/packages
creating /home/cjayahansa/ros2N_ws/install/webots_ros2_epuck/share/webots_ros2_epuck/launch
symbolically linking /home/cjayahansa/ros2N_ws/build/webots_ros2_epuck/launch/robot_launch.py -> /home/cjayahansa/ros2N_ws/install/webots_ros2_epuck/share/webots_ros2_epuck/launch
symbolically linking /home/cjayahansa/ros2N_ws/build/webots_ros2_epuck/launch/robot_tools_launch.py -> /home/cjayahansa/ros2N_ws/install/webots_ros2_epuck/share/webots_ros2_epuck/launch
symbolically linking /home/cjayahansa/ros2N_ws/build/webots_ros2_epuck/launch/rats_life_launch.py -> /home/cjayahansa/ros2N_ws/install/webots_ros2_epuck/share/webots_ros2_epuck/launch
symbolically linking /home/cjayahansa/ros2N_ws/build/webots_ros2_epuck/launch/rats_life_waypoints_launch.py -> /home/cjayahansa/ros2N_ws/install/webots_ros2_epuck/share/webots_ros2_epuck/launch
creating /home/cjayahansa/ros2N_ws/install/webots_ros2_epuck/share/webots_ros2_epuck/worlds
symbolically linking /home/cjayahansa/ros2N_ws/build/webots_ros2_epuck/worlds/epuck_world.wbt -> /home/cjayahansa/ros2N_ws/install/webots_ros2_epuck/share/webots_ros2_epuck/worlds
symbolically linking /home/cjayahansa/ros2N_ws/build/webots_ros2_epuck/worlds/.epuck_world.wbproj -> /home/cjayahansa/ros2N_ws/install/webots_ros2_epuck/share/webots_ros2_epuck/worlds
symbolically linking /home/cjayahansa/ros2N_ws/build/webots_ros2_epuck/worlds/rats_life_benchmark.wbt -> /home/cjayahansa/ros2N_ws/install/webots_ros2_epuck/share/webots_ros2_epuck/worlds
symbolically linking /home/cjayahansa/ros2N_ws/build/webots_ros2_epuck/worlds/.rats_life_benchmark.wbproj -> /home/cjayahansa/ros2N_ws/install/webots_ros2_epuck/share/webots_ros2_epuck/worlds
creating /home/cjayahansa/ros2N_ws/install/webots_ros2_epuck/share/webots_ros2_epuck/protos
symbolically linking /home/cjayahansa/ros2N_ws/build/webots_ros2_epuck/protos/LegoTallInterval.proto -> /home/cjayahansa/ros2N_ws/install/webots_ros2_epuck/share/webots_ros2_epuck/protos
symbolically linking /home/cjayahansa/ros2N_ws/build/webots_ros2_epuck/protos/LegoTallWall.proto -> /home/cjayahansa/ros2N_ws/install/webots_ros2_epuck/share/webots_ros2_epuck/protos
creating /home/cjayahansa/ros2N_ws/install/webots_ros2_epuck/share/webots_ros2_epuck/resource
symbolically linking /home/cjayahansa/ros2N_ws/build/webots_ros2_epuck/resource/all.rviz -> /home/cjayahansa/ros2N_ws/install/webots_ros2_epuck/share/webots_ros2_epuck/resource
symbolically linking /home/cjayahansa/ros2N_ws/build/webots_ros2_epuck/resource/nav2_params.yaml -> /home/cjayahansa/ros2N_ws/install/webots_ros2_epuck/share/webots_ros2_epuck/resource
symbolically linking /home/cjayahansa/ros2N_ws/build/webots_ros2_epuck/resource/nav2_params_iron.yaml -> /home/cjayahansa/ros2N_ws/install/webots_ros2_epuck/share/webots_ros2_epuck/resource
symbolically linking /home/cjayahansa/ros2N_ws/build/webots_ros2_epuck/resource/map_rats_life.pgm -> /home/cjayahansa/ros2N_ws/install/webots_ros2_epuck/share/webots_ros2_epuck/resource
symbolically linking /home/cjayahansa/ros2N_ws/build/webots_ros2_epuck/resource/map_rats_life.yaml -> /home/cjayahansa/ros2N_ws/install/webots_ros2_epuck/share/webots_ros2_epuck/resource
symbolically linking /home/cjayahansa/ros2N_ws/build/webots_ros2_epuck/resource/nav2_rats_life_waypoints.yaml -> /home/cjayahansa/ros2N_ws/install/webots_ros2_epuck/share/webots_ros2_epuck/resource
symbolically linking /home/cjayahansa/ros2N_ws/build/webots_ros2_epuck/resource/epuck_world_map.pgm -> /home/cjayahansa/ros2N_ws/install/webots_ros2_epuck/share/webots_ros2_epuck/resource
symbolically linking /home/cjayahansa/ros2N_ws/build/webots_ros2_epuck/resource/epuck_world_map.yaml -> /home/cjayahansa/ros2N_ws/install/webots_ros2_epuck/share/webots_ros2_epuck/resource
symbolically linking /home/cjayahansa/ros2N_ws/build/webots_ros2_epuck/resource/epuck_webots.urdf -> /home/cjayahansa/ros2N_ws/install/webots_ros2_epuck/share/webots_ros2_epuck/resource
symbolically linking /home/cjayahansa/ros2N_ws/build/webots_ros2_epuck/resource/ros2_control.yml -> /home/cjayahansa/ros2N_ws/install/webots_ros2_epuck/share/webots_ros2_epuck/resource
symbolically linking /home/cjayahansa/ros2N_ws/build/webots_ros2_epuck/package.xml -> /home/cjayahansa/ros2N_ws/install/webots_ros2_epuck/share/webots_ros2_epuck
