[1.859s] Invoking command in '/home/cjayahansa/ros2N_ws/build/webots_ros2_epuck': AMENT_PREFIX_PATH=/home/cjayahansa/ros2N_ws/install/webots_ros2_importer:/home/cjayahansa/ros2N_ws/install/webots_ros2:/home/cjayahansa/ros2N_ws/install/webots_ros2_universal_robot:/home/cjayahansa/ros2N_ws/install/webots_ros2_turtlebot:/home/cjayahansa/ros2N_ws/install/webots_ros2_tiago:/home/cjayahansa/ros2N_ws/install/webots_ros2_tests:/home/cjayahansa/ros2N_ws/install/webots_ros2_tesla:/home/cjayahansa/ros2N_ws/install/webots_ros2_mavic:/home/cjayahansa/ros2N_ws/install/webots_ros2_husarion:/home/cjayahansa/ros2N_ws/install/webots_ros2_epuck:/home/cjayahansa/ros2N_ws/install/webots_ros2_crazyflie:/home/cjayahansa/ros2N_ws/install/webots_ros2_control:/home/cjayahansa/ros2N_ws/install/webots_ros2_driver:/home/cjayahansa/ros2N_ws/install/webots_ros2_msgs:/home/cjayahansa/ros2_ws/install/my_first_package:/opt/ros/humble PS1=\[\033[01;36m\]\u@\h\[\033[00m\]:\[\033[01;34m\]\w\[\033[00m\]$ PYTHONPATH=/home/cjayahansa/ros2N_ws/build/webots_ros2_epuck/prefix_override:/usr/lib/python3/dist-packages/colcon_core/task/python/colcon_distutils_commands:/home/cjayahansa/ros2N_ws/install/webots_ros2_epuck/lib/python3.10/site-packages:/home/cjayahansa/ros2N_ws/build/webots_ros2_importer:/home/cjayahansa/ros2N_ws/install/webots_ros2_importer/lib/python3.10/site-packages:/home/cjayahansa/ros2N_ws/install/webots_ros2/lib/python3.10/site-packages:/home/cjayahansa/ros2N_ws/install/webots_ros2_universal_robot/lib/python3.10/site-packages:/home/cjayahansa/ros2N_ws/install/webots_ros2_turtlebot/lib/python3.10/site-packages:/home/cjayahansa/ros2N_ws/install/webots_ros2_tiago/lib/python3.10/site-packages:/home/cjayahansa/ros2N_ws/install/webots_ros2_tests/lib/python3.10/site-packages:/home/cjayahansa/ros2N_ws/install/webots_ros2_tesla/lib/python3.10/site-packages:/home/cjayahansa/ros2N_ws/install/webots_ros2_mavic/lib/python3.10/site-packages:/home/cjayahansa/ros2N_ws/install/webots_ros2_husarion/lib/python3.10/site-packages:/home/cjayahansa/ros2N_ws/install/webots_ros2_epuck/lib/python3.10/site-packages:/home/cjayahansa/ros2N_ws/install/webots_ros2_crazyflie/lib/python3.10/site-packages:/home/cjayahansa/ros2N_ws/install/webots_ros2_driver/local/lib/python3.10/dist-packages:/home/cjayahansa/ros2N_ws/install/webots_ros2_msgs/local/lib/python3.10/dist-packages:/home/cjayahansa/ros2_ws/install/my_first_package/lib/python3.10/site-packages:/opt/ros/humble/lib/python3.10/site-packages:/opt/ros/humble/local/lib/python3.10/dist-packages /usr/bin/python3 -W ignore:setup.py install is deprecated -W ignore:easy_install command is deprecated setup.py develop --editable --build-directory /home/cjayahansa/ros2N_ws/build/webots_ros2_epuck/build --no-deps symlink_data
[2.167s] running develop
[2.402s] running egg_info
[2.402s] creating webots_ros2_epuck.egg-info
[2.402s] writing webots_ros2_epuck.egg-info/PKG-INFO
[2.402s] writing dependency_links to webots_ros2_epuck.egg-info/dependency_links.txt
[2.402s] writing entry points to webots_ros2_epuck.egg-info/entry_points.txt
[2.403s] writing requirements to webots_ros2_epuck.egg-info/requires.txt
[2.403s] writing top-level names to webots_ros2_epuck.egg-info/top_level.txt
[2.403s] writing manifest file 'webots_ros2_epuck.egg-info/SOURCES.txt'
[2.405s] reading manifest file 'webots_ros2_epuck.egg-info/SOURCES.txt'
[2.406s] writing manifest file 'webots_ros2_epuck.egg-info/SOURCES.txt'
[2.408s] running build_ext
[2.408s] Creating /home/cjayahansa/ros2N_ws/install/webots_ros2_epuck/lib/python3.10/site-packages/webots-ros2-epuck.egg-link (link to .)
[2.409s] Installing drive_calibrator script to /home/cjayahansa/ros2N_ws/install/webots_ros2_epuck/lib/webots_ros2_epuck
[2.409s] Installing epuck_node script to /home/cjayahansa/ros2N_ws/install/webots_ros2_epuck/lib/webots_ros2_epuck
[2.409s] Installing simple_mapper script to /home/cjayahansa/ros2N_ws/install/webots_ros2_epuck/lib/webots_ros2_epuck
[2.410s] 
[2.410s] Installed /home/cjayahansa/ros2N_ws/build/webots_ros2_epuck
[2.410s] running symlink_data
[2.410s] creating /home/cjayahansa/ros2N_ws/install/webots_ros2_epuck/share/ament_index
[2.410s] creating /home/cjayahansa/ros2N_ws/install/webots_ros2_epuck/share/ament_index/resource_index
[2.410s] creating /home/cjayahansa/ros2N_ws/install/webots_ros2_epuck/share/ament_index/resource_index/packages
[2.410s] symbolically linking /home/cjayahansa/ros2N_ws/build/webots_ros2_epuck/resource/webots_ros2_epuck -> /home/cjayahansa/ros2N_ws/install/webots_ros2_epuck/share/ament_index/resource_index/packages
[2.411s] creating /home/cjayahansa/ros2N_ws/install/webots_ros2_epuck/share/webots_ros2_epuck/launch
[2.411s] symbolically linking /home/cjayahansa/ros2N_ws/build/webots_ros2_epuck/launch/robot_launch.py -> /home/cjayahansa/ros2N_ws/install/webots_ros2_epuck/share/webots_ros2_epuck/launch
[2.411s] symbolically linking /home/cjayahansa/ros2N_ws/build/webots_ros2_epuck/launch/robot_tools_launch.py -> /home/cjayahansa/ros2N_ws/install/webots_ros2_epuck/share/webots_ros2_epuck/launch
[2.411s] symbolically linking /home/cjayahansa/ros2N_ws/build/webots_ros2_epuck/launch/rats_life_launch.py -> /home/cjayahansa/ros2N_ws/install/webots_ros2_epuck/share/webots_ros2_epuck/launch
[2.411s] symbolically linking /home/cjayahansa/ros2N_ws/build/webots_ros2_epuck/launch/rats_life_waypoints_launch.py -> /home/cjayahansa/ros2N_ws/install/webots_ros2_epuck/share/webots_ros2_epuck/launch
[2.411s] creating /home/cjayahansa/ros2N_ws/install/webots_ros2_epuck/share/webots_ros2_epuck/worlds
[2.411s] symbolically linking /home/cjayahansa/ros2N_ws/build/webots_ros2_epuck/worlds/epuck_world.wbt -> /home/cjayahansa/ros2N_ws/install/webots_ros2_epuck/share/webots_ros2_epuck/worlds
[2.411s] symbolically linking /home/cjayahansa/ros2N_ws/build/webots_ros2_epuck/worlds/.epuck_world.wbproj -> /home/cjayahansa/ros2N_ws/install/webots_ros2_epuck/share/webots_ros2_epuck/worlds
[2.412s] symbolically linking /home/cjayahansa/ros2N_ws/build/webots_ros2_epuck/worlds/rats_life_benchmark.wbt -> /home/cjayahansa/ros2N_ws/install/webots_ros2_epuck/share/webots_ros2_epuck/worlds
[2.412s] symbolically linking /home/cjayahansa/ros2N_ws/build/webots_ros2_epuck/worlds/.rats_life_benchmark.wbproj -> /home/cjayahansa/ros2N_ws/install/webots_ros2_epuck/share/webots_ros2_epuck/worlds
[2.412s] creating /home/cjayahansa/ros2N_ws/install/webots_ros2_epuck/share/webots_ros2_epuck/protos
[2.412s] symbolically linking /home/cjayahansa/ros2N_ws/build/webots_ros2_epuck/protos/LegoTallInterval.proto -> /home/cjayahansa/ros2N_ws/install/webots_ros2_epuck/share/webots_ros2_epuck/protos
[2.412s] symbolically linking /home/cjayahansa/ros2N_ws/build/webots_ros2_epuck/protos/LegoTallWall.proto -> /home/cjayahansa/ros2N_ws/install/webots_ros2_epuck/share/webots_ros2_epuck/protos
[2.413s] creating /home/cjayahansa/ros2N_ws/install/webots_ros2_epuck/share/webots_ros2_epuck/resource
[2.413s] symbolically linking /home/cjayahansa/ros2N_ws/build/webots_ros2_epuck/resource/all.rviz -> /home/cjayahansa/ros2N_ws/install/webots_ros2_epuck/share/webots_ros2_epuck/resource
[2.413s] symbolically linking /home/cjayahansa/ros2N_ws/build/webots_ros2_epuck/resource/nav2_params.yaml -> /home/cjayahansa/ros2N_ws/install/webots_ros2_epuck/share/webots_ros2_epuck/resource
[2.413s] symbolically linking /home/cjayahansa/ros2N_ws/build/webots_ros2_epuck/resource/nav2_params_iron.yaml -> /home/cjayahansa/ros2N_ws/install/webots_ros2_epuck/share/webots_ros2_epuck/resource
[2.413s] symbolically linking /home/cjayahansa/ros2N_ws/build/webots_ros2_epuck/resource/map_rats_life.pgm -> /home/cjayahansa/ros2N_ws/install/webots_ros2_epuck/share/webots_ros2_epuck/resource
[2.413s] symbolically linking /home/cjayahansa/ros2N_ws/build/webots_ros2_epuck/resource/map_rats_life.yaml -> /home/cjayahansa/ros2N_ws/install/webots_ros2_epuck/share/webots_ros2_epuck/resource
[2.414s] symbolically linking /home/cjayahansa/ros2N_ws/build/webots_ros2_epuck/resource/nav2_rats_life_waypoints.yaml -> /home/cjayahansa/ros2N_ws/install/webots_ros2_epuck/share/webots_ros2_epuck/resource
[2.414s] symbolically linking /home/cjayahansa/ros2N_ws/build/webots_ros2_epuck/resource/epuck_world_map.pgm -> /home/cjayahansa/ros2N_ws/install/webots_ros2_epuck/share/webots_ros2_epuck/resource
[2.414s] symbolically linking /home/cjayahansa/ros2N_ws/build/webots_ros2_epuck/resource/epuck_world_map.yaml -> /home/cjayahansa/ros2N_ws/install/webots_ros2_epuck/share/webots_ros2_epuck/resource
[2.414s] symbolically linking /home/cjayahansa/ros2N_ws/build/webots_ros2_epuck/resource/epuck_webots.urdf -> /home/cjayahansa/ros2N_ws/install/webots_ros2_epuck/share/webots_ros2_epuck/resource
[2.414s] symbolically linking /home/cjayahansa/ros2N_ws/build/webots_ros2_epuck/resource/ros2_control.yml -> /home/cjayahansa/ros2N_ws/install/webots_ros2_epuck/share/webots_ros2_epuck/resource
[2.414s] symbolically linking /home/cjayahansa/ros2N_ws/build/webots_ros2_epuck/package.xml -> /home/cjayahansa/ros2N_ws/install/webots_ros2_epuck/share/webots_ros2_epuck
[2.494s] Invoked command in '/home/cjayahansa/ros2N_ws/build/webots_ros2_epuck' returned '0': AMENT_PREFIX_PATH=/home/cjayahansa/ros2N_ws/install/webots_ros2_importer:/home/cjayahansa/ros2N_ws/install/webots_ros2:/home/cjayahansa/ros2N_ws/install/webots_ros2_universal_robot:/home/cjayahansa/ros2N_ws/install/webots_ros2_turtlebot:/home/cjayahansa/ros2N_ws/install/webots_ros2_tiago:/home/cjayahansa/ros2N_ws/install/webots_ros2_tests:/home/cjayahansa/ros2N_ws/install/webots_ros2_tesla:/home/cjayahansa/ros2N_ws/install/webots_ros2_mavic:/home/cjayahansa/ros2N_ws/install/webots_ros2_husarion:/home/cjayahansa/ros2N_ws/install/webots_ros2_epuck:/home/cjayahansa/ros2N_ws/install/webots_ros2_crazyflie:/home/cjayahansa/ros2N_ws/install/webots_ros2_control:/home/cjayahansa/ros2N_ws/install/webots_ros2_driver:/home/cjayahansa/ros2N_ws/install/webots_ros2_msgs:/home/cjayahansa/ros2_ws/install/my_first_package:/opt/ros/humble PS1=\[\033[01;36m\]\u@\h\[\033[00m\]:\[\033[01;34m\]\w\[\033[00m\]$ PYTHONPATH=/home/cjayahansa/ros2N_ws/build/webots_ros2_epuck/prefix_override:/usr/lib/python3/dist-packages/colcon_core/task/python/colcon_distutils_commands:/home/cjayahansa/ros2N_ws/install/webots_ros2_epuck/lib/python3.10/site-packages:/home/cjayahansa/ros2N_ws/build/webots_ros2_importer:/home/cjayahansa/ros2N_ws/install/webots_ros2_importer/lib/python3.10/site-packages:/home/cjayahansa/ros2N_ws/install/webots_ros2/lib/python3.10/site-packages:/home/cjayahansa/ros2N_ws/install/webots_ros2_universal_robot/lib/python3.10/site-packages:/home/cjayahansa/ros2N_ws/install/webots_ros2_turtlebot/lib/python3.10/site-packages:/home/cjayahansa/ros2N_ws/install/webots_ros2_tiago/lib/python3.10/site-packages:/home/cjayahansa/ros2N_ws/install/webots_ros2_tests/lib/python3.10/site-packages:/home/cjayahansa/ros2N_ws/install/webots_ros2_tesla/lib/python3.10/site-packages:/home/cjayahansa/ros2N_ws/install/webots_ros2_mavic/lib/python3.10/site-packages:/home/cjayahansa/ros2N_ws/install/webots_ros2_husarion/lib/python3.10/site-packages:/home/cjayahansa/ros2N_ws/install/webots_ros2_epuck/lib/python3.10/site-packages:/home/cjayahansa/ros2N_ws/install/webots_ros2_crazyflie/lib/python3.10/site-packages:/home/cjayahansa/ros2N_ws/install/webots_ros2_driver/local/lib/python3.10/dist-packages:/home/cjayahansa/ros2N_ws/install/webots_ros2_msgs/local/lib/python3.10/dist-packages:/home/cjayahansa/ros2_ws/install/my_first_package/lib/python3.10/site-packages:/opt/ros/humble/lib/python3.10/site-packages:/opt/ros/humble/local/lib/python3.10/dist-packages /usr/bin/python3 -W ignore:setup.py install is deprecated -W ignore:easy_install command is deprecated setup.py develop --editable --build-directory /home/cjayahansa/ros2N_ws/build/webots_ros2_epuck/build --no-deps symlink_data
