running develop
running egg_info
creating webots_ros2_tiago.egg-info
writing webots_ros2_tiago.egg-info/PKG-INFO
writing dependency_links to webots_ros2_tiago.egg-info/dependency_links.txt
writing entry points to webots_ros2_tiago.egg-info/entry_points.txt
writing requirements to webots_ros2_tiago.egg-info/requires.txt
writing top-level names to webots_ros2_tiago.egg-info/top_level.txt
writing manifest file 'webots_ros2_tiago.egg-info/SOURCES.txt'
reading manifest file 'webots_ros2_tiago.egg-info/SOURCES.txt'
writing manifest file 'webots_ros2_tiago.egg-info/SOURCES.txt'
running build_ext
Creating /home/cjayahansa/ros2N_ws/install/webots_ros2_tiago/lib/python3.10/site-packages/webots-ros2-tiago.egg-link (link to .)

Installed /home/cjayahansa/ros2N_ws/build/webots_ros2_tiago
running symlink_data
creating /home/cjayahansa/ros2N_ws/install/webots_ros2_tiago/share/ament_index
creating /home/cjayahansa/ros2N_ws/install/webots_ros2_tiago/share/ament_index/resource_index
creating /home/cjayahansa/ros2N_ws/install/webots_ros2_tiago/share/ament_index/resource_index/packages
symbolically linking /home/cjayahansa/ros2N_ws/build/webots_ros2_tiago/resource/webots_ros2_tiago -> /home/cjayahansa/ros2N_ws/install/webots_ros2_tiago/share/ament_index/resource_index/packages
creating /home/cjayahansa/ros2N_ws/install/webots_ros2_tiago/share/webots_ros2_tiago/launch
symbolically linking /home/cjayahansa/ros2N_ws/build/webots_ros2_tiago/launch/robot_launch.py -> /home/cjayahansa/ros2N_ws/install/webots_ros2_tiago/share/webots_ros2_tiago/launch
symbolically linking /home/cjayahansa/ros2N_ws/build/webots_ros2_tiago/launch/robot_bringup_launch.py -> /home/cjayahansa/ros2N_ws/install/webots_ros2_tiago/share/webots_ros2_tiago/launch
creating /home/cjayahansa/ros2N_ws/install/webots_ros2_tiago/share/webots_ros2_tiago/resource
symbolically linking /home/cjayahansa/ros2N_ws/build/webots_ros2_tiago/resource/tiago_webots.urdf -> /home/cjayahansa/ros2N_ws/install/webots_ros2_tiago/share/webots_ros2_tiago/resource
symbolically linking /home/cjayahansa/ros2N_ws/build/webots_ros2_tiago/resource/tiago_bringup_webots.urdf -> /home/cjayahansa/ros2N_ws/install/webots_ros2_tiago/share/webots_ros2_tiago/resource
symbolically linking /home/cjayahansa/ros2N_ws/build/webots_ros2_tiago/resource/ros2_control.yml -> /home/cjayahansa/ros2N_ws/install/webots_ros2_tiago/share/webots_ros2_tiago/resource
symbolically linking /home/cjayahansa/ros2N_ws/build/webots_ros2_tiago/resource/ros2_control_bringup.yml -> /home/cjayahansa/ros2N_ws/install/webots_ros2_tiago/share/webots_ros2_tiago/resource
symbolically linking /home/cjayahansa/ros2N_ws/build/webots_ros2_tiago/resource/nav2_params.yaml -> /home/cjayahansa/ros2N_ws/install/webots_ros2_tiago/share/webots_ros2_tiago/resource
symbolically linking /home/cjayahansa/ros2N_ws/build/webots_ros2_tiago/resource/nav2_params_iron.yaml -> /home/cjayahansa/ros2N_ws/install/webots_ros2_tiago/share/webots_ros2_tiago/resource
symbolically linking /home/cjayahansa/ros2N_ws/build/webots_ros2_tiago/resource/default.rviz -> /home/cjayahansa/ros2N_ws/install/webots_ros2_tiago/share/webots_ros2_tiago/resource
symbolically linking /home/cjayahansa/ros2N_ws/build/webots_ros2_tiago/resource/default_bringup.rviz -> /home/cjayahansa/ros2N_ws/install/webots_ros2_tiago/share/webots_ros2_tiago/resource
symbolically linking /home/cjayahansa/ros2N_ws/build/webots_ros2_tiago/resource/map.pgm -> /home/cjayahansa/ros2N_ws/install/webots_ros2_tiago/share/webots_ros2_tiago/resource
symbolically linking /home/cjayahansa/ros2N_ws/build/webots_ros2_tiago/resource/map.yaml -> /home/cjayahansa/ros2N_ws/install/webots_ros2_tiago/share/webots_ros2_tiago/resource
symbolically linking /home/cjayahansa/ros2N_ws/build/webots_ros2_tiago/resource/cartographer.lua -> /home/cjayahansa/ros2N_ws/install/webots_ros2_tiago/share/webots_ros2_tiago/resource
symbolically linking /home/cjayahansa/ros2N_ws/build/webots_ros2_tiago/resource/slam_toolbox_params.yaml -> /home/cjayahansa/ros2N_ws/install/webots_ros2_tiago/share/webots_ros2_tiago/resource
symbolically linking /home/cjayahansa/ros2N_ws/build/webots_ros2_tiago/package.xml -> /home/cjayahansa/ros2N_ws/install/webots_ros2_tiago/share/webots_ros2_tiago
creating /home/cjayahansa/ros2N_ws/install/webots_ros2_tiago/share/webots_ros2_tiago/worlds
symbolically linking /home/cjayahansa/ros2N_ws/build/webots_ros2_tiago/worlds/default.wbt -> /home/cjayahansa/ros2N_ws/install/webots_ros2_tiago/share/webots_ros2_tiago/worlds
symbolically linking /home/cjayahansa/ros2N_ws/build/webots_ros2_tiago/worlds/.default.wbproj -> /home/cjayahansa/ros2N_ws/install/webots_ros2_tiago/share/webots_ros2_tiago/worlds
symbolically linking /home/cjayahansa/ros2N_ws/build/webots_ros2_tiago/worlds/default_bringup.wbt -> /home/cjayahansa/ros2N_ws/install/webots_ros2_tiago/share/webots_ros2_tiago/worlds
symbolically linking /home/cjayahansa/ros2N_ws/build/webots_ros2_tiago/worlds/.default_bringup.wbproj -> /home/cjayahansa/ros2N_ws/install/webots_ros2_tiago/share/webots_ros2_tiago/worlds
