[1.886s] Invoking command in '/home/cjayahansa/ros2N_ws/build/webots_ros2_tiago': AMENT_PREFIX_PATH=/home/cjayahansa/ros2N_ws/install/webots_ros2_importer:/home/cjayahansa/ros2N_ws/install/webots_ros2:/home/cjayahansa/ros2N_ws/install/webots_ros2_universal_robot:/home/cjayahansa/ros2N_ws/install/webots_ros2_turtlebot:/home/cjayahansa/ros2N_ws/install/webots_ros2_tiago:/home/cjayahansa/ros2N_ws/install/webots_ros2_tests:/home/cjayahansa/ros2N_ws/install/webots_ros2_tesla:/home/cjayahansa/ros2N_ws/install/webots_ros2_mavic:/home/cjayahansa/ros2N_ws/install/webots_ros2_husarion:/home/cjayahansa/ros2N_ws/install/webots_ros2_epuck:/home/cjayahansa/ros2N_ws/install/webots_ros2_crazyflie:/home/cjayahansa/ros2N_ws/install/webots_ros2_control:/home/cjayahansa/ros2N_ws/install/webots_ros2_driver:/home/cjayahansa/ros2N_ws/install/webots_ros2_msgs:/home/cjayahansa/ros2_ws/install/my_first_package:/opt/ros/humble PS1=\[\033[01;36m\]\u@\h\[\033[00m\]:\[\033[01;34m\]\w\[\033[00m\]$ PYTHONPATH=/home/cjayahansa/ros2N_ws/build/webots_ros2_tiago/prefix_override:/usr/lib/python3/dist-packages/colcon_core/task/python/colcon_distutils_commands:/home/cjayahansa/ros2N_ws/install/webots_ros2_tiago/lib/python3.10/site-packages:/home/cjayahansa/ros2N_ws/build/webots_ros2_importer:/home/cjayahansa/ros2N_ws/install/webots_ros2_importer/lib/python3.10/site-packages:/home/cjayahansa/ros2N_ws/install/webots_ros2/lib/python3.10/site-packages:/home/cjayahansa/ros2N_ws/install/webots_ros2_universal_robot/lib/python3.10/site-packages:/home/cjayahansa/ros2N_ws/install/webots_ros2_turtlebot/lib/python3.10/site-packages:/home/cjayahansa/ros2N_ws/install/webots_ros2_tiago/lib/python3.10/site-packages:/home/cjayahansa/ros2N_ws/install/webots_ros2_tests/lib/python3.10/site-packages:/home/cjayahansa/ros2N_ws/install/webots_ros2_tesla/lib/python3.10/site-packages:/home/cjayahansa/ros2N_ws/install/webots_ros2_mavic/lib/python3.10/site-packages:/home/cjayahansa/ros2N_ws/install/webots_ros2_husarion/lib/python3.10/site-packages:/home/cjayahansa/ros2N_ws/install/webots_ros2_epuck/lib/python3.10/site-packages:/home/cjayahansa/ros2N_ws/install/webots_ros2_crazyflie/lib/python3.10/site-packages:/home/cjayahansa/ros2N_ws/install/webots_ros2_driver/local/lib/python3.10/dist-packages:/home/cjayahansa/ros2N_ws/install/webots_ros2_msgs/local/lib/python3.10/dist-packages:/home/cjayahansa/ros2_ws/install/my_first_package/lib/python3.10/site-packages:/opt/ros/humble/lib/python3.10/site-packages:/opt/ros/humble/local/lib/python3.10/dist-packages /usr/bin/python3 -W ignore:setup.py install is deprecated -W ignore:easy_install command is deprecated setup.py develop --editable --build-directory /home/cjayahansa/ros2N_ws/build/webots_ros2_tiago/build --no-deps symlink_data
[2.207s] running develop
[2.432s] running egg_info
[2.432s] creating webots_ros2_tiago.egg-info
[2.432s] writing webots_ros2_tiago.egg-info/PKG-INFO
[2.433s] writing dependency_links to webots_ros2_tiago.egg-info/dependency_links.txt
[2.433s] writing entry points to webots_ros2_tiago.egg-info/entry_points.txt
[2.433s] writing requirements to webots_ros2_tiago.egg-info/requires.txt
[2.433s] writing top-level names to webots_ros2_tiago.egg-info/top_level.txt
[2.433s] writing manifest file 'webots_ros2_tiago.egg-info/SOURCES.txt'
[2.435s] reading manifest file 'webots_ros2_tiago.egg-info/SOURCES.txt'
[2.435s] writing manifest file 'webots_ros2_tiago.egg-info/SOURCES.txt'
[2.437s] running build_ext
[2.438s] Creating /home/cjayahansa/ros2N_ws/install/webots_ros2_tiago/lib/python3.10/site-packages/webots-ros2-tiago.egg-link (link to .)
[2.439s] 
[2.439s] Installed /home/cjayahansa/ros2N_ws/build/webots_ros2_tiago
[2.439s] running symlink_data
[2.439s] creating /home/cjayahansa/ros2N_ws/install/webots_ros2_tiago/share/ament_index
[2.439s] creating /home/cjayahansa/ros2N_ws/install/webots_ros2_tiago/share/ament_index/resource_index
[2.439s] creating /home/cjayahansa/ros2N_ws/install/webots_ros2_tiago/share/ament_index/resource_index/packages
[2.440s] symbolically linking /home/cjayahansa/ros2N_ws/build/webots_ros2_tiago/resource/webots_ros2_tiago -> /home/cjayahansa/ros2N_ws/install/webots_ros2_tiago/share/ament_index/resource_index/packages
[2.440s] creating /home/cjayahansa/ros2N_ws/install/webots_ros2_tiago/share/webots_ros2_tiago/launch
[2.440s] symbolically linking /home/cjayahansa/ros2N_ws/build/webots_ros2_tiago/launch/robot_launch.py -> /home/cjayahansa/ros2N_ws/install/webots_ros2_tiago/share/webots_ros2_tiago/launch
[2.440s] symbolically linking /home/cjayahansa/ros2N_ws/build/webots_ros2_tiago/launch/robot_bringup_launch.py -> /home/cjayahansa/ros2N_ws/install/webots_ros2_tiago/share/webots_ros2_tiago/launch
[2.440s] creating /home/cjayahansa/ros2N_ws/install/webots_ros2_tiago/share/webots_ros2_tiago/resource
[2.440s] symbolically linking /home/cjayahansa/ros2N_ws/build/webots_ros2_tiago/resource/tiago_webots.urdf -> /home/cjayahansa/ros2N_ws/install/webots_ros2_tiago/share/webots_ros2_tiago/resource
[2.440s] symbolically linking /home/cjayahansa/ros2N_ws/build/webots_ros2_tiago/resource/tiago_bringup_webots.urdf -> /home/cjayahansa/ros2N_ws/install/webots_ros2_tiago/share/webots_ros2_tiago/resource
[2.440s] symbolically linking /home/cjayahansa/ros2N_ws/build/webots_ros2_tiago/resource/ros2_control.yml -> /home/cjayahansa/ros2N_ws/install/webots_ros2_tiago/share/webots_ros2_tiago/resource
[2.440s] symbolically linking /home/cjayahansa/ros2N_ws/build/webots_ros2_tiago/resource/ros2_control_bringup.yml -> /home/cjayahansa/ros2N_ws/install/webots_ros2_tiago/share/webots_ros2_tiago/resource
[2.440s] symbolically linking /home/cjayahansa/ros2N_ws/build/webots_ros2_tiago/resource/nav2_params.yaml -> /home/cjayahansa/ros2N_ws/install/webots_ros2_tiago/share/webots_ros2_tiago/resource
[2.440s] symbolically linking /home/cjayahansa/ros2N_ws/build/webots_ros2_tiago/resource/nav2_params_iron.yaml -> /home/cjayahansa/ros2N_ws/install/webots_ros2_tiago/share/webots_ros2_tiago/resource
[2.440s] symbolically linking /home/cjayahansa/ros2N_ws/build/webots_ros2_tiago/resource/default.rviz -> /home/cjayahansa/ros2N_ws/install/webots_ros2_tiago/share/webots_ros2_tiago/resource
[2.441s] symbolically linking /home/cjayahansa/ros2N_ws/build/webots_ros2_tiago/resource/default_bringup.rviz -> /home/cjayahansa/ros2N_ws/install/webots_ros2_tiago/share/webots_ros2_tiago/resource
[2.441s] symbolically linking /home/cjayahansa/ros2N_ws/build/webots_ros2_tiago/resource/map.pgm -> /home/cjayahansa/ros2N_ws/install/webots_ros2_tiago/share/webots_ros2_tiago/resource
[2.441s] symbolically linking /home/cjayahansa/ros2N_ws/build/webots_ros2_tiago/resource/map.yaml -> /home/cjayahansa/ros2N_ws/install/webots_ros2_tiago/share/webots_ros2_tiago/resource
[2.441s] symbolically linking /home/cjayahansa/ros2N_ws/build/webots_ros2_tiago/resource/cartographer.lua -> /home/cjayahansa/ros2N_ws/install/webots_ros2_tiago/share/webots_ros2_tiago/resource
[2.441s] symbolically linking /home/cjayahansa/ros2N_ws/build/webots_ros2_tiago/resource/slam_toolbox_params.yaml -> /home/cjayahansa/ros2N_ws/install/webots_ros2_tiago/share/webots_ros2_tiago/resource
[2.441s] symbolically linking /home/cjayahansa/ros2N_ws/build/webots_ros2_tiago/package.xml -> /home/cjayahansa/ros2N_ws/install/webots_ros2_tiago/share/webots_ros2_tiago
[2.441s] creating /home/cjayahansa/ros2N_ws/install/webots_ros2_tiago/share/webots_ros2_tiago/worlds
[2.441s] symbolically linking /home/cjayahansa/ros2N_ws/build/webots_ros2_tiago/worlds/default.wbt -> /home/cjayahansa/ros2N_ws/install/webots_ros2_tiago/share/webots_ros2_tiago/worlds
[2.441s] symbolically linking /home/cjayahansa/ros2N_ws/build/webots_ros2_tiago/worlds/.default.wbproj -> /home/cjayahansa/ros2N_ws/install/webots_ros2_tiago/share/webots_ros2_tiago/worlds
[2.441s] symbolically linking /home/cjayahansa/ros2N_ws/build/webots_ros2_tiago/worlds/default_bringup.wbt -> /home/cjayahansa/ros2N_ws/install/webots_ros2_tiago/share/webots_ros2_tiago/worlds
[2.442s] symbolically linking /home/cjayahansa/ros2N_ws/build/webots_ros2_tiago/worlds/.default_bringup.wbproj -> /home/cjayahansa/ros2N_ws/install/webots_ros2_tiago/share/webots_ros2_tiago/worlds
[2.525s] Invoked command in '/home/cjayahansa/ros2N_ws/build/webots_ros2_tiago' returned '0': AMENT_PREFIX_PATH=/home/cjayahansa/ros2N_ws/install/webots_ros2_importer:/home/cjayahansa/ros2N_ws/install/webots_ros2:/home/cjayahansa/ros2N_ws/install/webots_ros2_universal_robot:/home/cjayahansa/ros2N_ws/install/webots_ros2_turtlebot:/home/cjayahansa/ros2N_ws/install/webots_ros2_tiago:/home/cjayahansa/ros2N_ws/install/webots_ros2_tests:/home/cjayahansa/ros2N_ws/install/webots_ros2_tesla:/home/cjayahansa/ros2N_ws/install/webots_ros2_mavic:/home/cjayahansa/ros2N_ws/install/webots_ros2_husarion:/home/cjayahansa/ros2N_ws/install/webots_ros2_epuck:/home/cjayahansa/ros2N_ws/install/webots_ros2_crazyflie:/home/cjayahansa/ros2N_ws/install/webots_ros2_control:/home/cjayahansa/ros2N_ws/install/webots_ros2_driver:/home/cjayahansa/ros2N_ws/install/webots_ros2_msgs:/home/cjayahansa/ros2_ws/install/my_first_package:/opt/ros/humble PS1=\[\033[01;36m\]\u@\h\[\033[00m\]:\[\033[01;34m\]\w\[\033[00m\]$ PYTHONPATH=/home/cjayahansa/ros2N_ws/build/webots_ros2_tiago/prefix_override:/usr/lib/python3/dist-packages/colcon_core/task/python/colcon_distutils_commands:/home/cjayahansa/ros2N_ws/install/webots_ros2_tiago/lib/python3.10/site-packages:/home/cjayahansa/ros2N_ws/build/webots_ros2_importer:/home/cjayahansa/ros2N_ws/install/webots_ros2_importer/lib/python3.10/site-packages:/home/cjayahansa/ros2N_ws/install/webots_ros2/lib/python3.10/site-packages:/home/cjayahansa/ros2N_ws/install/webots_ros2_universal_robot/lib/python3.10/site-packages:/home/cjayahansa/ros2N_ws/install/webots_ros2_turtlebot/lib/python3.10/site-packages:/home/cjayahansa/ros2N_ws/install/webots_ros2_tiago/lib/python3.10/site-packages:/home/cjayahansa/ros2N_ws/install/webots_ros2_tests/lib/python3.10/site-packages:/home/cjayahansa/ros2N_ws/install/webots_ros2_tesla/lib/python3.10/site-packages:/home/cjayahansa/ros2N_ws/install/webots_ros2_mavic/lib/python3.10/site-packages:/home/cjayahansa/ros2N_ws/install/webots_ros2_husarion/lib/python3.10/site-packages:/home/cjayahansa/ros2N_ws/install/webots_ros2_epuck/lib/python3.10/site-packages:/home/cjayahansa/ros2N_ws/install/webots_ros2_crazyflie/lib/python3.10/site-packages:/home/cjayahansa/ros2N_ws/install/webots_ros2_driver/local/lib/python3.10/dist-packages:/home/cjayahansa/ros2N_ws/install/webots_ros2_msgs/local/lib/python3.10/dist-packages:/home/cjayahansa/ros2_ws/install/my_first_package/lib/python3.10/site-packages:/opt/ros/humble/lib/python3.10/site-packages:/opt/ros/humble/local/lib/python3.10/dist-packages /usr/bin/python3 -W ignore:setup.py install is deprecated -W ignore:easy_install command is deprecated setup.py develop --editable --build-directory /home/cjayahansa/ros2N_ws/build/webots_ros2_tiago/build --no-deps symlink_data
