running develop
running egg_info
creating webots_ros2_tesla.egg-info
writing webots_ros2_tesla.egg-info/PKG-INFO
writing dependency_links to webots_ros2_tesla.egg-info/dependency_links.txt
writing entry points to webots_ros2_tesla.egg-info/entry_points.txt
writing requirements to webots_ros2_tesla.egg-info/requires.txt
writing top-level names to webots_ros2_tesla.egg-info/top_level.txt
writing manifest file 'webots_ros2_tesla.egg-info/SOURCES.txt'
reading manifest file 'webots_ros2_tesla.egg-info/SOURCES.txt'
writing manifest file 'webots_ros2_tesla.egg-info/SOURCES.txt'
running build_ext
Creating /home/cjayahansa/ros2N_ws/install/webots_ros2_tesla/lib/python3.10/site-packages/webots-ros2-tesla.egg-link (link to .)
Installing lane_follower script to /home/cjayahansa/ros2N_ws/install/webots_ros2_tesla/lib/webots_ros2_tesla

Installed /home/cjayahansa/ros2N_ws/build/webots_ros2_tesla
running symlink_data
creating /home/cjayahansa/ros2N_ws/install/webots_ros2_tesla/share/ament_index
creating /home/cjayahansa/ros2N_ws/install/webots_ros2_tesla/share/ament_index/resource_index
creating /home/cjayahansa/ros2N_ws/install/webots_ros2_tesla/share/ament_index/resource_index/packages
symbolically linking /home/cjayahansa/ros2N_ws/build/webots_ros2_tesla/resource/webots_ros2_tesla -> /home/cjayahansa/ros2N_ws/install/webots_ros2_tesla/share/ament_index/resource_index/packages
creating /home/cjayahansa/ros2N_ws/install/webots_ros2_tesla/share/webots_ros2_tesla/launch
symbolically linking /home/cjayahansa/ros2N_ws/build/webots_ros2_tesla/launch/robot_launch.py -> /home/cjayahansa/ros2N_ws/install/webots_ros2_tesla/share/webots_ros2_tesla/launch
creating /home/cjayahansa/ros2N_ws/install/webots_ros2_tesla/share/webots_ros2_tesla/worlds
symbolically linking /home/cjayahansa/ros2N_ws/build/webots_ros2_tesla/worlds/tesla_world.wbt -> /home/cjayahansa/ros2N_ws/install/webots_ros2_tesla/share/webots_ros2_tesla/worlds
symbolically linking /home/cjayahansa/ros2N_ws/build/webots_ros2_tesla/worlds/.tesla_world.wbproj -> /home/cjayahansa/ros2N_ws/install/webots_ros2_tesla/share/webots_ros2_tesla/worlds
creating /home/cjayahansa/ros2N_ws/install/webots_ros2_tesla/share/webots_ros2_tesla/resource
symbolically linking /home/cjayahansa/ros2N_ws/build/webots_ros2_tesla/resource/tesla_webots.urdf -> /home/cjayahansa/ros2N_ws/install/webots_ros2_tesla/share/webots_ros2_tesla/resource
symbolically linking /home/cjayahansa/ros2N_ws/build/webots_ros2_tesla/package.xml -> /home/cjayahansa/ros2N_ws/install/webots_ros2_tesla/share/webots_ros2_tesla
