[1.646s] Invoking command in '/home/cjayahansa/ros2N_ws/build/webots_ros2_tesla': AMENT_PREFIX_PATH=/home/cjayahansa/ros2N_ws/install/webots_ros2_importer:/home/cjayahansa/ros2N_ws/install/webots_ros2:/home/cjayahansa/ros2N_ws/install/webots_ros2_universal_robot:/home/cjayahansa/ros2N_ws/install/webots_ros2_turtlebot:/home/cjayahansa/ros2N_ws/install/webots_ros2_tiago:/home/cjayahansa/ros2N_ws/install/webots_ros2_tests:/home/cjayahansa/ros2N_ws/install/webots_ros2_tesla:/home/cjayahansa/ros2N_ws/install/webots_ros2_mavic:/home/cjayahansa/ros2N_ws/install/webots_ros2_husarion:/home/cjayahansa/ros2N_ws/install/webots_ros2_epuck:/home/cjayahansa/ros2N_ws/install/webots_ros2_crazyflie:/home/cjayahansa/ros2N_ws/install/webots_ros2_control:/home/cjayahansa/ros2N_ws/install/webots_ros2_driver:/home/cjayahansa/ros2N_ws/install/webots_ros2_msgs:/home/cjayahansa/ros2_ws/install/my_first_package:/opt/ros/humble CMAKE_PREFIX_PATH=/home/cjayahansa/ros2N_ws/install/webots_ros2_driver:/home/cjayahansa/ros2N_ws/install/webots_ros2_msgs:/home/cjayahansa/ros2N_ws/install/webots_ros2_control LD_LIBRARY_PATH=/home/cjayahansa/ros2N_ws/install/webots_ros2_driver/lib:/home/cjayahansa/ros2N_ws/install/webots_ros2_msgs/lib:/home/cjayahansa/ros2N_ws/install/webots_ros2_control/lib:/opt/ros/humble/opt/rviz_ogre_vendor/lib:/opt/ros/humble/lib/x86_64-linux-gnu:/opt/ros/humble/lib PS1=\[\033[01;36m\]\u@\h\[\033[00m\]:\[\033[01;34m\]\w\[\033[00m\]$ PYTHONPATH=/home/cjayahansa/ros2N_ws/build/webots_ros2_tesla/prefix_override:/usr/lib/python3/dist-packages/colcon_core/task/python/colcon_distutils_commands:/home/cjayahansa/ros2N_ws/install/webots_ros2_tesla/lib/python3.10/site-packages:/home/cjayahansa/ros2N_ws/build/webots_ros2_importer:/home/cjayahansa/ros2N_ws/install/webots_ros2_importer/lib/python3.10/site-packages:/home/cjayahansa/ros2N_ws/install/webots_ros2/lib/python3.10/site-packages:/home/cjayahansa/ros2N_ws/install/webots_ros2_universal_robot/lib/python3.10/site-packages:/home/cjayahansa/ros2N_ws/install/webots_ros2_turtlebot/lib/python3.10/site-packages:/home/cjayahansa/ros2N_ws/install/webots_ros2_tiago/lib/python3.10/site-packages:/home/cjayahansa/ros2N_ws/install/webots_ros2_tests/lib/python3.10/site-packages:/home/cjayahansa/ros2N_ws/install/webots_ros2_tesla/lib/python3.10/site-packages:/home/cjayahansa/ros2N_ws/install/webots_ros2_mavic/lib/python3.10/site-packages:/home/cjayahansa/ros2N_ws/install/webots_ros2_husarion/lib/python3.10/site-packages:/home/cjayahansa/ros2N_ws/install/webots_ros2_epuck/lib/python3.10/site-packages:/home/cjayahansa/ros2N_ws/install/webots_ros2_crazyflie/lib/python3.10/site-packages:/home/cjayahansa/ros2N_ws/install/webots_ros2_driver/local/lib/python3.10/dist-packages:/home/cjayahansa/ros2N_ws/install/webots_ros2_msgs/local/lib/python3.10/dist-packages:/home/cjayahansa/ros2_ws/install/my_first_package/lib/python3.10/site-packages:/opt/ros/humble/lib/python3.10/site-packages:/opt/ros/humble/local/lib/python3.10/dist-packages /usr/bin/python3 -W ignore:setup.py install is deprecated -W ignore:easy_install command is deprecated setup.py develop --editable --build-directory /home/cjayahansa/ros2N_ws/build/webots_ros2_tesla/build --no-deps symlink_data
[1.954s] running develop
[2.178s] running egg_info
[2.178s] creating webots_ros2_tesla.egg-info
[2.179s] writing webots_ros2_tesla.egg-info/PKG-INFO
[2.179s] writing dependency_links to webots_ros2_tesla.egg-info/dependency_links.txt
[2.179s] writing entry points to webots_ros2_tesla.egg-info/entry_points.txt
[2.179s] writing requirements to webots_ros2_tesla.egg-info/requires.txt
[2.179s] writing top-level names to webots_ros2_tesla.egg-info/top_level.txt
[2.180s] writing manifest file 'webots_ros2_tesla.egg-info/SOURCES.txt'
[2.182s] reading manifest file 'webots_ros2_tesla.egg-info/SOURCES.txt'
[2.183s] writing manifest file 'webots_ros2_tesla.egg-info/SOURCES.txt'
[2.185s] running build_ext
[2.185s] Creating /home/cjayahansa/ros2N_ws/install/webots_ros2_tesla/lib/python3.10/site-packages/webots-ros2-tesla.egg-link (link to .)
[2.187s] Installing lane_follower script to /home/cjayahansa/ros2N_ws/install/webots_ros2_tesla/lib/webots_ros2_tesla
[2.187s] 
[2.187s] Installed /home/cjayahansa/ros2N_ws/build/webots_ros2_tesla
[2.187s] running symlink_data
[2.187s] creating /home/cjayahansa/ros2N_ws/install/webots_ros2_tesla/share/ament_index
[2.187s] creating /home/cjayahansa/ros2N_ws/install/webots_ros2_tesla/share/ament_index/resource_index
[2.188s] creating /home/cjayahansa/ros2N_ws/install/webots_ros2_tesla/share/ament_index/resource_index/packages
[2.188s] symbolically linking /home/cjayahansa/ros2N_ws/build/webots_ros2_tesla/resource/webots_ros2_tesla -> /home/cjayahansa/ros2N_ws/install/webots_ros2_tesla/share/ament_index/resource_index/packages
[2.188s] creating /home/cjayahansa/ros2N_ws/install/webots_ros2_tesla/share/webots_ros2_tesla/launch
[2.188s] symbolically linking /home/cjayahansa/ros2N_ws/build/webots_ros2_tesla/launch/robot_launch.py -> /home/cjayahansa/ros2N_ws/install/webots_ros2_tesla/share/webots_ros2_tesla/launch
[2.188s] creating /home/cjayahansa/ros2N_ws/install/webots_ros2_tesla/share/webots_ros2_tesla/worlds
[2.188s] symbolically linking /home/cjayahansa/ros2N_ws/build/webots_ros2_tesla/worlds/tesla_world.wbt -> /home/cjayahansa/ros2N_ws/install/webots_ros2_tesla/share/webots_ros2_tesla/worlds
[2.188s] symbolically linking /home/cjayahansa/ros2N_ws/build/webots_ros2_tesla/worlds/.tesla_world.wbproj -> /home/cjayahansa/ros2N_ws/install/webots_ros2_tesla/share/webots_ros2_tesla/worlds
[2.188s] creating /home/cjayahansa/ros2N_ws/install/webots_ros2_tesla/share/webots_ros2_tesla/resource
[2.188s] symbolically linking /home/cjayahansa/ros2N_ws/build/webots_ros2_tesla/resource/tesla_webots.urdf -> /home/cjayahansa/ros2N_ws/install/webots_ros2_tesla/share/webots_ros2_tesla/resource
[2.189s] symbolically linking /home/cjayahansa/ros2N_ws/build/webots_ros2_tesla/package.xml -> /home/cjayahansa/ros2N_ws/install/webots_ros2_tesla/share/webots_ros2_tesla
[2.263s] Invoked command in '/home/cjayahansa/ros2N_ws/build/webots_ros2_tesla' returned '0': AMENT_PREFIX_PATH=/home/cjayahansa/ros2N_ws/install/webots_ros2_importer:/home/cjayahansa/ros2N_ws/install/webots_ros2:/home/cjayahansa/ros2N_ws/install/webots_ros2_universal_robot:/home/cjayahansa/ros2N_ws/install/webots_ros2_turtlebot:/home/cjayahansa/ros2N_ws/install/webots_ros2_tiago:/home/cjayahansa/ros2N_ws/install/webots_ros2_tests:/home/cjayahansa/ros2N_ws/install/webots_ros2_tesla:/home/cjayahansa/ros2N_ws/install/webots_ros2_mavic:/home/cjayahansa/ros2N_ws/install/webots_ros2_husarion:/home/cjayahansa/ros2N_ws/install/webots_ros2_epuck:/home/cjayahansa/ros2N_ws/install/webots_ros2_crazyflie:/home/cjayahansa/ros2N_ws/install/webots_ros2_control:/home/cjayahansa/ros2N_ws/install/webots_ros2_driver:/home/cjayahansa/ros2N_ws/install/webots_ros2_msgs:/home/cjayahansa/ros2_ws/install/my_first_package:/opt/ros/humble CMAKE_PREFIX_PATH=/home/cjayahansa/ros2N_ws/install/webots_ros2_driver:/home/cjayahansa/ros2N_ws/install/webots_ros2_msgs:/home/cjayahansa/ros2N_ws/install/webots_ros2_control LD_LIBRARY_PATH=/home/cjayahansa/ros2N_ws/install/webots_ros2_driver/lib:/home/cjayahansa/ros2N_ws/install/webots_ros2_msgs/lib:/home/cjayahansa/ros2N_ws/install/webots_ros2_control/lib:/opt/ros/humble/opt/rviz_ogre_vendor/lib:/opt/ros/humble/lib/x86_64-linux-gnu:/opt/ros/humble/lib PS1=\[\033[01;36m\]\u@\h\[\033[00m\]:\[\033[01;34m\]\w\[\033[00m\]$ PYTHONPATH=/home/cjayahansa/ros2N_ws/build/webots_ros2_tesla/prefix_override:/usr/lib/python3/dist-packages/colcon_core/task/python/colcon_distutils_commands:/home/cjayahansa/ros2N_ws/install/webots_ros2_tesla/lib/python3.10/site-packages:/home/cjayahansa/ros2N_ws/build/webots_ros2_importer:/home/cjayahansa/ros2N_ws/install/webots_ros2_importer/lib/python3.10/site-packages:/home/cjayahansa/ros2N_ws/install/webots_ros2/lib/python3.10/site-packages:/home/cjayahansa/ros2N_ws/install/webots_ros2_universal_robot/lib/python3.10/site-packages:/home/cjayahansa/ros2N_ws/install/webots_ros2_turtlebot/lib/python3.10/site-packages:/home/cjayahansa/ros2N_ws/install/webots_ros2_tiago/lib/python3.10/site-packages:/home/cjayahansa/ros2N_ws/install/webots_ros2_tests/lib/python3.10/site-packages:/home/cjayahansa/ros2N_ws/install/webots_ros2_tesla/lib/python3.10/site-packages:/home/cjayahansa/ros2N_ws/install/webots_ros2_mavic/lib/python3.10/site-packages:/home/cjayahansa/ros2N_ws/install/webots_ros2_husarion/lib/python3.10/site-packages:/home/cjayahansa/ros2N_ws/install/webots_ros2_epuck/lib/python3.10/site-packages:/home/cjayahansa/ros2N_ws/install/webots_ros2_crazyflie/lib/python3.10/site-packages:/home/cjayahansa/ros2N_ws/install/webots_ros2_driver/local/lib/python3.10/dist-packages:/home/cjayahansa/ros2N_ws/install/webots_ros2_msgs/local/lib/python3.10/dist-packages:/home/cjayahansa/ros2_ws/install/my_first_package/lib/python3.10/site-packages:/opt/ros/humble/lib/python3.10/site-packages:/opt/ros/humble/local/lib/python3.10/dist-packages /usr/bin/python3 -W ignore:setup.py install is deprecated -W ignore:easy_install command is deprecated setup.py develop --editable --build-directory /home/cjayahansa/ros2N_ws/build/webots_ros2_tesla/build --no-deps symlink_data
