running develop
running egg_info
creating webots_ros2_mavic.egg-info
writing webots_ros2_mavic.egg-info/PKG-INFO
writing dependency_links to webots_ros2_mavic.egg-info/dependency_links.txt
writing entry points to webots_ros2_mavic.egg-info/entry_points.txt
writing requirements to webots_ros2_mavic.egg-info/requires.txt
writing top-level names to webots_ros2_mavic.egg-info/top_level.txt
writing manifest file 'webots_ros2_mavic.egg-info/SOURCES.txt'
reading manifest file 'webots_ros2_mavic.egg-info/SOURCES.txt'
writing manifest file 'webots_ros2_mavic.egg-info/SOURCES.txt'
running build_ext
Creating /home/cjayahansa/ros2N_ws/install/webots_ros2_mavic/lib/python3.10/site-packages/webots-ros2-mavic.egg-link (link to .)

Installed /home/cjayahansa/ros2N_ws/build/webots_ros2_mavic
running symlink_data
creating /home/cjayahansa/ros2N_ws/install/webots_ros2_mavic/share/ament_index
creating /home/cjayahansa/ros2N_ws/install/webots_ros2_mavic/share/ament_index/resource_index
creating /home/cjayahansa/ros2N_ws/install/webots_ros2_mavic/share/ament_index/resource_index/packages
symbolically linking /home/cjayahansa/ros2N_ws/build/webots_ros2_mavic/resource/webots_ros2_mavic -> /home/cjayahansa/ros2N_ws/install/webots_ros2_mavic/share/ament_index/resource_index/packages
creating /home/cjayahansa/ros2N_ws/install/webots_ros2_mavic/share/webots_ros2_mavic/launch
symbolically linking /home/cjayahansa/ros2N_ws/build/webots_ros2_mavic/launch/robot_launch.py -> /home/cjayahansa/ros2N_ws/install/webots_ros2_mavic/share/webots_ros2_mavic/launch
creating /home/cjayahansa/ros2N_ws/install/webots_ros2_mavic/share/webots_ros2_mavic/worlds
symbolically linking /home/cjayahansa/ros2N_ws/build/webots_ros2_mavic/worlds/mavic_world.wbt -> /home/cjayahansa/ros2N_ws/install/webots_ros2_mavic/share/webots_ros2_mavic/worlds
symbolically linking /home/cjayahansa/ros2N_ws/build/webots_ros2_mavic/worlds/.mavic_world.wbproj -> /home/cjayahansa/ros2N_ws/install/webots_ros2_mavic/share/webots_ros2_mavic/worlds
creating /home/cjayahansa/ros2N_ws/install/webots_ros2_mavic/share/webots_ros2_mavic/resource
symbolically linking /home/cjayahansa/ros2N_ws/build/webots_ros2_mavic/resource/mavic_webots.urdf -> /home/cjayahansa/ros2N_ws/install/webots_ros2_mavic/share/webots_ros2_mavic/resource
symbolically linking /home/cjayahansa/ros2N_ws/build/webots_ros2_mavic/package.xml -> /home/cjayahansa/ros2N_ws/install/webots_ros2_mavic/share/webots_ros2_mavic
