running develop
running egg_info
creating webots_ros2_crazyflie.egg-info
writing webots_ros2_crazyflie.egg-info/PKG-INFO
writing dependency_links to webots_ros2_crazyflie.egg-info/dependency_links.txt
writing entry points to webots_ros2_crazyflie.egg-info/entry_points.txt
writing requirements to webots_ros2_crazyflie.egg-info/requires.txt
writing top-level names to webots_ros2_crazyflie.egg-info/top_level.txt
writing manifest file 'webots_ros2_crazyflie.egg-info/SOURCES.txt'
reading manifest file 'webots_ros2_crazyflie.egg-info/SOURCES.txt'
writing manifest file 'webots_ros2_crazyflie.egg-info/SOURCES.txt'
running build_ext
Creating /home/cjayahansa/ros2N_ws/install/webots_ros2_crazyflie/lib/python3.10/site-packages/webots-ros2-crazyflie.egg-link (link to .)
Installing crazyflie_driver script to /home/cjayahansa/ros2N_ws/install/webots_ros2_crazyflie/lib/webots_ros2_crazyflie

Installed /home/cjayahansa/ros2N_ws/build/webots_ros2_crazyflie
running symlink_data
creating /home/cjayahansa/ros2N_ws/install/webots_ros2_crazyflie/share/ament_index
creating /home/cjayahansa/ros2N_ws/install/webots_ros2_crazyflie/share/ament_index/resource_index
creating /home/cjayahansa/ros2N_ws/install/webots_ros2_crazyflie/share/ament_index/resource_index/packages
symbolically linking /home/cjayahansa/ros2N_ws/build/webots_ros2_crazyflie/resource/webots_ros2_crazyflie -> /home/cjayahansa/ros2N_ws/install/webots_ros2_crazyflie/share/ament_index/resource_index/packages
creating /home/cjayahansa/ros2N_ws/install/webots_ros2_crazyflie/share/webots_ros2_crazyflie/launch
symbolically linking /home/cjayahansa/ros2N_ws/build/webots_ros2_crazyflie/launch/robot_launch.py -> /home/cjayahansa/ros2N_ws/install/webots_ros2_crazyflie/share/webots_ros2_crazyflie/launch
creating /home/cjayahansa/ros2N_ws/install/webots_ros2_crazyflie/share/webots_ros2_crazyflie/worlds
symbolically linking /home/cjayahansa/ros2N_ws/build/webots_ros2_crazyflie/worlds/crazyflie_apartment.wbt -> /home/cjayahansa/ros2N_ws/install/webots_ros2_crazyflie/share/webots_ros2_crazyflie/worlds
symbolically linking /home/cjayahansa/ros2N_ws/build/webots_ros2_crazyflie/worlds/.crazyflie_apartment.wbproj -> /home/cjayahansa/ros2N_ws/install/webots_ros2_crazyflie/share/webots_ros2_crazyflie/worlds
creating /home/cjayahansa/ros2N_ws/install/webots_ros2_crazyflie/share/webots_ros2_crazyflie/resource
symbolically linking /home/cjayahansa/ros2N_ws/build/webots_ros2_crazyflie/resource/crazyflie_webots.urdf -> /home/cjayahansa/ros2N_ws/install/webots_ros2_crazyflie/share/webots_ros2_crazyflie/resource
symbolically linking /home/cjayahansa/ros2N_ws/build/webots_ros2_crazyflie/package.xml -> /home/cjayahansa/ros2N_ws/install/webots_ros2_crazyflie/share/webots_ros2_crazyflie
