running develop
running egg_info
creating webots_ros2_universal_robot.egg-info
writing webots_ros2_universal_robot.egg-info/PKG-INFO
writing dependency_links to webots_ros2_universal_robot.egg-info/dependency_links.txt
writing entry points to webots_ros2_universal_robot.egg-info/entry_points.txt
writing requirements to webots_ros2_universal_robot.egg-info/requires.txt
writing top-level names to webots_ros2_universal_robot.egg-info/top_level.txt
writing manifest file 'webots_ros2_universal_robot.egg-info/SOURCES.txt'
reading manifest file 'webots_ros2_universal_robot.egg-info/SOURCES.txt'
writing manifest file 'webots_ros2_universal_robot.egg-info/SOURCES.txt'
running build_ext
Creating /home/cjayahansa/ros2N_ws/install/webots_ros2_universal_robot/lib/python3.10/site-packages/webots-ros2-universal-robot.egg-link (link to .)
Installing abb_controller script to /home/cjayahansa/ros2N_ws/install/webots_ros2_universal_robot/lib/webots_ros2_universal_robot
Installing ur5e_controller script to /home/cjayahansa/ros2N_ws/install/webots_ros2_universal_robot/lib/webots_ros2_universal_robot

Installed /home/cjayahansa/ros2N_ws/build/webots_ros2_universal_robot
running symlink_data
creating /home/cjayahansa/ros2N_ws/install/webots_ros2_universal_robot/share/ament_index
creating /home/cjayahansa/ros2N_ws/install/webots_ros2_universal_robot/share/ament_index/resource_index
creating /home/cjayahansa/ros2N_ws/install/webots_ros2_universal_robot/share/ament_index/resource_index/packages
symbolically linking /home/cjayahansa/ros2N_ws/build/webots_ros2_universal_robot/resource/webots_ros2_universal_robot -> /home/cjayahansa/ros2N_ws/install/webots_ros2_universal_robot/share/ament_index/resource_index/packages
creating /home/cjayahansa/ros2N_ws/install/webots_ros2_universal_robot/share/webots_ros2_universal_robot/launch
symbolically linking /home/cjayahansa/ros2N_ws/build/webots_ros2_universal_robot/launch/robot_launch/robot_nodes_launch.py -> /home/cjayahansa/ros2N_ws/install/webots_ros2_universal_robot/share/webots_ros2_universal_robot/launch
symbolically linking /home/cjayahansa/ros2N_ws/build/webots_ros2_universal_robot/launch/robot_launch/robot_world_launch.py -> /home/cjayahansa/ros2N_ws/install/webots_ros2_universal_robot/share/webots_ros2_universal_robot/launch
symbolically linking /home/cjayahansa/ros2N_ws/build/webots_ros2_universal_robot/launch/robot_launch/robot_moveit_nodes_launch.py -> /home/cjayahansa/ros2N_ws/install/webots_ros2_universal_robot/share/webots_ros2_universal_robot/launch
symbolically linking /home/cjayahansa/ros2N_ws/build/webots_ros2_universal_robot/launch/multirobot_launch.py -> /home/cjayahansa/ros2N_ws/install/webots_ros2_universal_robot/share/webots_ros2_universal_robot/launch
creating /home/cjayahansa/ros2N_ws/install/webots_ros2_universal_robot/share/webots_ros2_universal_robot/worlds
symbolically linking /home/cjayahansa/ros2N_ws/build/webots_ros2_universal_robot/worlds/universal_robot.wbt -> /home/cjayahansa/ros2N_ws/install/webots_ros2_universal_robot/share/webots_ros2_universal_robot/worlds
symbolically linking /home/cjayahansa/ros2N_ws/build/webots_ros2_universal_robot/worlds/.universal_robot.wbproj -> /home/cjayahansa/ros2N_ws/install/webots_ros2_universal_robot/share/webots_ros2_universal_robot/worlds
symbolically linking /home/cjayahansa/ros2N_ws/build/webots_ros2_universal_robot/worlds/robotic_arms.wbt -> /home/cjayahansa/ros2N_ws/install/webots_ros2_universal_robot/share/webots_ros2_universal_robot/worlds
symbolically linking /home/cjayahansa/ros2N_ws/build/webots_ros2_universal_robot/worlds/.robotic_arms.wbproj -> /home/cjayahansa/ros2N_ws/install/webots_ros2_universal_robot/share/webots_ros2_universal_robot/worlds
symbolically linking /home/cjayahansa/ros2N_ws/build/webots_ros2_universal_robot/package.xml -> /home/cjayahansa/ros2N_ws/install/webots_ros2_universal_robot/share/webots_ros2_universal_robot
creating /home/cjayahansa/ros2N_ws/install/webots_ros2_universal_robot/share/webots_ros2_universal_robot/resource
symbolically linking /home/cjayahansa/ros2N_ws/build/webots_ros2_universal_robot/resource/ur5e_with_gripper.urdf.xacro -> /home/cjayahansa/ros2N_ws/install/webots_ros2_universal_robot/share/webots_ros2_universal_robot/resource
symbolically linking /home/cjayahansa/ros2N_ws/build/webots_ros2_universal_robot/resource/ros2_control_config.yaml -> /home/cjayahansa/ros2N_ws/install/webots_ros2_universal_robot/share/webots_ros2_universal_robot/resource
symbolically linking /home/cjayahansa/ros2N_ws/build/webots_ros2_universal_robot/resource/ur5e_with_gripper.urdf -> /home/cjayahansa/ros2N_ws/install/webots_ros2_universal_robot/share/webots_ros2_universal_robot/resource
symbolically linking /home/cjayahansa/ros2N_ws/build/webots_ros2_universal_robot/resource/webots_abb_description.urdf -> /home/cjayahansa/ros2N_ws/install/webots_ros2_universal_robot/share/webots_ros2_universal_robot/resource
symbolically linking /home/cjayahansa/ros2N_ws/build/webots_ros2_universal_robot/resource/moveit_kinematics.yaml -> /home/cjayahansa/ros2N_ws/install/webots_ros2_universal_robot/share/webots_ros2_universal_robot/resource
symbolically linking /home/cjayahansa/ros2N_ws/build/webots_ros2_universal_robot/resource/ros2_control_abb_config.yaml -> /home/cjayahansa/ros2N_ws/install/webots_ros2_universal_robot/share/webots_ros2_universal_robot/resource
symbolically linking /home/cjayahansa/ros2N_ws/build/webots_ros2_universal_robot/resource/moveit_ur5e.srdf -> /home/cjayahansa/ros2N_ws/install/webots_ros2_universal_robot/share/webots_ros2_universal_robot/resource
symbolically linking /home/cjayahansa/ros2N_ws/build/webots_ros2_universal_robot/resource/moveit_movegroup.yaml -> /home/cjayahansa/ros2N_ws/install/webots_ros2_universal_robot/share/webots_ros2_universal_robot/resource
symbolically linking /home/cjayahansa/ros2N_ws/build/webots_ros2_universal_robot/resource/moveit_visualization.rviz -> /home/cjayahansa/ros2N_ws/install/webots_ros2_universal_robot/share/webots_ros2_universal_robot/resource
symbolically linking /home/cjayahansa/ros2N_ws/build/webots_ros2_universal_robot/resource/moveit_controllers.yaml -> /home/cjayahansa/ros2N_ws/install/webots_ros2_universal_robot/share/webots_ros2_universal_robot/resource
creating /home/cjayahansa/ros2N_ws/install/webots_ros2_universal_robot/share/webots_ros2_universal_robot/resource/Universal_Robots_ROS2_Driver
creating /home/cjayahansa/ros2N_ws/install/webots_ros2_universal_robot/share/webots_ros2_universal_robot/resource/Universal_Robots_ROS2_Driver/ur_description
creating /home/cjayahansa/ros2N_ws/install/webots_ros2_universal_robot/share/webots_ros2_universal_robot/resource/Universal_Robots_ROS2_Driver/ur_description/config
symbolically linking /home/cjayahansa/ros2N_ws/build/webots_ros2_universal_robot/resource/Universal_Robots_ROS2_Driver/ur_description/config/initial_positions.yaml -> /home/cjayahansa/ros2N_ws/install/webots_ros2_universal_robot/share/webots_ros2_universal_robot/resource/Universal_Robots_ROS2_Driver/ur_description/config
creating /home/cjayahansa/ros2N_ws/install/webots_ros2_universal_robot/share/webots_ros2_universal_robot/resource/Universal_Robots_ROS2_Driver/ur_description/config/ur5e
symbolically linking /home/cjayahansa/ros2N_ws/build/webots_ros2_universal_robot/resource/Universal_Robots_ROS2_Driver/ur_description/config/ur5e/joint_limits.yaml -> /home/cjayahansa/ros2N_ws/install/webots_ros2_universal_robot/share/webots_ros2_universal_robot/resource/Universal_Robots_ROS2_Driver/ur_description/config/ur5e
symbolically linking /home/cjayahansa/ros2N_ws/build/webots_ros2_universal_robot/resource/Universal_Robots_ROS2_Driver/ur_description/config/ur5e/visual_parameters.yaml -> /home/cjayahansa/ros2N_ws/install/webots_ros2_universal_robot/share/webots_ros2_universal_robot/resource/Universal_Robots_ROS2_Driver/ur_description/config/ur5e
symbolically linking /home/cjayahansa/ros2N_ws/build/webots_ros2_universal_robot/resource/Universal_Robots_ROS2_Driver/ur_description/config/ur5e/physical_parameters.yaml -> /home/cjayahansa/ros2N_ws/install/webots_ros2_universal_robot/share/webots_ros2_universal_robot/resource/Universal_Robots_ROS2_Driver/ur_description/config/ur5e
symbolically linking /home/cjayahansa/ros2N_ws/build/webots_ros2_universal_robot/resource/Universal_Robots_ROS2_Driver/ur_description/config/ur5e/default_kinematics.yaml -> /home/cjayahansa/ros2N_ws/install/webots_ros2_universal_robot/share/webots_ros2_universal_robot/resource/Universal_Robots_ROS2_Driver/ur_description/config/ur5e
creating /home/cjayahansa/ros2N_ws/install/webots_ros2_universal_robot/share/webots_ros2_universal_robot/resource/Universal_Robots_ROS2_Driver/ur_description/urdf
symbolically linking /home/cjayahansa/ros2N_ws/build/webots_ros2_universal_robot/resource/Universal_Robots_ROS2_Driver/ur_description/urdf/ur_macro.xacro -> /home/cjayahansa/ros2N_ws/install/webots_ros2_universal_robot/share/webots_ros2_universal_robot/resource/Universal_Robots_ROS2_Driver/ur_description/urdf
symbolically linking /home/cjayahansa/ros2N_ws/build/webots_ros2_universal_robot/resource/Universal_Robots_ROS2_Driver/ur_description/urdf/ur.urdf.xacro -> /home/cjayahansa/ros2N_ws/install/webots_ros2_universal_robot/share/webots_ros2_universal_robot/resource/Universal_Robots_ROS2_Driver/ur_description/urdf
symbolically linking /home/cjayahansa/ros2N_ws/build/webots_ros2_universal_robot/resource/Universal_Robots_ROS2_Driver/ur_description/urdf/ur.ros2_control.xacro -> /home/cjayahansa/ros2N_ws/install/webots_ros2_universal_robot/share/webots_ros2_universal_robot/resource/Universal_Robots_ROS2_Driver/ur_description/urdf
creating /home/cjayahansa/ros2N_ws/install/webots_ros2_universal_robot/share/webots_ros2_universal_robot/resource/Universal_Robots_ROS2_Driver/ur_description/urdf/inc
symbolically linking /home/cjayahansa/ros2N_ws/build/webots_ros2_universal_robot/resource/Universal_Robots_ROS2_Driver/ur_description/urdf/inc/ur_common.xacro -> /home/cjayahansa/ros2N_ws/install/webots_ros2_universal_robot/share/webots_ros2_universal_robot/resource/Universal_Robots_ROS2_Driver/ur_description/urdf/inc
symbolically linking /home/cjayahansa/ros2N_ws/build/webots_ros2_universal_robot/resource/Universal_Robots_ROS2_Driver/ur_description/urdf/inc/ur_transmissions.xacro -> /home/cjayahansa/ros2N_ws/install/webots_ros2_universal_robot/share/webots_ros2_universal_robot/resource/Universal_Robots_ROS2_Driver/ur_description/urdf/inc
creating /home/cjayahansa/ros2N_ws/install/webots_ros2_universal_robot/share/webots_ros2_universal_robot/resource/Universal_Robots_ROS2_Driver/ur_description/meshes
creating /home/cjayahansa/ros2N_ws/install/webots_ros2_universal_robot/share/webots_ros2_universal_robot/resource/Universal_Robots_ROS2_Driver/ur_description/meshes/ur5e
creating /home/cjayahansa/ros2N_ws/install/webots_ros2_universal_robot/share/webots_ros2_universal_robot/resource/Universal_Robots_ROS2_Driver/ur_description/meshes/ur5e/visual
symbolically linking /home/cjayahansa/ros2N_ws/build/webots_ros2_universal_robot/resource/Universal_Robots_ROS2_Driver/ur_description/meshes/ur5e/visual/upperarm.dae -> /home/cjayahansa/ros2N_ws/install/webots_ros2_universal_robot/share/webots_ros2_universal_robot/resource/Universal_Robots_ROS2_Driver/ur_description/meshes/ur5e/visual
symbolically linking /home/cjayahansa/ros2N_ws/build/webots_ros2_universal_robot/resource/Universal_Robots_ROS2_Driver/ur_description/meshes/ur5e/visual/wrist1.dae -> /home/cjayahansa/ros2N_ws/install/webots_ros2_universal_robot/share/webots_ros2_universal_robot/resource/Universal_Robots_ROS2_Driver/ur_description/meshes/ur5e/visual
symbolically linking /home/cjayahansa/ros2N_ws/build/webots_ros2_universal_robot/resource/Universal_Robots_ROS2_Driver/ur_description/meshes/ur5e/visual/shoulder.dae -> /home/cjayahansa/ros2N_ws/install/webots_ros2_universal_robot/share/webots_ros2_universal_robot/resource/Universal_Robots_ROS2_Driver/ur_description/meshes/ur5e/visual
symbolically linking /home/cjayahansa/ros2N_ws/build/webots_ros2_universal_robot/resource/Universal_Robots_ROS2_Driver/ur_description/meshes/ur5e/visual/wrist3.dae -> /home/cjayahansa/ros2N_ws/install/webots_ros2_universal_robot/share/webots_ros2_universal_robot/resource/Universal_Robots_ROS2_Driver/ur_description/meshes/ur5e/visual
symbolically linking /home/cjayahansa/ros2N_ws/build/webots_ros2_universal_robot/resource/Universal_Robots_ROS2_Driver/ur_description/meshes/ur5e/visual/wrist2.dae -> /home/cjayahansa/ros2N_ws/install/webots_ros2_universal_robot/share/webots_ros2_universal_robot/resource/Universal_Robots_ROS2_Driver/ur_description/meshes/ur5e/visual
symbolically linking /home/cjayahansa/ros2N_ws/build/webots_ros2_universal_robot/resource/Universal_Robots_ROS2_Driver/ur_description/meshes/ur5e/visual/forearm.dae -> /home/cjayahansa/ros2N_ws/install/webots_ros2_universal_robot/share/webots_ros2_universal_robot/resource/Universal_Robots_ROS2_Driver/ur_description/meshes/ur5e/visual
symbolically linking /home/cjayahansa/ros2N_ws/build/webots_ros2_universal_robot/resource/Universal_Robots_ROS2_Driver/ur_description/meshes/ur5e/visual/base.dae -> /home/cjayahansa/ros2N_ws/install/webots_ros2_universal_robot/share/webots_ros2_universal_robot/resource/Universal_Robots_ROS2_Driver/ur_description/meshes/ur5e/visual
creating /home/cjayahansa/ros2N_ws/install/webots_ros2_universal_robot/share/webots_ros2_universal_robot/resource/Universal_Robots_ROS2_Driver/ur_description/meshes/ur5e/collision
symbolically linking /home/cjayahansa/ros2N_ws/build/webots_ros2_universal_robot/resource/Universal_Robots_ROS2_Driver/ur_description/meshes/ur5e/collision/forearm.stl -> /home/cjayahansa/ros2N_ws/install/webots_ros2_universal_robot/share/webots_ros2_universal_robot/resource/Universal_Robots_ROS2_Driver/ur_description/meshes/ur5e/collision
symbolically linking /home/cjayahansa/ros2N_ws/build/webots_ros2_universal_robot/resource/Universal_Robots_ROS2_Driver/ur_description/meshes/ur5e/collision/wrist2.stl -> /home/cjayahansa/ros2N_ws/install/webots_ros2_universal_robot/share/webots_ros2_universal_robot/resource/Universal_Robots_ROS2_Driver/ur_description/meshes/ur5e/collision
symbolically linking /home/cjayahansa/ros2N_ws/build/webots_ros2_universal_robot/resource/Universal_Robots_ROS2_Driver/ur_description/meshes/ur5e/collision/base.stl -> /home/cjayahansa/ros2N_ws/install/webots_ros2_universal_robot/share/webots_ros2_universal_robot/resource/Universal_Robots_ROS2_Driver/ur_description/meshes/ur5e/collision
symbolically linking /home/cjayahansa/ros2N_ws/build/webots_ros2_universal_robot/resource/Universal_Robots_ROS2_Driver/ur_description/meshes/ur5e/collision/shoulder.stl -> /home/cjayahansa/ros2N_ws/install/webots_ros2_universal_robot/share/webots_ros2_universal_robot/resource/Universal_Robots_ROS2_Driver/ur_description/meshes/ur5e/collision
symbolically linking /home/cjayahansa/ros2N_ws/build/webots_ros2_universal_robot/resource/Universal_Robots_ROS2_Driver/ur_description/meshes/ur5e/collision/wrist1.stl -> /home/cjayahansa/ros2N_ws/install/webots_ros2_universal_robot/share/webots_ros2_universal_robot/resource/Universal_Robots_ROS2_Driver/ur_description/meshes/ur5e/collision
symbolically linking /home/cjayahansa/ros2N_ws/build/webots_ros2_universal_robot/resource/Universal_Robots_ROS2_Driver/ur_description/meshes/ur5e/collision/upperarm.stl -> /home/cjayahansa/ros2N_ws/install/webots_ros2_universal_robot/share/webots_ros2_universal_robot/resource/Universal_Robots_ROS2_Driver/ur_description/meshes/ur5e/collision
symbolically linking /home/cjayahansa/ros2N_ws/build/webots_ros2_universal_robot/resource/Universal_Robots_ROS2_Driver/ur_description/meshes/ur5e/collision/wrist3.stl -> /home/cjayahansa/ros2N_ws/install/webots_ros2_universal_robot/share/webots_ros2_universal_robot/resource/Universal_Robots_ROS2_Driver/ur_description/meshes/ur5e/collision
creating /home/cjayahansa/ros2N_ws/install/webots_ros2_universal_robot/share/webots_ros2_universal_robot/resource/robotiq
creating /home/cjayahansa/ros2N_ws/install/webots_ros2_universal_robot/share/webots_ros2_universal_robot/resource/robotiq/robotiq_3f_gripper_visualization
creating /home/cjayahansa/ros2N_ws/install/webots_ros2_universal_robot/share/webots_ros2_universal_robot/resource/robotiq/robotiq_3f_gripper_visualization/cfg
symbolically linking /home/cjayahansa/ros2N_ws/build/webots_ros2_universal_robot/resource/robotiq/robotiq_3f_gripper_visualization/cfg/robotiq-3f-gripper_finger_articulated_macro.xacro -> /home/cjayahansa/ros2N_ws/install/webots_ros2_universal_robot/share/webots_ros2_universal_robot/resource/robotiq/robotiq_3f_gripper_visualization/cfg
symbolically linking /home/cjayahansa/ros2N_ws/build/webots_ros2_universal_robot/resource/robotiq/robotiq_3f_gripper_visualization/cfg/robotiq-3f-gripper_articulated_macro.xacro -> /home/cjayahansa/ros2N_ws/install/webots_ros2_universal_robot/share/webots_ros2_universal_robot/resource/robotiq/robotiq_3f_gripper_visualization/cfg
creating /home/cjayahansa/ros2N_ws/install/webots_ros2_universal_robot/share/webots_ros2_universal_robot/resource/robotiq/robotiq_3f_gripper_visualization/meshes
creating /home/cjayahansa/ros2N_ws/install/webots_ros2_universal_robot/share/webots_ros2_universal_robot/resource/robotiq/robotiq_3f_gripper_visualization/meshes/robotiq-3f-gripper_articulated
creating /home/cjayahansa/ros2N_ws/install/webots_ros2_universal_robot/share/webots_ros2_universal_robot/resource/robotiq/robotiq_3f_gripper_visualization/meshes/robotiq-3f-gripper_articulated/visual
symbolically linking /home/cjayahansa/ros2N_ws/build/webots_ros2_universal_robot/resource/robotiq/robotiq_3f_gripper_visualization/meshes/robotiq-3f-gripper_articulated/visual/link_3.dae -> /home/cjayahansa/ros2N_ws/install/webots_ros2_universal_robot/share/webots_ros2_universal_robot/resource/robotiq/robotiq_3f_gripper_visualization/meshes/robotiq-3f-gripper_articulated/visual
symbolically linking /home/cjayahansa/ros2N_ws/build/webots_ros2_universal_robot/resource/robotiq/robotiq_3f_gripper_visualization/meshes/robotiq-3f-gripper_articulated/visual/link_1.dae -> /home/cjayahansa/ros2N_ws/install/webots_ros2_universal_robot/share/webots_ros2_universal_robot/resource/robotiq/robotiq_3f_gripper_visualization/meshes/robotiq-3f-gripper_articulated/visual
symbolically linking /home/cjayahansa/ros2N_ws/build/webots_ros2_universal_robot/resource/robotiq/robotiq_3f_gripper_visualization/meshes/robotiq-3f-gripper_articulated/visual/link_0.dae -> /home/cjayahansa/ros2N_ws/install/webots_ros2_universal_robot/share/webots_ros2_universal_robot/resource/robotiq/robotiq_3f_gripper_visualization/meshes/robotiq-3f-gripper_articulated/visual
symbolically linking /home/cjayahansa/ros2N_ws/build/webots_ros2_universal_robot/resource/robotiq/robotiq_3f_gripper_visualization/meshes/robotiq-3f-gripper_articulated/visual/palm.dae -> /home/cjayahansa/ros2N_ws/install/webots_ros2_universal_robot/share/webots_ros2_universal_robot/resource/robotiq/robotiq_3f_gripper_visualization/meshes/robotiq-3f-gripper_articulated/visual
symbolically linking /home/cjayahansa/ros2N_ws/build/webots_ros2_universal_robot/resource/robotiq/robotiq_3f_gripper_visualization/meshes/robotiq-3f-gripper_articulated/visual/link_2.dae -> /home/cjayahansa/ros2N_ws/install/webots_ros2_universal_robot/share/webots_ros2_universal_robot/resource/robotiq/robotiq_3f_gripper_visualization/meshes/robotiq-3f-gripper_articulated/visual
creating /home/cjayahansa/ros2N_ws/install/webots_ros2_universal_robot/share/webots_ros2_universal_robot/resource/robotiq/robotiq_3f_gripper_visualization/meshes/robotiq-3f-gripper_articulated/collision
symbolically linking /home/cjayahansa/ros2N_ws/build/webots_ros2_universal_robot/resource/robotiq/robotiq_3f_gripper_visualization/meshes/robotiq-3f-gripper_articulated/collision/link_1.STL -> /home/cjayahansa/ros2N_ws/install/webots_ros2_universal_robot/share/webots_ros2_universal_robot/resource/robotiq/robotiq_3f_gripper_visualization/meshes/robotiq-3f-gripper_articulated/collision
symbolically linking /home/cjayahansa/ros2N_ws/build/webots_ros2_universal_robot/resource/robotiq/robotiq_3f_gripper_visualization/meshes/robotiq-3f-gripper_articulated/collision/palm.STL -> /home/cjayahansa/ros2N_ws/install/webots_ros2_universal_robot/share/webots_ros2_universal_robot/resource/robotiq/robotiq_3f_gripper_visualization/meshes/robotiq-3f-gripper_articulated/collision
symbolically linking /home/cjayahansa/ros2N_ws/build/webots_ros2_universal_robot/resource/robotiq/robotiq_3f_gripper_visualization/meshes/robotiq-3f-gripper_articulated/collision/link_3.STL -> /home/cjayahansa/ros2N_ws/install/webots_ros2_universal_robot/share/webots_ros2_universal_robot/resource/robotiq/robotiq_3f_gripper_visualization/meshes/robotiq-3f-gripper_articulated/collision
symbolically linking /home/cjayahansa/ros2N_ws/build/webots_ros2_universal_robot/resource/robotiq/robotiq_3f_gripper_visualization/meshes/robotiq-3f-gripper_articulated/collision/link_2.STL -> /home/cjayahansa/ros2N_ws/install/webots_ros2_universal_robot/share/webots_ros2_universal_robot/resource/robotiq/robotiq_3f_gripper_visualization/meshes/robotiq-3f-gripper_articulated/collision
symbolically linking /home/cjayahansa/ros2N_ws/build/webots_ros2_universal_robot/resource/robotiq/robotiq_3f_gripper_visualization/meshes/robotiq-3f-gripper_articulated/collision/link_0.STL -> /home/cjayahansa/ros2N_ws/install/webots_ros2_universal_robot/share/webots_ros2_universal_robot/resource/robotiq/robotiq_3f_gripper_visualization/meshes/robotiq-3f-gripper_articulated/collision
