[1.855s] Invoking command in '/home/cjayahansa/ros2N_ws/build/webots_ros2_universal_robot': AMENT_PREFIX_PATH=/home/cjayahansa/ros2N_ws/install/webots_ros2_importer:/home/cjayahansa/ros2N_ws/install/webots_ros2:/home/cjayahansa/ros2N_ws/install/webots_ros2_universal_robot:/home/cjayahansa/ros2N_ws/install/webots_ros2_turtlebot:/home/cjayahansa/ros2N_ws/install/webots_ros2_tiago:/home/cjayahansa/ros2N_ws/install/webots_ros2_tests:/home/cjayahansa/ros2N_ws/install/webots_ros2_tesla:/home/cjayahansa/ros2N_ws/install/webots_ros2_mavic:/home/cjayahansa/ros2N_ws/install/webots_ros2_husarion:/home/cjayahansa/ros2N_ws/install/webots_ros2_epuck:/home/cjayahansa/ros2N_ws/install/webots_ros2_crazyflie:/home/cjayahansa/ros2N_ws/install/webots_ros2_control:/home/cjayahansa/ros2N_ws/install/webots_ros2_driver:/home/cjayahansa/ros2N_ws/install/webots_ros2_msgs:/home/cjayahansa/ros2_ws/install/my_first_package:/opt/ros/humble PS1=\[\033[01;36m\]\u@\h\[\033[00m\]:\[\033[01;34m\]\w\[\033[00m\]$ PYTHONPATH=/home/cjayahansa/ros2N_ws/build/webots_ros2_universal_robot/prefix_override:/usr/lib/python3/dist-packages/colcon_core/task/python/colcon_distutils_commands:/home/cjayahansa/ros2N_ws/install/webots_ros2_universal_robot/lib/python3.10/site-packages:/home/cjayahansa/ros2N_ws/build/webots_ros2_importer:/home/cjayahansa/ros2N_ws/install/webots_ros2_importer/lib/python3.10/site-packages:/home/cjayahansa/ros2N_ws/install/webots_ros2/lib/python3.10/site-packages:/home/cjayahansa/ros2N_ws/install/webots_ros2_universal_robot/lib/python3.10/site-packages:/home/cjayahansa/ros2N_ws/install/webots_ros2_turtlebot/lib/python3.10/site-packages:/home/cjayahansa/ros2N_ws/install/webots_ros2_tiago/lib/python3.10/site-packages:/home/cjayahansa/ros2N_ws/install/webots_ros2_tests/lib/python3.10/site-packages:/home/cjayahansa/ros2N_ws/install/webots_ros2_tesla/lib/python3.10/site-packages:/home/cjayahansa/ros2N_ws/install/webots_ros2_mavic/lib/python3.10/site-packages:/home/cjayahansa/ros2N_ws/install/webots_ros2_husarion/lib/python3.10/site-packages:/home/cjayahansa/ros2N_ws/install/webots_ros2_epuck/lib/python3.10/site-packages:/home/cjayahansa/ros2N_ws/install/webots_ros2_crazyflie/lib/python3.10/site-packages:/home/cjayahansa/ros2N_ws/install/webots_ros2_driver/local/lib/python3.10/dist-packages:/home/cjayahansa/ros2N_ws/install/webots_ros2_msgs/local/lib/python3.10/dist-packages:/home/cjayahansa/ros2_ws/install/my_first_package/lib/python3.10/site-packages:/opt/ros/humble/lib/python3.10/site-packages:/opt/ros/humble/local/lib/python3.10/dist-packages /usr/bin/python3 -W ignore:setup.py install is deprecated -W ignore:easy_install command is deprecated setup.py develop --editable --build-directory /home/cjayahansa/ros2N_ws/build/webots_ros2_universal_robot/build --no-deps symlink_data
[2.167s] running develop
[2.452s] running egg_info
[2.452s] creating webots_ros2_universal_robot.egg-info
[2.452s] writing webots_ros2_universal_robot.egg-info/PKG-INFO
[2.453s] writing dependency_links to webots_ros2_universal_robot.egg-info/dependency_links.txt
[2.453s] writing entry points to webots_ros2_universal_robot.egg-info/entry_points.txt
[2.453s] writing requirements to webots_ros2_universal_robot.egg-info/requires.txt
[2.453s] writing top-level names to webots_ros2_universal_robot.egg-info/top_level.txt
[2.454s] writing manifest file 'webots_ros2_universal_robot.egg-info/SOURCES.txt'
[2.459s] reading manifest file 'webots_ros2_universal_robot.egg-info/SOURCES.txt'
[2.461s] writing manifest file 'webots_ros2_universal_robot.egg-info/SOURCES.txt'
[2.464s] running build_ext
[2.464s] Creating /home/cjayahansa/ros2N_ws/install/webots_ros2_universal_robot/lib/python3.10/site-packages/webots-ros2-universal-robot.egg-link (link to .)
[2.466s] Installing abb_controller script to /home/cjayahansa/ros2N_ws/install/webots_ros2_universal_robot/lib/webots_ros2_universal_robot
[2.468s] Installing ur5e_controller script to /home/cjayahansa/ros2N_ws/install/webots_ros2_universal_robot/lib/webots_ros2_universal_robot
[2.468s] 
[2.468s] Installed /home/cjayahansa/ros2N_ws/build/webots_ros2_universal_robot
[2.468s] running symlink_data
[2.468s] creating /home/cjayahansa/ros2N_ws/install/webots_ros2_universal_robot/share/ament_index
[2.468s] creating /home/cjayahansa/ros2N_ws/install/webots_ros2_universal_robot/share/ament_index/resource_index
[2.468s] creating /home/cjayahansa/ros2N_ws/install/webots_ros2_universal_robot/share/ament_index/resource_index/packages
[2.468s] symbolically linking /home/cjayahansa/ros2N_ws/build/webots_ros2_universal_robot/resource/webots_ros2_universal_robot -> /home/cjayahansa/ros2N_ws/install/webots_ros2_universal_robot/share/ament_index/resource_index/packages
[2.468s] creating /home/cjayahansa/ros2N_ws/install/webots_ros2_universal_robot/share/webots_ros2_universal_robot/launch
[2.468s] symbolically linking /home/cjayahansa/ros2N_ws/build/webots_ros2_universal_robot/launch/robot_launch/robot_nodes_launch.py -> /home/cjayahansa/ros2N_ws/install/webots_ros2_universal_robot/share/webots_ros2_universal_robot/launch
[2.468s] symbolically linking /home/cjayahansa/ros2N_ws/build/webots_ros2_universal_robot/launch/robot_launch/robot_world_launch.py -> /home/cjayahansa/ros2N_ws/install/webots_ros2_universal_robot/share/webots_ros2_universal_robot/launch
[2.468s] symbolically linking /home/cjayahansa/ros2N_ws/build/webots_ros2_universal_robot/launch/robot_launch/robot_moveit_nodes_launch.py -> /home/cjayahansa/ros2N_ws/install/webots_ros2_universal_robot/share/webots_ros2_universal_robot/launch
[2.468s] symbolically linking /home/cjayahansa/ros2N_ws/build/webots_ros2_universal_robot/launch/multirobot_launch.py -> /home/cjayahansa/ros2N_ws/install/webots_ros2_universal_robot/share/webots_ros2_universal_robot/launch
[2.468s] creating /home/cjayahansa/ros2N_ws/install/webots_ros2_universal_robot/share/webots_ros2_universal_robot/worlds
[2.468s] symbolically linking /home/cjayahansa/ros2N_ws/build/webots_ros2_universal_robot/worlds/universal_robot.wbt -> /home/cjayahansa/ros2N_ws/install/webots_ros2_universal_robot/share/webots_ros2_universal_robot/worlds
[2.468s] symbolically linking /home/cjayahansa/ros2N_ws/build/webots_ros2_universal_robot/worlds/.universal_robot.wbproj -> /home/cjayahansa/ros2N_ws/install/webots_ros2_universal_robot/share/webots_ros2_universal_robot/worlds
[2.469s] symbolically linking /home/cjayahansa/ros2N_ws/build/webots_ros2_universal_robot/worlds/robotic_arms.wbt -> /home/cjayahansa/ros2N_ws/install/webots_ros2_universal_robot/share/webots_ros2_universal_robot/worlds
[2.469s] symbolically linking /home/cjayahansa/ros2N_ws/build/webots_ros2_universal_robot/worlds/.robotic_arms.wbproj -> /home/cjayahansa/ros2N_ws/install/webots_ros2_universal_robot/share/webots_ros2_universal_robot/worlds
[2.469s] symbolically linking /home/cjayahansa/ros2N_ws/build/webots_ros2_universal_robot/package.xml -> /home/cjayahansa/ros2N_ws/install/webots_ros2_universal_robot/share/webots_ros2_universal_robot
[2.469s] creating /home/cjayahansa/ros2N_ws/install/webots_ros2_universal_robot/share/webots_ros2_universal_robot/resource
[2.469s] symbolically linking /home/cjayahansa/ros2N_ws/build/webots_ros2_universal_robot/resource/ur5e_with_gripper.urdf.xacro -> /home/cjayahansa/ros2N_ws/install/webots_ros2_universal_robot/share/webots_ros2_universal_robot/resource
[2.469s] symbolically linking /home/cjayahansa/ros2N_ws/build/webots_ros2_universal_robot/resource/ros2_control_config.yaml -> /home/cjayahansa/ros2N_ws/install/webots_ros2_universal_robot/share/webots_ros2_universal_robot/resource
[2.469s] symbolically linking /home/cjayahansa/ros2N_ws/build/webots_ros2_universal_robot/resource/ur5e_with_gripper.urdf -> /home/cjayahansa/ros2N_ws/install/webots_ros2_universal_robot/share/webots_ros2_universal_robot/resource
[2.469s] symbolically linking /home/cjayahansa/ros2N_ws/build/webots_ros2_universal_robot/resource/webots_abb_description.urdf -> /home/cjayahansa/ros2N_ws/install/webots_ros2_universal_robot/share/webots_ros2_universal_robot/resource
[2.469s] symbolically linking /home/cjayahansa/ros2N_ws/build/webots_ros2_universal_robot/resource/moveit_kinematics.yaml -> /home/cjayahansa/ros2N_ws/install/webots_ros2_universal_robot/share/webots_ros2_universal_robot/resource
[2.470s] symbolically linking /home/cjayahansa/ros2N_ws/build/webots_ros2_universal_robot/resource/ros2_control_abb_config.yaml -> /home/cjayahansa/ros2N_ws/install/webots_ros2_universal_robot/share/webots_ros2_universal_robot/resource
[2.470s] symbolically linking /home/cjayahansa/ros2N_ws/build/webots_ros2_universal_robot/resource/moveit_ur5e.srdf -> /home/cjayahansa/ros2N_ws/install/webots_ros2_universal_robot/share/webots_ros2_universal_robot/resource
[2.470s] symbolically linking /home/cjayahansa/ros2N_ws/build/webots_ros2_universal_robot/resource/moveit_movegroup.yaml -> /home/cjayahansa/ros2N_ws/install/webots_ros2_universal_robot/share/webots_ros2_universal_robot/resource
[2.470s] symbolically linking /home/cjayahansa/ros2N_ws/build/webots_ros2_universal_robot/resource/moveit_visualization.rviz -> /home/cjayahansa/ros2N_ws/install/webots_ros2_universal_robot/share/webots_ros2_universal_robot/resource
[2.470s] symbolically linking /home/cjayahansa/ros2N_ws/build/webots_ros2_universal_robot/resource/moveit_controllers.yaml -> /home/cjayahansa/ros2N_ws/install/webots_ros2_universal_robot/share/webots_ros2_universal_robot/resource
[2.470s] creating /home/cjayahansa/ros2N_ws/install/webots_ros2_universal_robot/share/webots_ros2_universal_robot/resource/Universal_Robots_ROS2_Driver
[2.470s] creating /home/cjayahansa/ros2N_ws/install/webots_ros2_universal_robot/share/webots_ros2_universal_robot/resource/Universal_Robots_ROS2_Driver/ur_description
[2.470s] creating /home/cjayahansa/ros2N_ws/install/webots_ros2_universal_robot/share/webots_ros2_universal_robot/resource/Universal_Robots_ROS2_Driver/ur_description/config
[2.470s] symbolically linking /home/cjayahansa/ros2N_ws/build/webots_ros2_universal_robot/resource/Universal_Robots_ROS2_Driver/ur_description/config/initial_positions.yaml -> /home/cjayahansa/ros2N_ws/install/webots_ros2_universal_robot/share/webots_ros2_universal_robot/resource/Universal_Robots_ROS2_Driver/ur_description/config
[2.470s] creating /home/cjayahansa/ros2N_ws/install/webots_ros2_universal_robot/share/webots_ros2_universal_robot/resource/Universal_Robots_ROS2_Driver/ur_description/config/ur5e
[2.470s] symbolically linking /home/cjayahansa/ros2N_ws/build/webots_ros2_universal_robot/resource/Universal_Robots_ROS2_Driver/ur_description/config/ur5e/joint_limits.yaml -> /home/cjayahansa/ros2N_ws/install/webots_ros2_universal_robot/share/webots_ros2_universal_robot/resource/Universal_Robots_ROS2_Driver/ur_description/config/ur5e
[2.471s] symbolically linking /home/cjayahansa/ros2N_ws/build/webots_ros2_universal_robot/resource/Universal_Robots_ROS2_Driver/ur_description/config/ur5e/visual_parameters.yaml -> /home/cjayahansa/ros2N_ws/install/webots_ros2_universal_robot/share/webots_ros2_universal_robot/resource/Universal_Robots_ROS2_Driver/ur_description/config/ur5e
[2.472s] symbolically linking /home/cjayahansa/ros2N_ws/build/webots_ros2_universal_robot/resource/Universal_Robots_ROS2_Driver/ur_description/config/ur5e/physical_parameters.yaml -> /home/cjayahansa/ros2N_ws/install/webots_ros2_universal_robot/share/webots_ros2_universal_robot/resource/Universal_Robots_ROS2_Driver/ur_description/config/ur5e
[2.472s] symbolically linking /home/cjayahansa/ros2N_ws/build/webots_ros2_universal_robot/resource/Universal_Robots_ROS2_Driver/ur_description/config/ur5e/default_kinematics.yaml -> /home/cjayahansa/ros2N_ws/install/webots_ros2_universal_robot/share/webots_ros2_universal_robot/resource/Universal_Robots_ROS2_Driver/ur_description/config/ur5e
[2.472s] creating /home/cjayahansa/ros2N_ws/install/webots_ros2_universal_robot/share/webots_ros2_universal_robot/resource/Universal_Robots_ROS2_Driver/ur_description/urdf
[2.472s] symbolically linking /home/cjayahansa/ros2N_ws/build/webots_ros2_universal_robot/resource/Universal_Robots_ROS2_Driver/ur_description/urdf/ur_macro.xacro -> /home/cjayahansa/ros2N_ws/install/webots_ros2_universal_robot/share/webots_ros2_universal_robot/resource/Universal_Robots_ROS2_Driver/ur_description/urdf
[2.472s] symbolically linking /home/cjayahansa/ros2N_ws/build/webots_ros2_universal_robot/resource/Universal_Robots_ROS2_Driver/ur_description/urdf/ur.urdf.xacro -> /home/cjayahansa/ros2N_ws/install/webots_ros2_universal_robot/share/webots_ros2_universal_robot/resource/Universal_Robots_ROS2_Driver/ur_description/urdf
[2.472s] symbolically linking /home/cjayahansa/ros2N_ws/build/webots_ros2_universal_robot/resource/Universal_Robots_ROS2_Driver/ur_description/urdf/ur.ros2_control.xacro -> /home/cjayahansa/ros2N_ws/install/webots_ros2_universal_robot/share/webots_ros2_universal_robot/resource/Universal_Robots_ROS2_Driver/ur_description/urdf
[2.472s] creating /home/cjayahansa/ros2N_ws/install/webots_ros2_universal_robot/share/webots_ros2_universal_robot/resource/Universal_Robots_ROS2_Driver/ur_description/urdf/inc
[2.472s] symbolically linking /home/cjayahansa/ros2N_ws/build/webots_ros2_universal_robot/resource/Universal_Robots_ROS2_Driver/ur_description/urdf/inc/ur_common.xacro -> /home/cjayahansa/ros2N_ws/install/webots_ros2_universal_robot/share/webots_ros2_universal_robot/resource/Universal_Robots_ROS2_Driver/ur_description/urdf/inc
[2.472s] symbolically linking /home/cjayahansa/ros2N_ws/build/webots_ros2_universal_robot/resource/Universal_Robots_ROS2_Driver/ur_description/urdf/inc/ur_transmissions.xacro -> /home/cjayahansa/ros2N_ws/install/webots_ros2_universal_robot/share/webots_ros2_universal_robot/resource/Universal_Robots_ROS2_Driver/ur_description/urdf/inc
[2.472s] creating /home/cjayahansa/ros2N_ws/install/webots_ros2_universal_robot/share/webots_ros2_universal_robot/resource/Universal_Robots_ROS2_Driver/ur_description/meshes
[2.472s] creating /home/cjayahansa/ros2N_ws/install/webots_ros2_universal_robot/share/webots_ros2_universal_robot/resource/Universal_Robots_ROS2_Driver/ur_description/meshes/ur5e
[2.473s] creating /home/cjayahansa/ros2N_ws/install/webots_ros2_universal_robot/share/webots_ros2_universal_robot/resource/Universal_Robots_ROS2_Driver/ur_description/meshes/ur5e/visual
[2.473s] symbolically linking /home/cjayahansa/ros2N_ws/build/webots_ros2_universal_robot/resource/Universal_Robots_ROS2_Driver/ur_description/meshes/ur5e/visual/upperarm.dae -> /home/cjayahansa/ros2N_ws/install/webots_ros2_universal_robot/share/webots_ros2_universal_robot/resource/Universal_Robots_ROS2_Driver/ur_description/meshes/ur5e/visual
[2.473s] symbolically linking /home/cjayahansa/ros2N_ws/build/webots_ros2_universal_robot/resource/Universal_Robots_ROS2_Driver/ur_description/meshes/ur5e/visual/wrist1.dae -> /home/cjayahansa/ros2N_ws/install/webots_ros2_universal_robot/share/webots_ros2_universal_robot/resource/Universal_Robots_ROS2_Driver/ur_description/meshes/ur5e/visual
[2.473s] symbolically linking /home/cjayahansa/ros2N_ws/build/webots_ros2_universal_robot/resource/Universal_Robots_ROS2_Driver/ur_description/meshes/ur5e/visual/shoulder.dae -> /home/cjayahansa/ros2N_ws/install/webots_ros2_universal_robot/share/webots_ros2_universal_robot/resource/Universal_Robots_ROS2_Driver/ur_description/meshes/ur5e/visual
[2.474s] symbolically linking /home/cjayahansa/ros2N_ws/build/webots_ros2_universal_robot/resource/Universal_Robots_ROS2_Driver/ur_description/meshes/ur5e/visual/wrist3.dae -> /home/cjayahansa/ros2N_ws/install/webots_ros2_universal_robot/share/webots_ros2_universal_robot/resource/Universal_Robots_ROS2_Driver/ur_description/meshes/ur5e/visual
[2.474s] symbolically linking /home/cjayahansa/ros2N_ws/build/webots_ros2_universal_robot/resource/Universal_Robots_ROS2_Driver/ur_description/meshes/ur5e/visual/wrist2.dae -> /home/cjayahansa/ros2N_ws/install/webots_ros2_universal_robot/share/webots_ros2_universal_robot/resource/Universal_Robots_ROS2_Driver/ur_description/meshes/ur5e/visual
[2.474s] symbolically linking /home/cjayahansa/ros2N_ws/build/webots_ros2_universal_robot/resource/Universal_Robots_ROS2_Driver/ur_description/meshes/ur5e/visual/forearm.dae -> /home/cjayahansa/ros2N_ws/install/webots_ros2_universal_robot/share/webots_ros2_universal_robot/resource/Universal_Robots_ROS2_Driver/ur_description/meshes/ur5e/visual
[2.474s] symbolically linking /home/cjayahansa/ros2N_ws/build/webots_ros2_universal_robot/resource/Universal_Robots_ROS2_Driver/ur_description/meshes/ur5e/visual/base.dae -> /home/cjayahansa/ros2N_ws/install/webots_ros2_universal_robot/share/webots_ros2_universal_robot/resource/Universal_Robots_ROS2_Driver/ur_description/meshes/ur5e/visual
[2.474s] creating /home/cjayahansa/ros2N_ws/install/webots_ros2_universal_robot/share/webots_ros2_universal_robot/resource/Universal_Robots_ROS2_Driver/ur_description/meshes/ur5e/collision
[2.475s] symbolically linking /home/cjayahansa/ros2N_ws/build/webots_ros2_universal_robot/resource/Universal_Robots_ROS2_Driver/ur_description/meshes/ur5e/collision/forearm.stl -> /home/cjayahansa/ros2N_ws/install/webots_ros2_universal_robot/share/webots_ros2_universal_robot/resource/Universal_Robots_ROS2_Driver/ur_description/meshes/ur5e/collision
[2.475s] symbolically linking /home/cjayahansa/ros2N_ws/build/webots_ros2_universal_robot/resource/Universal_Robots_ROS2_Driver/ur_description/meshes/ur5e/collision/wrist2.stl -> /home/cjayahansa/ros2N_ws/install/webots_ros2_universal_robot/share/webots_ros2_universal_robot/resource/Universal_Robots_ROS2_Driver/ur_description/meshes/ur5e/collision
[2.475s] symbolically linking /home/cjayahansa/ros2N_ws/build/webots_ros2_universal_robot/resource/Universal_Robots_ROS2_Driver/ur_description/meshes/ur5e/collision/base.stl -> /home/cjayahansa/ros2N_ws/install/webots_ros2_universal_robot/share/webots_ros2_universal_robot/resource/Universal_Robots_ROS2_Driver/ur_description/meshes/ur5e/collision
[2.475s] symbolically linking /home/cjayahansa/ros2N_ws/build/webots_ros2_universal_robot/resource/Universal_Robots_ROS2_Driver/ur_description/meshes/ur5e/collision/shoulder.stl -> /home/cjayahansa/ros2N_ws/install/webots_ros2_universal_robot/share/webots_ros2_universal_robot/resource/Universal_Robots_ROS2_Driver/ur_description/meshes/ur5e/collision
[2.475s] symbolically linking /home/cjayahansa/ros2N_ws/build/webots_ros2_universal_robot/resource/Universal_Robots_ROS2_Driver/ur_description/meshes/ur5e/collision/wrist1.stl -> /home/cjayahansa/ros2N_ws/install/webots_ros2_universal_robot/share/webots_ros2_universal_robot/resource/Universal_Robots_ROS2_Driver/ur_description/meshes/ur5e/collision
[2.475s] symbolically linking /home/cjayahansa/ros2N_ws/build/webots_ros2_universal_robot/resource/Universal_Robots_ROS2_Driver/ur_description/meshes/ur5e/collision/upperarm.stl -> /home/cjayahansa/ros2N_ws/install/webots_ros2_universal_robot/share/webots_ros2_universal_robot/resource/Universal_Robots_ROS2_Driver/ur_description/meshes/ur5e/collision
[2.475s] symbolically linking /home/cjayahansa/ros2N_ws/build/webots_ros2_universal_robot/resource/Universal_Robots_ROS2_Driver/ur_description/meshes/ur5e/collision/wrist3.stl -> /home/cjayahansa/ros2N_ws/install/webots_ros2_universal_robot/share/webots_ros2_universal_robot/resource/Universal_Robots_ROS2_Driver/ur_description/meshes/ur5e/collision
[2.475s] creating /home/cjayahansa/ros2N_ws/install/webots_ros2_universal_robot/share/webots_ros2_universal_robot/resource/robotiq
[2.475s] creating /home/cjayahansa/ros2N_ws/install/webots_ros2_universal_robot/share/webots_ros2_universal_robot/resource/robotiq/robotiq_3f_gripper_visualization
[2.475s] creating /home/cjayahansa/ros2N_ws/install/webots_ros2_universal_robot/share/webots_ros2_universal_robot/resource/robotiq/robotiq_3f_gripper_visualization/cfg
[2.475s] symbolically linking /home/cjayahansa/ros2N_ws/build/webots_ros2_universal_robot/resource/robotiq/robotiq_3f_gripper_visualization/cfg/robotiq-3f-gripper_finger_articulated_macro.xacro -> /home/cjayahansa/ros2N_ws/install/webots_ros2_universal_robot/share/webots_ros2_universal_robot/resource/robotiq/robotiq_3f_gripper_visualization/cfg
[2.475s] symbolically linking /home/cjayahansa/ros2N_ws/build/webots_ros2_universal_robot/resource/robotiq/robotiq_3f_gripper_visualization/cfg/robotiq-3f-gripper_articulated_macro.xacro -> /home/cjayahansa/ros2N_ws/install/webots_ros2_universal_robot/share/webots_ros2_universal_robot/resource/robotiq/robotiq_3f_gripper_visualization/cfg
[2.475s] creating /home/cjayahansa/ros2N_ws/install/webots_ros2_universal_robot/share/webots_ros2_universal_robot/resource/robotiq/robotiq_3f_gripper_visualization/meshes
[2.475s] creating /home/cjayahansa/ros2N_ws/install/webots_ros2_universal_robot/share/webots_ros2_universal_robot/resource/robotiq/robotiq_3f_gripper_visualization/meshes/robotiq-3f-gripper_articulated
[2.476s] creating /home/cjayahansa/ros2N_ws/install/webots_ros2_universal_robot/share/webots_ros2_universal_robot/resource/robotiq/robotiq_3f_gripper_visualization/meshes/robotiq-3f-gripper_articulated/visual
[2.476s] symbolically linking /home/cjayahansa/ros2N_ws/build/webots_ros2_universal_robot/resource/robotiq/robotiq_3f_gripper_visualization/meshes/robotiq-3f-gripper_articulated/visual/link_3.dae -> /home/cjayahansa/ros2N_ws/install/webots_ros2_universal_robot/share/webots_ros2_universal_robot/resource/robotiq/robotiq_3f_gripper_visualization/meshes/robotiq-3f-gripper_articulated/visual
[2.476s] symbolically linking /home/cjayahansa/ros2N_ws/build/webots_ros2_universal_robot/resource/robotiq/robotiq_3f_gripper_visualization/meshes/robotiq-3f-gripper_articulated/visual/link_1.dae -> /home/cjayahansa/ros2N_ws/install/webots_ros2_universal_robot/share/webots_ros2_universal_robot/resource/robotiq/robotiq_3f_gripper_visualization/meshes/robotiq-3f-gripper_articulated/visual
[2.476s] symbolically linking /home/cjayahansa/ros2N_ws/build/webots_ros2_universal_robot/resource/robotiq/robotiq_3f_gripper_visualization/meshes/robotiq-3f-gripper_articulated/visual/link_0.dae -> /home/cjayahansa/ros2N_ws/install/webots_ros2_universal_robot/share/webots_ros2_universal_robot/resource/robotiq/robotiq_3f_gripper_visualization/meshes/robotiq-3f-gripper_articulated/visual
[2.476s] symbolically linking /home/cjayahansa/ros2N_ws/build/webots_ros2_universal_robot/resource/robotiq/robotiq_3f_gripper_visualization/meshes/robotiq-3f-gripper_articulated/visual/palm.dae -> /home/cjayahansa/ros2N_ws/install/webots_ros2_universal_robot/share/webots_ros2_universal_robot/resource/robotiq/robotiq_3f_gripper_visualization/meshes/robotiq-3f-gripper_articulated/visual
[2.476s] symbolically linking /home/cjayahansa/ros2N_ws/build/webots_ros2_universal_robot/resource/robotiq/robotiq_3f_gripper_visualization/meshes/robotiq-3f-gripper_articulated/visual/link_2.dae -> /home/cjayahansa/ros2N_ws/install/webots_ros2_universal_robot/share/webots_ros2_universal_robot/resource/robotiq/robotiq_3f_gripper_visualization/meshes/robotiq-3f-gripper_articulated/visual
[2.476s] creating /home/cjayahansa/ros2N_ws/install/webots_ros2_universal_robot/share/webots_ros2_universal_robot/resource/robotiq/robotiq_3f_gripper_visualization/meshes/robotiq-3f-gripper_articulated/collision
[2.476s] symbolically linking /home/cjayahansa/ros2N_ws/build/webots_ros2_universal_robot/resource/robotiq/robotiq_3f_gripper_visualization/meshes/robotiq-3f-gripper_articulated/collision/link_1.STL -> /home/cjayahansa/ros2N_ws/install/webots_ros2_universal_robot/share/webots_ros2_universal_robot/resource/robotiq/robotiq_3f_gripper_visualization/meshes/robotiq-3f-gripper_articulated/collision
[2.476s] symbolically linking /home/cjayahansa/ros2N_ws/build/webots_ros2_universal_robot/resource/robotiq/robotiq_3f_gripper_visualization/meshes/robotiq-3f-gripper_articulated/collision/palm.STL -> /home/cjayahansa/ros2N_ws/install/webots_ros2_universal_robot/share/webots_ros2_universal_robot/resource/robotiq/robotiq_3f_gripper_visualization/meshes/robotiq-3f-gripper_articulated/collision
[2.476s] symbolically linking /home/cjayahansa/ros2N_ws/build/webots_ros2_universal_robot/resource/robotiq/robotiq_3f_gripper_visualization/meshes/robotiq-3f-gripper_articulated/collision/link_3.STL -> /home/cjayahansa/ros2N_ws/install/webots_ros2_universal_robot/share/webots_ros2_universal_robot/resource/robotiq/robotiq_3f_gripper_visualization/meshes/robotiq-3f-gripper_articulated/collision
[2.476s] symbolically linking /home/cjayahansa/ros2N_ws/build/webots_ros2_universal_robot/resource/robotiq/robotiq_3f_gripper_visualization/meshes/robotiq-3f-gripper_articulated/collision/link_2.STL -> /home/cjayahansa/ros2N_ws/install/webots_ros2_universal_robot/share/webots_ros2_universal_robot/resource/robotiq/robotiq_3f_gripper_visualization/meshes/robotiq-3f-gripper_articulated/collision
[2.476s] symbolically linking /home/cjayahansa/ros2N_ws/build/webots_ros2_universal_robot/resource/robotiq/robotiq_3f_gripper_visualization/meshes/robotiq-3f-gripper_articulated/collision/link_0.STL -> /home/cjayahansa/ros2N_ws/install/webots_ros2_universal_robot/share/webots_ros2_universal_robot/resource/robotiq/robotiq_3f_gripper_visualization/meshes/robotiq-3f-gripper_articulated/collision
[2.534s] Invoked command in '/home/cjayahansa/ros2N_ws/build/webots_ros2_universal_robot' returned '0': AMENT_PREFIX_PATH=/home/cjayahansa/ros2N_ws/install/webots_ros2_importer:/home/cjayahansa/ros2N_ws/install/webots_ros2:/home/cjayahansa/ros2N_ws/install/webots_ros2_universal_robot:/home/cjayahansa/ros2N_ws/install/webots_ros2_turtlebot:/home/cjayahansa/ros2N_ws/install/webots_ros2_tiago:/home/cjayahansa/ros2N_ws/install/webots_ros2_tests:/home/cjayahansa/ros2N_ws/install/webots_ros2_tesla:/home/cjayahansa/ros2N_ws/install/webots_ros2_mavic:/home/cjayahansa/ros2N_ws/install/webots_ros2_husarion:/home/cjayahansa/ros2N_ws/install/webots_ros2_epuck:/home/cjayahansa/ros2N_ws/install/webots_ros2_crazyflie:/home/cjayahansa/ros2N_ws/install/webots_ros2_control:/home/cjayahansa/ros2N_ws/install/webots_ros2_driver:/home/cjayahansa/ros2N_ws/install/webots_ros2_msgs:/home/cjayahansa/ros2_ws/install/my_first_package:/opt/ros/humble PS1=\[\033[01;36m\]\u@\h\[\033[00m\]:\[\033[01;34m\]\w\[\033[00m\]$ PYTHONPATH=/home/cjayahansa/ros2N_ws/build/webots_ros2_universal_robot/prefix_override:/usr/lib/python3/dist-packages/colcon_core/task/python/colcon_distutils_commands:/home/cjayahansa/ros2N_ws/install/webots_ros2_universal_robot/lib/python3.10/site-packages:/home/cjayahansa/ros2N_ws/build/webots_ros2_importer:/home/cjayahansa/ros2N_ws/install/webots_ros2_importer/lib/python3.10/site-packages:/home/cjayahansa/ros2N_ws/install/webots_ros2/lib/python3.10/site-packages:/home/cjayahansa/ros2N_ws/install/webots_ros2_universal_robot/lib/python3.10/site-packages:/home/cjayahansa/ros2N_ws/install/webots_ros2_turtlebot/lib/python3.10/site-packages:/home/cjayahansa/ros2N_ws/install/webots_ros2_tiago/lib/python3.10/site-packages:/home/cjayahansa/ros2N_ws/install/webots_ros2_tests/lib/python3.10/site-packages:/home/cjayahansa/ros2N_ws/install/webots_ros2_tesla/lib/python3.10/site-packages:/home/cjayahansa/ros2N_ws/install/webots_ros2_mavic/lib/python3.10/site-packages:/home/cjayahansa/ros2N_ws/install/webots_ros2_husarion/lib/python3.10/site-packages:/home/cjayahansa/ros2N_ws/install/webots_ros2_epuck/lib/python3.10/site-packages:/home/cjayahansa/ros2N_ws/install/webots_ros2_crazyflie/lib/python3.10/site-packages:/home/cjayahansa/ros2N_ws/install/webots_ros2_driver/local/lib/python3.10/dist-packages:/home/cjayahansa/ros2N_ws/install/webots_ros2_msgs/local/lib/python3.10/dist-packages:/home/cjayahansa/ros2_ws/install/my_first_package/lib/python3.10/site-packages:/opt/ros/humble/lib/python3.10/site-packages:/opt/ros/humble/local/lib/python3.10/dist-packages /usr/bin/python3 -W ignore:setup.py install is deprecated -W ignore:easy_install command is deprecated setup.py develop --editable --build-directory /home/cjayahansa/ros2N_ws/build/webots_ros2_universal_robot/build --no-deps symlink_data
